Component: Arm Compiler for Embedded 6.24 Tool: armlink [5f371500]

==============================================================================

Section Cross References

    startup_stm32f407xx.o(RESET) refers to startup_stm32f407xx.o(STACK) for __initial_sp
    startup_stm32f407xx.o(RESET) refers to startup_stm32f407xx.o(.text) for Reset_Handler
    startup_stm32f407xx.o(RESET) refers to stm32f4xx_it.o(.text.NMI_Handler) for NMI_Handler
    startup_stm32f407xx.o(RESET) refers to stm32f4xx_it.o(.text.HardFault_Handler) for HardFault_Handler
    startup_stm32f407xx.o(RESET) refers to stm32f4xx_it.o(.text.MemManage_Handler) for MemManage_Handler
    startup_stm32f407xx.o(RESET) refers to stm32f4xx_it.o(.text.BusFault_Handler) for BusFault_Handler
    startup_stm32f407xx.o(RESET) refers to stm32f4xx_it.o(.text.UsageFault_Handler) for UsageFault_Handler
    startup_stm32f407xx.o(RESET) refers to stm32f4xx_it.o(.text.SVC_Handler) for SVC_Handler
    startup_stm32f407xx.o(RESET) refers to stm32f4xx_it.o(.text.DebugMon_Handler) for DebugMon_Handler
    startup_stm32f407xx.o(RESET) refers to stm32f4xx_it.o(.text.PendSV_Handler) for PendSV_Handler
    startup_stm32f407xx.o(RESET) refers to stm32f4xx_it.o(.text.SysTick_Handler) for SysTick_Handler
    startup_stm32f407xx.o(RESET) refers to stm32f4xx_it.o(.text.EXTI3_IRQHandler) for EXTI3_IRQHandler
    startup_stm32f407xx.o(RESET) refers to stm32f4xx_it.o(.text.EXTI4_IRQHandler) for EXTI4_IRQHandler
    startup_stm32f407xx.o(RESET) refers to stm32f4xx_it.o(.text.EXTI9_5_IRQHandler) for EXTI9_5_IRQHandler
    startup_stm32f407xx.o(RESET) refers to el9800hw.o(.text.TIM2_IRQHandler) for TIM2_IRQHandler
    startup_stm32f407xx.o(RESET) refers to stm32f4xx_it.o(.text.TIM6_DAC_IRQHandler) for TIM6_DAC_IRQHandler
    startup_stm32f407xx.o(RESET) refers to stm32f4xx_it.o(.text.TIM7_IRQHandler) for TIM7_IRQHandler
    startup_stm32f407xx.o(.text) refers to system_stm32f4xx.o(.text.SystemInit) for SystemInit
    startup_stm32f407xx.o(.text) refers to entry.o(.ARM.Collect$$$$00000000) for __main
    main.o(.text.main) refers to stm32f4xx_hal.o(.text.HAL_Init) for HAL_Init
    main.o(.text.main) refers to main.o(.text.SystemClock_Config) for SystemClock_Config
    main.o(.text.main) refers to gpio.o(.text.MX_GPIO_Init) for MX_GPIO_Init
    main.o(.text.main) refers to tim.o(.text.MX_TIM6_Init) for MX_TIM6_Init
    main.o(.text.main) refers to spi.o(.text.MX_SPI3_Init) for MX_SPI3_Init
    main.o(.text.main) refers to tim.o(.text.MX_TIM7_Init) for MX_TIM7_Init
    main.o(.text.main) refers to usart.o(.text.MX_USART1_UART_Init) for MX_USART1_UART_Init
    main.o(.text.main) refers to main.o(.rodata.str1.1) for .L.str
    main.o(.text.main) refers to printfa.o(i.__0printf) for printf
    main.o(.text.main) refers to galvo_xy2_100.o(.text.GalvoXY2_Init) for GalvoXY2_Init
    main.o(.text.main) refers to oled_status.o(.text.OledStatus_Init) for OledStatus_Init
    main.o(.text.main) refers to tim.o(.bss.htim7) for htim7
    main.o(.text.main) refers to stm32f4xx_hal_tim.o(.text.HAL_TIM_Base_Start_IT) for HAL_TIM_Base_Start_IT
    main.o(.text.main) refers to el9800hw.o(.text.HW_Init) for HW_Init
    main.o(.text.main) refers to ecatappl.o(.text.MainInit) for MainInit
    main.o(.text.main) refers to ecatappl.o(.bss.bRunApplication) for bRunApplication
    main.o(.text.main) refers to ecatappl.o(.text.MainLoop) for MainLoop
    main.o(.text.main) refers to oled_status.o(.text.OledStatus_Task) for OledStatus_Task
    main.o(.text.main) refers to el9800hw.o(.text.HW_Release) for HW_Release
    main.o(.text.main) refers to stm32f4xx_hal.o(.text.HAL_Delay) for HAL_Delay
    main.o(.ARM.exidx.text.main) refers to main.o(.text.main) for [Anonymous Symbol]
    main.o(.text.SystemClock_Config) refers to memseta.o(.text) for __aeabi_memclr4
    main.o(.text.SystemClock_Config) refers to stm32f4xx_hal_rcc.o(.text.HAL_RCC_OscConfig) for HAL_RCC_OscConfig
    main.o(.text.SystemClock_Config) refers to main.o(.text.Error_Handler) for Error_Handler
    main.o(.text.SystemClock_Config) refers to stm32f4xx_hal_rcc.o(.text.HAL_RCC_ClockConfig) for HAL_RCC_ClockConfig
    main.o(.text.SystemClock_Config) refers to stm32f4xx_hal_rcc.o(.text.HAL_RCC_EnableCSS) for HAL_RCC_EnableCSS
    main.o(.ARM.exidx.text.SystemClock_Config) refers to main.o(.text.SystemClock_Config) for [Anonymous Symbol]
    main.o(.ARM.exidx.text.Error_Handler) refers to main.o(.text.Error_Handler) for [Anonymous Symbol]
    gpio.o(.text.MX_GPIO_Init) refers to stm32f4xx_hal_gpio.o(.text.HAL_GPIO_WritePin) for HAL_GPIO_WritePin
    gpio.o(.text.MX_GPIO_Init) refers to stm32f4xx_hal_gpio.o(.text.HAL_GPIO_Init) for HAL_GPIO_Init
    gpio.o(.ARM.exidx.text.MX_GPIO_Init) refers to gpio.o(.text.MX_GPIO_Init) for [Anonymous Symbol]
    spi.o(.text.MX_SPI2_Init) refers to spi.o(.bss.hspi2) for hspi2
[...]
    APPL_StopInputHandler                    0x080014d5   Thumb Code     4  ssc-device.o(.text.APPL_StopInputHandler)
    APPL_StopMailboxHandler                  0x080014d9   Thumb Code     4  ssc-device.o(.text.APPL_StopMailboxHandler)
    APPL_StopOutputHandler                   0x080014dd   Thumb Code     4  ssc-device.o(.text.APPL_StopOutputHandler)
    BusFault_Handler                         0x080014e1   Thumb Code     2  stm32f4xx_it.o(.text.BusFault_Handler)
    COE_ContinueInd                          0x080014e5   Thumb Code    70  ecatcoe.o(.text.COE_ContinueInd)
    COE_GetObjectDictionary                  0x0800152d   Thumb Code    12  coeappl.o(.text.COE_GetObjectDictionary)
    COE_Init                                 0x08001539   Thumb Code    24  ecatcoe.o(.text.COE_Init)
    COE_Main                                 0x08001551   Thumb Code   190  coeappl.o(.text.COE_Main)
    COE_ObjDictionaryInit                    0x08001611   Thumb Code   296  coeappl.o(.text.COE_ObjDictionaryInit)
    COE_ObjInit                              0x08001739   Thumb Code   340  coeappl.o(.text.COE_ObjInit)
    COE_ServiceInd                           0x0800188d   Thumb Code    46  ecatcoe.o(.text.COE_ServiceInd)
    COE_SyncTimeStamp                        0x080018bd   Thumb Code   104  coeappl.o(.text.COE_SyncTimeStamp)
    COE_UpdateSyncErrorStatus                0x08001925   Thumb Code    90  coeappl.o(.text.COE_UpdateSyncErrorStatus)
    CheckIfEcatError                         0x08001981   Thumb Code   148  ecatslv.o(.text.CheckIfEcatError)
    CheckSmSettings                          0x08001a15   Thumb Code   610  ecatslv.o(.text.CheckSmSettings)
    CheckSyncTypeValue                       0x08001c79   Thumb Code   286  objdef.o(.text.CheckSyncTypeValue)
    DC_CheckWatchdog                         0x08001d99   Thumb Code   290  ecatslv.o(.text.DC_CheckWatchdog)
    DebugMon_Handler                         0x08001ebb   Thumb Code     2  stm32f4xx_it.o(.text.DebugMon_Handler)
    DisableSyncManChannel                    0x08001ebd   Thumb Code    54  ecatslv.o(.text.DisableSyncManChannel)
    ECAT_CheckTimer                          0x08001ef5   Thumb Code   128  ecatappl.o(.text.ECAT_CheckTimer)
    ECAT_Init                                0x08001f75   Thumb Code   538  ecatslv.o(.text.ECAT_Init)
    ECAT_Main                                0x08002191   Thumb Code   298  ecatslv.o(.text.ECAT_Main)
    EXTI3_IRQHandler                         0x080022bb   Thumb Code     6  stm32f4xx_it.o(.text.EXTI3_IRQHandler)
    EXTI4_IRQHandler                         0x080022c1   Thumb Code     6  stm32f4xx_it.o(.text.EXTI4_IRQHandler)
    EXTI9_5_IRQHandler                       0x080022c7   Thumb Code     6  stm32f4xx_it.o(.text.EXTI9_5_IRQHandler)
    EnableSyncManChannel                     0x080022cd   Thumb Code    54  ecatslv.o(.text.EnableSyncManChannel)
    Error_Handler                            0x08002305   Thumb Code    14  main.o(.text.Error_Handler)
    GalvoXY2_GetFrameCounter                 0x08002315   Thumb Code     8  galvo_xy2_100.o(.text.GalvoXY2_GetFrameCounter)
    GalvoXY2_GetLastSequence                 0x0800231d   Thumb Code     8  galvo_xy2_100.o(.text.GalvoXY2_GetLastSequence)
    GalvoXY2_GetStatus                       0x08002325   Thumb Code     8  galvo_xy2_100.o(.text.GalvoXY2_GetStatus)
    GalvoXY2_Init                            0x0800232d   Thumb Code    68  galvo_xy2_100.o(.text.GalvoXY2_Init)
    GalvoXY2_SetTarget                       0x08002371   Thumb Code    68  galvo_xy2_100.o(.text.GalvoXY2_SetTarget)
    GalvoXY2_TimerTick                       0x080023b5   Thumb Code   296  galvo_xy2_100.o(.text.GalvoXY2_TimerTick)
    GetSyncMan                               0x080024e9   Thumb Code    28  ecatslv.o(.text.GetSyncMan)
    HAL_Delay                                0x08002505   Thumb Code    40  stm32f4xx_hal.o(.text.HAL_Delay)
    HAL_GPIO_EXTI_Callback                   0x0800252d   Thumb Code    50  el9800hw.o(.text.HAL_GPIO_EXTI_Callback)
    HAL_GPIO_EXTI_IRQHandler                 0x08002561   Thumb Code    22  stm32f4xx_hal_gpio.o(.text.HAL_GPIO_EXTI_IRQHandler)
    HAL_GPIO_Init                            0x08002579   Thumb Code   400  stm32f4xx_hal_gpio.o(.text.HAL_GPIO_Init)
    HAL_GPIO_TogglePin                       0x08002709   Thumb Code    16  stm32f4xx_hal_gpio.o(.text.HAL_GPIO_TogglePin)
    HAL_GPIO_WritePin                        0x08002719   Thumb Code    10  stm32f4xx_hal_gpio.o(.text.HAL_GPIO_WritePin)
    HAL_GetTick                              0x08002725   Thumb Code    12  stm32f4xx_hal.o(.text.HAL_GetTick)
    HAL_IncTick                              0x08002731   Thumb Code    26  stm32f4xx_hal.o(.text.HAL_IncTick)
    HAL_Init                                 0x0800274d   Thumb Code    54  stm32f4xx_hal.o(.text.HAL_Init)
    HAL_InitTick                             0x08002785   Thumb Code    80  stm32f4xx_hal.o(.text.HAL_InitTick)
    HAL_MspInit                              0x080027d5   Thumb Code    60  stm32f4xx_hal_msp.o(.text.HAL_MspInit)
    HAL_NVIC_EnableIRQ                       0x08002811   Thumb Code    34  stm32f4xx_hal_cortex.o(.text.HAL_NVIC_EnableIRQ)
    HAL_NVIC_SetPriority                     0x08002835   Thumb Code    86  stm32f4xx_hal_cortex.o(.text.HAL_NVIC_SetPriority)
    HAL_NVIC_SetPriorityGrouping             0x0800288d   Thumb Code    32  stm32f4xx_hal_cortex.o(.text.HAL_NVIC_SetPriorityGrouping)
    HAL_RCC_CSSCallback                      0x080028ad   Thumb Code     2  stm32f4xx_hal_rcc.o(.text.HAL_RCC_CSSCallback)
    HAL_RCC_ClockConfig                      0x080028b1   Thumb Code   352  stm32f4xx_hal_rcc.o(.text.HAL_RCC_ClockConfig)
    HAL_RCC_EnableCSS                        0x08002a11   Thumb Code    12  stm32f4xx_hal_rcc.o(.text.HAL_RCC_EnableCSS)
    HAL_RCC_GetPCLK1Freq                     0x08002a1d   Thumb Code    38  stm32f4xx_hal_rcc.o(.text.HAL_RCC_GetPCLK1Freq)
    HAL_RCC_GetPCLK2Freq                     0x08002a45   Thumb Code    38  stm32f4xx_hal_rcc.o(.text.HAL_RCC_GetPCLK2Freq)
    HAL_RCC_GetSysClockFreq                  0x08002a6d   Thumb Code   106  stm32f4xx_hal_rcc.o(.text.HAL_RCC_GetSysClockFreq)
    HAL_RCC_NMI_IRQHandler                   0x08002ad9   Thumb Code    28  stm32f4xx_hal_rcc.o(.text.HAL_RCC_NMI_IRQHandler)
    HAL_RCC_OscConfig                        0x08002af5   Thumb Code   860  stm32f4xx_hal_rcc.o(.text.HAL_RCC_OscConfig)
    HAL_SPI_Init                             0x08002e51   Thumb Code   176  stm32f4xx_hal_spi.o(.text.HAL_SPI_Init)
    HAL_SPI_MspInit                          0x08002f01   Thumb Code   272  spi.o(.text.HAL_SPI_MspInit)
    HAL_SPI_Receive                          0x08003011   Thumb Code   334  stm32f4xx_hal_spi.o(.text.HAL_SPI_Receive)
    HAL_SPI_Transmit                         0x08003161   Thumb Code   450  stm32f4xx_hal_spi.o(.text.HAL_SPI_Transmit)
    HAL_SPI_TransmitReceive                  0x08003325   Thumb Code   546  stm32f4xx_hal_spi.o(.text.HAL_SPI_TransmitReceive)
    HAL_SYSTICK_Config                       0x08003549   Thumb Code    44  stm32f4xx_hal_cortex.o(.text.HAL_SYSTICK_Config)
    HAL_TIMEx_BreakCallback                  0x08003575   Thumb Code     2  stm32f4xx_hal_tim_ex.o(.text.HAL_TIMEx_BreakCallback)
    HAL_TIMEx_CommutCallback                 0x08003579   Thumb Code     2  stm32f4xx_hal_tim_ex.o(.text.HAL_TIMEx_CommutCallback)
    HAL_TIMEx_MasterConfigSynchronization    0x0800357d   Thumb Code   188  stm32f4xx_hal_tim_ex.o(.text.HAL_TIMEx_MasterConfigSynchronization)
    HAL_TIM_Base_Init                        0x08003639   Thumb Code    90  stm32f4xx_hal_tim.o(.text.HAL_TIM_Base_Init)
    HAL_TIM_Base_MspInit                     0x08003695   Thumb Code   140  tim.o(.text.HAL_TIM_Base_MspInit)
    HAL_TIM_Base_Start_IT                    0x0800372d   Thumb Code   168  stm32f4xx_hal_tim.o(.text.HAL_TIM_Base_Start_IT)
    HAL_TIM_IC_CaptureCallback               0x080037d5   Thumb Code     2  stm32f4xx_hal_tim.o(.text.HAL_TIM_IC_CaptureCallback)
    HAL_TIM_IRQHandler                       0x080037d9   Thumb Code   362  stm32f4xx_hal_tim.o(.text.HAL_TIM_IRQHandler)
    HAL_TIM_OC_DelayElapsedCallback          0x08003945   Thumb Code     2  stm32f4xx_hal_tim.o(.text.HAL_TIM_OC_DelayElapsedCallback)
    HAL_TIM_PWM_PulseFinishedCallback        0x08003949   Thumb Code     2  stm32f4xx_hal_tim.o(.text.HAL_TIM_PWM_PulseFinishedCallback)
    HAL_TIM_PeriodElapsedCallback            0x0800394d   Thumb Code     2  stm32f4xx_hal_tim.o(.text.HAL_TIM_PeriodElapsedCallback)
    HAL_TIM_TriggerCallback                  0x08003951   Thumb Code     2  stm32f4xx_hal_tim.o(.text.HAL_TIM_TriggerCallback)
    HAL_UART_Init                            0x08003955   Thumb Code    94  stm32f4xx_hal_uart.o(.text.HAL_UART_Init)
    HAL_UART_MspInit                         0x080039b5   Thumb Code   116  usart.o(.text.HAL_UART_MspInit)
    HAL_UART_Transmit                        0x08003a29   Thumb Code   380  stm32f4xx_hal_uart.o(.text.HAL_UART_Transmit)
    HW_EscRead                               0x08003ba5   Thumb Code   106  el9800hw.o(.text.HW_EscRead)
    HW_EscReadIsr                            0x08003c11   Thumb Code    98  el9800hw.o(.text.HW_EscReadIsr)
    HW_EscWrite                              0x08003c75   Thumb Code   106  el9800hw.o(.text.HW_EscWrite)
    HW_EscWriteIsr                           0x08003ce1   Thumb Code    98  el9800hw.o(.text.HW_EscWriteIsr)
    HW_GetALEventRegister                    0x08003d45   Thumb Code    64  el9800hw.o(.text.HW_GetALEventRegister)
    HW_GetALEventRegister_Isr                0x08003d85   Thumb Code    74  el9800hw.o(.text.HW_GetALEventRegister_Isr)
    HW_Init                                  0x08003dd1   Thumb Code   232  el9800hw.o(.text.HW_Init)
    HW_Release                               0x08003eb9   Thumb Code     2  el9800hw.o(.text.HW_Release)
    HandleCycleTimeMeasurement               0x08003ebd   Thumb Code   148  ecatappl.o(.text.HandleCycleTimeMeasurement)
    HardFault_Handler                        0x08003f51   Thumb Code     2  stm32f4xx_it.o(.text.HardFault_Handler)
    INIT_ESC_TIME                            0x08003f55   Thumb Code    80  my_bsp_ec.o(.text.INIT_ESC_TIME)
    INIT_ISR_EXTI3                           0x08003fa5   Thumb Code    76  my_bsp_ec.o(.text.INIT_ISR_EXTI3)
    INIT_SYNC0_EXTI4                         0x08003ff1   Thumb Code    76  my_bsp_ec.o(.text.INIT_SYNC0_EXTI4)
    INIT_SYNC1_EXTI7                         0x0800403d   Thumb Code    76  my_bsp_ec.o(.text.INIT_SYNC1_EXTI7)
    MBX_CheckAndCopyMailbox                  0x08004089   Thumb Code   358  mailbox.o(.text.MBX_CheckAndCopyMailbox)
    MBX_CopyToSendMailbox                    0x080041f1   Thumb Code   238  mailbox.o(.text.MBX_CopyToSendMailbox)
    MBX_Init                                 0x080042e1   Thumb Code   238  mailbox.o(.text.MBX_Init)
    MBX_MailboxReadInd                       0x080043d1   Thumb Code   170  mailbox.o(.text.MBX_MailboxReadInd)
    MBX_MailboxRepeatReq                     0x0800447d   Thumb Code   100  mailbox.o(.text.MBX_MailboxRepeatReq)
    MBX_MailboxSendReq                       0x080044e1   Thumb Code   178  mailbox.o(.text.MBX_MailboxSendReq)
    MBX_MailboxWriteInd                      0x08004595   Thumb Code   272  mailbox.o(.text.MBX_MailboxWriteInd)
    MBX_Main                                 0x080046a5   Thumb Code   250  mailbox.o(.text.MBX_Main)
    MBX_StartMailboxHandler                  0x080047a1   Thumb Code   166  mailbox.o(.text.MBX_StartMailboxHandler)
    MBX_StopMailboxHandler                   0x08004849   Thumb Code   332  mailbox.o(.text.MBX_StopMailboxHandler)
    MX_GPIO_Init                             0x08004995   Thumb Code   618  gpio.o(.text.MX_GPIO_Init)
    MX_SPI3_Init                             0x08004c01   Thumb Code    78  spi.o(.text.MX_SPI3_Init)
    MX_TIM6_Init                             0x08004c51   Thumb Code    48  tim.o(.text.MX_TIM6_Init)
    MX_TIM7_Init                             0x08004c89   Thumb Code    48  tim.o(.text.MX_TIM7_Init)
    MX_USART1_UART_Init                      0x08004cc1   Thumb Code    60  usart.o(.text.MX_USART1_UART_Init)
    MainInit                                 0x08004cfd   Thumb Code   148  ecatappl.o(.text.MainInit)
    MainLoop                                 0x08004d91   Thumb Code   408  ecatappl.o(.text.MainLoop)
    MemManage_Handler                        0x08004f29   Thumb Code     2  stm32f4xx_it.o(.text.MemManage_Handler)
    NMI_Handler                              0x08004f2b   Thumb Code     6  stm32f4xx_it.o(.text.NMI_Handler)
    OBJ_GetDesc                              0x08004f31   Thumb Code   248  objdef.o(.text.OBJ_GetDesc)
    OBJ_GetEntryDesc                         0x08005029   Thumb Code    34  objdef.o(.text.OBJ_GetEntryDesc)
    OBJ_GetEntryOffset                       0x0800504d   Thumb Code   236  objdef.o(.text.OBJ_GetEntryOffset)
    OBJ_GetNoOfObjects                       0x08005139   Thumb Code   138  objdef.o(.text.OBJ_GetNoOfObjects)
    OBJ_GetObjDesc                           0x080051c5   Thumb Code     4  objdef.o(.text.OBJ_GetObjDesc)
    OBJ_GetObjectHandle                      0x080051c9   Thumb Code    30  objdef.o(.text.OBJ_GetObjectHandle)
    OBJ_GetObjectLength                      0x080051e9   Thumb Code   168  objdef.o(.text.OBJ_GetObjectLength)
    OBJ_GetObjectList                        0x08005291   Thumb Code   224  objdef.o(.text.OBJ_GetObjectList)
    OBJ_Read                                 0x08005371   Thumb Code  1054  objdef.o(.text.OBJ_Read)
    OBJ_Write                                0x08005791   Thumb Code  1292  objdef.o(.text.OBJ_Write)
    OledStatus_Init                          0x08005ca9   Thumb Code   200  oled_status.o(.text.OledStatus_Init)
    OledStatus_SetCommand                    0x08005d71   Thumb Code    54  oled_status.o(.text.OledStatus_SetCommand)
    OledStatus_SetEthercat                   0x08005da9   Thumb Code    44  oled_status.o(.text.OledStatus_SetEthercat)
    OledStatus_Task                          0x08005dd5   Thumb Code    70  oled_status.o(.text.OledStatus_Task)
    PDI_Isr                                  0x08005e1d   Thumb Code   328  ecatappl.o(.text.PDI_Isr)
    PDO_InputMapping                         0x08005f65   Thumb Code   182  ecatappl.o(.text.PDO_InputMapping)
    PDO_OutputMapping                        0x0800601d   Thumb Code   214  ecatappl.o(.text.PDO_OutputMapping)
    PendSV_Handler                           0x080060f3   Thumb Code     2  stm32f4xx_it.o(.text.PendSV_Handler)
    Read0x10F8                               0x080060f5   Thumb Code   168  coeappl.o(.text.Read0x10F8)
    SDOS_SdoInd                              0x0800619d   Thumb Code  2328  sdoserv.o(.text.SDOS_SdoInd)
    SDOS_SdoInfoInd                          0x08006ab5   Thumb Code   688  sdoserv.o(.text.SDOS_SdoInfoInd)
    SDOS_SdoRes                              0x08006d65   Thumb Code   232  sdoserv.o(.text.SDOS_SdoRes)
    SODS_ClearPendingResponse                0x08006e4d   Thumb Code   178  sdoserv.o(.text.SODS_ClearPendingResponse)
    SPIReadDRegister                         0x08006f01   Thumb Code    98  spidriver.o(.text.SPIReadDRegister)
    SPIReadDWord                             0x08006f65   Thumb Code   228  spidriver.o(.text.SPIReadDWord)
    SPIReadPDRamRegister                     0x08007049   Thumb Code   422  spidriver.o(.text.SPIReadPDRamRegister)
    SPIWriteDWord                            0x080071f1   Thumb Code   210  spidriver.o(.text.SPIWriteDWord)
    SPIWritePDRamRegister                    0x080072c5   Thumb Code   414  spidriver.o(.text.SPIWritePDRamRegister)
    SPIWriteRegister                         0x08007465   Thumb Code   110  spidriver.o(.text.SPIWriteRegister)
    SVC_Handler                              0x080075fb   Thumb Code     2  stm32f4xx_it.o(.text.SVC_Handler)
    SdoRes                                   0x080075fd   Thumb Code   190  sdoserv.o(.text.SdoRes)
    SetALEventMask                           0x080076bd   Thumb Code    74  ecatslv.o(.text.SetALEventMask)
    StartInputHandler                        0x08007709   Thumb Code  1400  ecatslv.o(.text.StartInputHandler)
    StopInputHandler                         0x08007c81   Thumb Code   388  ecatslv.o(.text.StopInputHandler)
    Sync0_Isr                                0x08007e05   Thumb Code   320  ecatappl.o(.text.Sync0_Isr)
    Sync1_Isr                                0x08007f45   Thumb Code    68  ecatappl.o(.text.Sync1_Isr)
    SysTick_Handler                          0x08007f89   Thumb Code     4  stm32f4xx_it.o(.text.SysTick_Handler)
    SystemClock_Config                       0x08007f8d   Thumb Code   190  main.o(.text.SystemClock_Config)
    SystemInit                               0x0800804d   Thumb Code    18  system_stm32f4xx.o(.text.SystemInit)
    TIM2_IRQHandler                          0x08008061   Thumb Code    92  el9800hw.o(.text.TIM2_IRQHandler)
    TIM6_DAC_IRQHandler                      0x080080bd   Thumb Code     8  stm32f4xx_it.o(.text.TIM6_DAC_IRQHandler)
    TIM7_IRQHandler                          0x080080c9   Thumb Code    16  stm32f4xx_it.o(.text.TIM7_IRQHandler)
    TIM_Base_SetConfig                       0x080080dd   Thumb Code   292  stm32f4xx_hal_tim.o(.text.TIM_Base_SetConfig)
    UpdateEEPROMLoadedState                  0x080082e1   Thumb Code    52  ecatslv.o(.text.UpdateEEPROMLoadedState)
    UsageFault_Handler                       0x08008315   Thumb Code     2  stm32f4xx_it.o(.text.UsageFault_Handler)
    fputc                                    0x08008319   Thumb Code    32  usart.o(.text.fputc)
    main                                     0x08008339   Thumb Code   142  main.o(.text.main)
    mem_test                                 0x080083c9   Thumb Code   140  spidriver.o(.text.mem_test)
    __0printf                                0x08008901   Thumb Code    22  printfa.o(i.__0printf)
    __1printf                                0x08008901   Thumb Code     0  printfa.o(i.__0printf)
    __2printf                                0x08008901   Thumb Code     0  printfa.o(i.__0printf)
    __c89printf                              0x08008901   Thumb Code     0  printfa.o(i.__0printf)
    printf                                   0x08008901   Thumb Code     0  printfa.o(i.__0printf)
    __0snprintf                              0x08008921   Thumb Code    48  printfa.o(i.__0snprintf)
    __1snprintf                              0x08008921   Thumb Code     0  printfa.o(i.__0snprintf)
    __2snprintf                              0x08008921   Thumb Code     0  printfa.o(i.__0snprintf)
    __c89snprintf                            0x08008921   Thumb Code     0  printfa.o(i.__0snprintf)
    snprintf                                 0x08008921   Thumb Code     0  printfa.o(i.__0snprintf)
    __scatterload_copy                       0x08008955   Thumb Code    14  handlers.o(i.__scatterload_copy)
    __scatterload_null                       0x08008963   Thumb Code     2  handlers.o(i.__scatterload_null)
    __scatterload_zeroinit                   0x08008965   Thumb Code    14  handlers.o(i.__scatterload_zeroinit)
    free                                     0x0800923d   Thumb Code    76  malloc.o(i.free)
    malloc                                   0x0800928d   Thumb Code    92  malloc.o(i.malloc)
    puts                                     0x080092f9   Thumb Code    30  puts.o(i.puts)
    AHBPrescTable                            0x0800931c   Data          16  system_stm32f4xx.o(.rodata.AHBPrescTable)
    APBPrescTable                            0x0800932c   Data           8  system_stm32f4xx.o(.rodata.APBPrescTable)
    aName0x1000                              0x0800945b   Data          12  coeappl.o(.rodata.aName0x1000)
    aName0x1001                              0x08009467   Data          15  coeappl.o(.rodata.aName0x1001)
    aName0x1008                              0x08009476   Data          12  coeappl.o(.rodata.aName0x1008)
    aName0x1009                              0x08009482   Data          17  coeappl.o(.rodata.aName0x1009)
    aName0x100A                              0x08009493   Data          17  coeappl.o(.rodata.aName0x100A)
    aName0x1018                              0x080094a4   Data          57  coeappl.o(.rodata.aName0x1018)
    aName0x10F1                              0x080094dd   Data          63  coeappl.o(.rodata.aName0x10F1)
    aName0x10F8                              0x0800951c   Data          19  coeappl.o(.rodata.aName0x10F8)
    aName0x1601                              0x0800952f   Data          45  coeappl.o(.rodata.aName0x1601)
    aName0x1A00                              0x0800955c   Data          44  coeappl.o(.rodata.aName0x1A00)
    aName0x1C00                              0x08009588   Data          18  coeappl.o(.rodata.aName0x1C00)
    aName0x1C12                              0x0800959a   Data          27  coeappl.o(.rodata.aName0x1C12)
    aName0x1C13                              0x080095b5   Data          27  coeappl.o(.rodata.aName0x1C13)
    aName0x1C32                              0x080095d0   Data         256  coeappl.o(.rodata.aName0x1C32)
    aName0x1C33                              0x080096d0   Data         255  coeappl.o(.rodata.aName0x1C33)
    aName0x6000                              0x080097cf   Data          28  coeappl.o(.rodata.aName0x6000)
    aName0x7010                              0x080097eb   Data          22  coeappl.o(.rodata.aName0x7010)
    aName0xF000                              0x08009801   Data          68  coeappl.o(.rodata.aName0xF000)
    asEntryDesc0x1018                        0x08009846   Data          30  coeappl.o(.rodata.asEntryDesc0x1018)
    asEntryDesc0x10F1                        0x08009864   Data          18  coeappl.o(.rodata.asEntryDesc0x10F1)
    asEntryDesc0x1601                        0x08009876   Data          18  coeappl.o(.rodata.asEntryDesc0x1601)
    asEntryDesc0x1A00                        0x08009888   Data          18  coeappl.o(.rodata.asEntryDesc0x1A00)
    asEntryDesc0x1C00                        0x0800989a   Data          12  coeappl.o(.rodata.asEntryDesc0x1C00)
    asEntryDesc0x1C12                        0x080098a6   Data          12  coeappl.o(.rodata.asEntryDesc0x1C12)
    asEntryDesc0x1C13                        0x080098b2   Data          12  coeappl.o(.rodata.asEntryDesc0x1C13)
    asEntryDesc0x1C3x                        0x080098be   Data         198  coeappl.o(.rodata.asEntryDesc0x1C3x)
    asEntryDesc0x6000                        0x08009984   Data          18  coeappl.o(.rodata.asEntryDesc0x6000)
    asEntryDesc0x7010                        0x08009996   Data          18  coeappl.o(.rodata.asEntryDesc0x7010)
    asEntryDesc0xF000                        0x080099a8   Data          18  coeappl.o(.rodata.asEntryDesc0xF000)
    cAbortCode                               0x080099bc   Data         120  sdoserv.o(.rodata.cAbortCode)
    cBitMask                                 0x08009a34   Data          32  objdef.o(.rodata.cBitMask)
    sEntryDesc0x1000                         0x08009a54   Data           6  coeappl.o(.rodata.sEntryDesc0x1000)
    sEntryDesc0x1001                         0x08009a5a   Data           6  coeappl.o(.rodata.sEntryDesc0x1001)
    sEntryDesc0x1008                         0x08009a60   Data           6  coeappl.o(.rodata.sEntryDesc0x1008)
    sEntryDesc0x1009                         0x08009a66   Data           6  coeappl.o(.rodata.sEntryDesc0x1009)
    sEntryDesc0x100A                         0x08009a6c   Data           6  coeappl.o(.rodata.sEntryDesc0x100A)
    sEntryDesc0x10F8                         0x08009a72   Data           6  coeappl.o(.rodata.sEntryDesc0x10F8)
    Region$$Table$$Base                      0x08009b0c   Number         0  anon$$obj.o(Region$$Table)
    Region$$Table$$Limit                     0x08009b2c   Number         0  anon$$obj.o(Region$$Table)
    __stdout                                 0x20000000   Data           4  stdout.o(.data)
    __microlib_freelist                      0x20000004   Data           4  mvars.o(.data)
    __microlib_freelist_initialised          0x20000008   Data           4  mvars.o(.data)
    ApplicationObjDic                        0x2000000c   Data         320  coeappl.o(.data.ApplicationObjDic)
    GenObjDic                                0x2000014c   Data         480  coeappl.o(.data.GenObjDic)
    InputMapping00x1A00                      0x2000032c   Data          16  ssc-device.o(.data.InputMapping00x1A00)
    ModularDeviceProfile0xF000               0x2000033c   Data           6  ssc-device.o(.data.ModularDeviceProfile0xF000)
    Obj0x6000                                0x20000342   Data           8  ssc-device.o(.data.Obj0x6000)
    Obj0x7010                                0x2000034a   Data          10  ssc-device.o(.data.Obj0x7010)
    OutputMapping10x1601                     0x20000354   Data          20  ssc-device.o(.data.OutputMapping10x1601)
    SystemCoreClock                          0x20000368   Data           4  system_stm32f4xx.o(.data.SystemCoreClock)
    aSubindexDesc                            0x2000036c   Data          13  objdef.o(.data.aSubindexDesc)
    acDevicename                             0x20000379   Data          11  coeappl.o(.data.acDevicename)
    acHardwareversion                        0x20000384   Data           5  coeappl.o(.data.acHardwareversion)
    acSoftwareversion                        0x20000389   Data           5  coeappl.o(.data.acSoftwareversion)
    sErrorSettings                           0x20000390   Data          12  objdef.o(.data.sErrorSettings)
    sIdentity                                0x2000039c   Data          20  coeappl.o(.data.sIdentity)
    sRxPDOassign                             0x200003b2   Data           4  ssc-device.o(.data.sRxPDOassign)
    sSyncmanagertype                         0x200003b6   Data           6  coeappl.o(.data.sSyncmanagertype)
    sTxPDOassign                             0x200003bc   Data           4  ssc-device.o(.data.sTxPDOassign)
    u32Devicetype                            0x200003c0   Data           4  coeappl.o(.data.u32Devicetype)
    uwTickFreq                               0x200003c4   Data           1  stm32f4xx_hal.o(.data.uwTickFreq)
    uwTickPrio                               0x200003c8   Data           4  stm32f4xx_hal.o(.data.uwTickPrio)
    EcatWdValue                              0x200003d0   Data           2  ecatslv.o(.bss.EcatWdValue)
    EepromLoaded                             0x200003d2   Data           1  ecatslv.o(.bss.EepromLoaded)
    EscALEvent                               0x200003d4   Data           2  el9800hw.o(.bss.EscALEvent)
    EsmTimeoutCounter                        0x200003d6   Data           2  ecatslv.o(.bss.EsmTimeoutCounter)
    LatchInputSync0Counter                   0x200003d8   Data           2  ecatslv.o(.bss.LatchInputSync0Counter)
    LatchInputSync0Value                     0x200003da   Data           2  ecatslv.o(.bss.LatchInputSync0Value)
    ObjDicList                               0x200003dc   Data           4  coeappl.o(.bss.ObjDicList)
    SMActivate                               0x200003e0   Data           2  ecatslv.o(.bss.SMActivate)
    Sync0WdCounter                           0x200003e2   Data           2  ecatslv.o(.bss.Sync0WdCounter)
    Sync0WdValue                             0x200003e4   Data           2  ecatslv.o(.bss.Sync0WdValue)
    Sync1WdCounter                           0x200003e6   Data           2  ecatslv.o(.bss.Sync1WdCounter)
    Sync1WdValue                             0x200003e8   Data           2  ecatslv.o(.bss.Sync1WdValue)
    SyncManInfo                              0x200003ea   Data           8  ecatslv.o(.bss.SyncManInfo)
    aPdInputData                             0x200003f4   Data          68  ecatappl.o(.bss.aPdInputData)
    aPdOutputData                            0x20000438   Data          68  ecatappl.o(.bss.aPdOutputData)
    aSdoInfoHeader                           0x2000047c   Data          14  sdoserv.o(.bss.aSdoInfoHeader)
    b32BitDc                                 0x2000048a   Data           1  ecatslv.o(.bss.b32BitDc)
    b3BufferMode                             0x2000048b   Data           1  ecatslv.o(.bss.b3BufferMode)
    bApplEsmPending                          0x2000048c   Data           1  ecatslv.o(.bss.bApplEsmPending)
    bDcRunning                               0x2000048d   Data           1  ecatslv.o(.bss.bDcRunning)
    bDcSyncActive                            0x2000048e   Data           1  ecatslv.o(.bss.bDcSyncActive)
    bEcatFirstOutputsReceived                0x2000048f   Data           1  ecatslv.o(.bss.bEcatFirstOutputsReceived)
    bEcatInputUpdateRunning                  0x20000490   Data           1  ecatslv.o(.bss.bEcatInputUpdateRunning)
    bEcatOutputUpdateRunning                 0x20000491   Data           1  ecatslv.o(.bss.bEcatOutputUpdateRunning)
    bEcatWaitForAlControlRes                 0x20000492   Data           1  ecatslv.o(.bss.bEcatWaitForAlControlRes)
    bEscIntEnabled                           0x20000493   Data           1  ecatslv.o(.bss.bEscIntEnabled)
    bInitFinished                            0x20000494   Data           1  ecatappl.o(.bss.bInitFinished)
    bLocalErrorFlag                          0x20000495   Data           1  ecatslv.o(.bss.bLocalErrorFlag)
    bMbxRepeatToggle                         0x20000496   Data           1  mailbox.o(.bss.bMbxRepeatToggle)
    bMbxRunning                              0x20000497   Data           1  mailbox.o(.bss.bMbxRunning)
    bMinCycleTimeMeasurementStarted          0x20000498   Data           1  ecatappl.o(.bss.bMinCycleTimeMeasurementStarted)
    bNoMbxMemoryAvailable                    0x20000499   Data           1  mailbox.o(.bss.bNoMbxMemoryAvailable)
    bReceiveMbxIsLocked                      0x2000049a   Data           1  mailbox.o(.bss.bReceiveMbxIsLocked)
    bRunApplication                          0x2000049b   Data           1  ecatappl.o(.bss.bRunApplication)
    bSdoInWork                               0x2000049c   Data           1  sdoserv.o(.bss.bSdoInWork)
    bSdoSegAccess                            0x2000049d   Data           1  sdoserv.o(.bss.bSdoSegAccess)
    bSdoSegFollows                           0x2000049e   Data           1  sdoserv.o(.bss.bSdoSegFollows)
    bSdoSegLastToggle                        0x2000049f   Data           1  sdoserv.o(.bss.bSdoSegLastToggle)
    bSendMbxIsFull                           0x200004a0   Data           1  mailbox.o(.bss.bSendMbxIsFull)
    bSmSyncSequenceValid                     0x200004a1   Data           1  ecatslv.o(.bss.bSmSyncSequenceValid)
    bStoreCompleteAccess                     0x200004a2   Data           1  sdoserv.o(.bss.bStoreCompleteAccess)
    bSyncSetByUser                           0x200004a3   Data           1  objdef.o(.bss.bSyncSetByUser)
    bWdTrigger                               0x200004a4   Data           1  ecatslv.o(.bss.bWdTrigger)
    hspi3                                    0x200004a8   Data          88  spi.o(.bss.hspi3)
    htim6                                    0x20000500   Data          72  tim.o(.bss.htim6)
    htim7                                    0x20000548   Data          72  tim.o(.bss.htim7)
    htimx                                    0x20000590   Data          72  my_bsp_ec.o(.bss.htimx)
    huart1                                   0x200005d8   Data          68  usart.o(.bss.huart1)
    i16WaitForPllRunningCnt                  0x2000061c   Data           2  ecatslv.o(.bss.i16WaitForPllRunningCnt)
    i16WaitForPllRunningTimeout              0x2000061e   Data           2  ecatslv.o(.bss.i16WaitForPllRunningTimeout)
    nAlStatus                                0x20000620   Data           1  ecatslv.o(.bss.nAlStatus)
    nEcatStateTrans                          0x20000622   Data           2  ecatslv.o(.bss.nEcatStateTrans)
    nEscAddrInputData                        0x20000624   Data           2  ecatslv.o(.bss.nEscAddrInputData)
    nEscAddrOutputData                       0x20000626   Data           2  ecatslv.o(.bss.nEscAddrOutputData)
    nMaxEscAddress                           0x20000628   Data           2  ecatslv.o(.bss.nMaxEscAddress)
    nMaxSyncMan                              0x2000062a   Data           1  ecatslv.o(.bss.nMaxSyncMan)
    nPdInputSize                             0x2000062c   Data           2  ecatslv.o(.bss.nPdInputSize)
    nPdOutputSize                            0x2000062e   Data           2  ecatslv.o(.bss.nPdOutputSize)
    nSdoInfoFragmentsLeft                    0x20000630   Data           2  sdoserv.o(.bss.nSdoInfoFragmentsLeft)
    nSdoInfoIndex                            0x20000632   Data           2  sdoserv.o(.bss.nSdoInfoIndex)
    nSdoSegBytesToHandle                     0x20000634   Data           4  sdoserv.o(.bss.nSdoSegBytesToHandle)
    nSdoSegCompleteSize                      0x20000638   Data           4  sdoserv.o(.bss.nSdoSegCompleteSize)
    nSdoSegIndex                             0x2000063c   Data           2  sdoserv.o(.bss.nSdoSegIndex)
    nSdoSegService                           0x2000063e   Data           1  sdoserv.o(.bss.nSdoSegService)
    nSdoSegSubindex                          0x2000063f   Data           1  sdoserv.o(.bss.nSdoSegSubindex)
    pAPPL_MainLoop                           0x20000640   Data           4  ecatappl.o(.bss.pAPPL_MainLoop)
    pCoeSendStored                           0x20000644   Data           4  ecatcoe.o(.bss.pCoeSendStored)
    pSdoInfoObjEntry                         0x20000648   Data           4  sdoserv.o(.bss.pSdoInfoObjEntry)
    pSdoPendFunc                             0x2000064c   Data           4  sdoserv.o(.bss.pSdoPendFunc)
    pSdoResStored                            0x20000650   Data           4  sdoserv.o(.bss.pSdoResStored)
    pSdoSegData                              0x20000654   Data           4  sdoserv.o(.bss.pSdoSegData)
    pSdoSegObjEntry                          0x20000658   Data           4  sdoserv.o(.bss.pSdoSegObjEntry)
    pStoreData                               0x2000065c   Data           4  sdoserv.o(.bss.pStoreData)
    psReadMbx                                0x20000660   Data           4  mailbox.o(.bss.psReadMbx)
    psRepeatMbx                              0x20000664   Data           4  mailbox.o(.bss.psRepeatMbx)
    psStoreMbx                               0x20000668   Data           4  mailbox.o(.bss.psStoreMbx)
    psWriteMbx                               0x2000066c   Data           4  mailbox.o(.bss.psWriteMbx)
    sCycleDiag                               0x20000a70   Data           2  objdef.o(.bss.sCycleDiag)
    sMbxReceiveQueue                         0x20000a9c   Data          52  mailbox.o(.bss.sMbxReceiveQueue)
    sMbxSendQueue                            0x20000ad0   Data          52  mailbox.o(.bss.sMbxSendQueue)
    sSyncManInPar                            0x20000b14   Data          68  objdef.o(.bss.sSyncManInPar)
    sSyncManOutPar                           0x20000b58   Data          68  objdef.o(.bss.sSyncManOutPar)
    u16ALEventMask                           0x20000b9c   Data           2  ecatslv.o(.bss.u16ALEventMask)
    u16ErrorRegister                         0x20000b9e   Data           2  coeappl.o(.bss.u16ErrorRegister)
    u16EscAddrReceiveMbx                     0x20000ba0   Data           2  mailbox.o(.bss.u16EscAddrReceiveMbx)
    u16EscAddrSendMbx                        0x20000ba2   Data           2  mailbox.o(.bss.u16EscAddrSendMbx)
    u16LocalErrorCode                        0x20000ba4   Data           2  ecatslv.o(.bss.u16LocalErrorCode)
    u16ReceiveMbxSize                        0x20000ba6   Data           2  mailbox.o(.bss.u16ReceiveMbxSize)
    u16SendMbxSize                           0x20000ba8   Data           2  mailbox.o(.bss.u16SendMbxSize)
    u16SmSync0Counter                        0x20000baa   Data           2  ecatslv.o(.bss.u16SmSync0Counter)
    u16SmSync0Value                          0x20000bac   Data           2  ecatslv.o(.bss.u16SmSync0Value)
    u16StoreIndex                            0x20000bae   Data           2  sdoserv.o(.bss.u16StoreIndex)
    u16dummy                                 0x20000bb0   Data           2  ecatslv.o(.bss.u16dummy)
    u32CheckForDcOverrunCnt                  0x20000bb4   Data           4  coeappl.o(.bss.u32CheckForDcOverrunCnt)
    u32CycleTimeStartValue                   0x20000bb8   Data           4  ecatappl.o(.bss.u32CycleTimeStartValue)
    u32LastDc32Value                         0x20000bbc   Data           4  coeappl.o(.bss.u32LastDc32Value)
    u32MinCycleTimeStartValue                0x20000bc0   Data           4  ecatappl.o(.bss.u32MinCycleTimeStartValue)
    u32MinCycleTimeValue                     0x20000bc4   Data           4  ecatappl.o(.bss.u32MinCycleTimeValue)
    u32StoreDataSize                         0x20000bc8   Data           4  sdoserv.o(.bss.u32StoreDataSize)
    u32SystemTimeReadFailure                 0x20000bcc   Data           4  ecatappl.o(.bss.u32SystemTimeReadFailure)
    u64Timestamp                             0x20000bd0   Data           8  coeappl.o(.bss.u64Timestamp)
    u8MailboxSendReqStored                   0x20000bd8   Data           1  mailbox.o(.bss.u8MailboxSendReqStored)
    u8MbxReadCounter                         0x20000bd9   Data           1  mailbox.o(.bss.u8MbxReadCounter)
    u8MbxWriteCounter                        0x20000bda   Data           1  mailbox.o(.bss.u8MbxWriteCounter)
    u8PendingSdo                             0x20000bdb   Data           1  sdoserv.o(.bss.u8PendingSdo)
    u8StoreSubindex                          0x20000bdc   Data           1  sdoserv.o(.bss.u8StoreSubindex)
    uwTick                                   0x20000be0   Data           4  stm32f4xx_hal.o(.bss.uwTick)
    __heap_base                              0x20000be8   Data           0  startup_stm32f407xx.o(HEAP)
    __heap_limit                             0x20001be8   Data           0  startup_stm32f407xx.o(HEAP)
    __initial_sp                             0x20003be8   Data           0  startup_stm32f407xx.o(STACK)



==============================================================================

Memory Map of the image

  Image Entry point : 0x08000189

  Load Region LR_IROM1 (Base: 0x08000000, Size: 0x00009f00, Max: 0x00080000, ABSOLUTE, COMPRESSED[0x00009cc8])

    Execution Region ER_IROM1 (Exec base: 0x08000000, Load base: 0x08000000, Size: 0x00009b2c, Max: 0x00080000, ABSOLUTE)

    Exec Addr    Load Addr    Size         Type   Attr      Idx    E Section Name        Object

    0x08000000   0x08000000   0x00000188   Data   RO            3    RESET               startup_stm32f407xx.o
    0x08000188   0x08000188   0x00000000   Code   RO         1617  * .ARM.Collect$$$$00000000  mc_w.l(entry.o)
    0x08000188   0x08000188   0x00000004   Code   RO         1923    .ARM.Collect$$$$00000001  mc_w.l(entry2.o)
    0x0800018c   0x0800018c   0x00000004   Code   RO         1926    .ARM.Collect$$$$00000004  mc_w.l(entry5.o)
    0x08000190   0x08000190   0x00000000   Code   RO         1928    .ARM.Collect$$$$00000008  mc_w.l(entry7b.o)
    0x08000190   0x08000190   0x00000000   Code   RO         1930    .ARM.Collect$$$$0000000A  mc_w.l(entry8b.o)
    0x08000190   0x08000190   0x00000008   Code   RO         1931    .ARM.Collect$$$$0000000B  mc_w.l(entry9a.o)
    0x08000198   0x08000198   0x00000000   Code   RO         1933    .ARM.Collect$$$$0000000D  mc_w.l(entry10a.o)
    0x08000198   0x08000198   0x00000000   Code   RO         1935    .ARM.Collect$$$$0000000F  mc_w.l(entry11a.o)
    0x08000198   0x08000198   0x00000004   Code   RO         1924    .ARM.Collect$$$$00002712  mc_w.l(entry2.o)
    0x0800019c   0x0800019c   0x00000024   Code   RO            4    .text               startup_stm32f407xx.o
    0x080001c0   0x080001c0   0x00000062   Code   RO         1624    .text               mc_w.l(uldiv.o)
    0x08000222   0x08000222   0x00000024   Code   RO         1626    .text               mc_w.l(memcpya.o)
    0x08000246   0x08000246   0x00000024   Code   RO         1628    .text               mc_w.l(memseta.o)
    0x0800026a   0x0800026a   0x0000000e   Code   RO         1630    .text               mc_w.l(strlen.o)
    0x08000278   0x08000278   0x0000002c   Code   RO         1947    .text               mc_w.l(uidiv.o)
    0x080002a4   0x080002a4   0x0000001e   Code   RO         1949    .text               mc_w.l(llshl.o)
    0x080002c2   0x080002c2   0x00000020   Code   RO         1951    .text               mc_w.l(llushr.o)
    0x080002e2   0x080002e2   0x00000000   Code   RO         1955    .text               mc_w.l(iusefp.o)
    0x080002e2   0x080002e2   0x0000014e   Code   RO         1956    .text               mf_w.l(dadd.o)
    0x08000430   0x08000430   0x000000e4   Code   RO         1958    .text               mf_w.l(dmul.o)
    0x08000514   0x08000514   0x000000de   Code   RO         1960    .text               mf_w.l(ddiv.o)
    0x080005f2   0x080005f2   0x00000030   Code   RO         1962    .text               mf_w.l(dfixul.o)
    0x08000622   0x08000622   0x00000002   PAD
    0x08000624   0x08000624   0x00000030   Code   RO         1964    .text               mf_w.l(cdrcmple.o)
    0x08000654   0x08000654   0x00000030   Code   RO         1966    .text               mc_w.l(init.o)
    0x08000684   0x08000684   0x00000024   Code   RO         1968    .text               mc_w.l(llsshr.o)
    0x080006a8   0x080006a8   0x000000ba   Code   RO         1970    .text               mf_w.l(depilogue.o)
    0x08000762   0x08000762   0x00000056   Code   RO         1980    .text               mc_w.l(__dczerorl2.o)
    0x080007b8   0x080007b8   0x0000067a   Code   RO         1292    .text.AL_ControlInd  ecatslv.o
    0x08000e32   0x08000e32   0x00000002   PAD
    0x08000e34   0x08000e34   0x000002e0   Code   RO         1294    .text.AL_ControlRes  ecatslv.o
    0x08001114   0x08001114   0x0000000a   Code   RO         1522    .text.APPL_AckErrorInd  ssc-device.o
    0x0800111e   0x0800111e   0x00000002   PAD
    0x08001120   0x08001120   0x0000005a   Code   RO         1542    .text.APPL_Application  ssc-device.o
    0x0800117a   0x0800117a   0x00000002   PAD
    0x0800117c   0x0800117c   0x000001c6   Code   RO         1536    .text.APPL_GenerateMapping  ssc-device.o
    0x08001342   0x08001342   0x00000002   PAD
    0x08001344   0x08001344   0x0000007c   Code   RO         1538    .text.APPL_InputMapping  ssc-device.o
    0x080013c0   0x080013c0   0x000000fe   Code   RO         1540    .text.APPL_OutputMapping  ssc-device.o
    0x080014be   0x080014be   0x00000002   PAD
    0x080014c0   0x080014c0   0x0000000a   Code   RO         1528    .text.APPL_StartInputHandler  ssc-device.o
    0x080014ca   0x080014ca   0x00000002   PAD
    0x080014cc   0x080014cc   0x00000004   Code   RO         1524    .text.APPL_StartMailboxHandler  ssc-device.o
    0x080014d0   0x080014d0   0x00000004   Code   RO         1532    .text.APPL_StartOutputHandler  ssc-device.o
    0x080014d4   0x080014d4   0x00000004   Code   RO         1530    .text.APPL_StopInputHandler  ssc-device.o
    0x080014d8   0x080014d8   0x00000004   Code   RO         1526    .text.APPL_StopMailboxHandler  ssc-device.o
    0x080014dc   0x080014dc   0x00000004   Code   RO         1534    .text.APPL_StopOutputHandler  ssc-device.o
    0x080014e0   0x080014e0   0x00000002   Code   RO           90    .text.BusFault_Handler  stm32f4xx_it.o
    0x080014e2   0x080014e2   0x00000002   PAD
    0x080014e4   0x080014e4   0x00000046   Code   RO         1255    .text.COE_ContinueInd  ecatcoe.o
    0x0800152a   0x0800152a   0x00000002   PAD
    0x0800152c   0x0800152c   0x0000000c   Code   RO         1134    .text.COE_GetObjectDictionary  coeappl.o
    0x08001538   0x08001538   0x00000018   Code   RO         1251    .text.COE_Init      ecatcoe.o
    0x08001550   0x08001550   0x000000be   Code   RO         1150    .text.COE_Main      coeappl.o
    0x0800160e   0x0800160e   0x00000002   PAD
    0x08001610   0x08001610   0x00000128   Code   RO         1140    .text.COE_ObjDictionaryInit  coeappl.o
    0x08001738   0x08001738   0x00000154   Code   RO         1138    .text.COE_ObjInit   coeappl.o
    0x0800188c   0x0800188c   0x0000002e   Code   RO         1253    .text.COE_ServiceInd  ecatcoe.o
    0x080018ba   0x080018ba   0x00000002   PAD
    0x080018bc   0x080018bc   0x00000068   Code   RO         1132    .text.COE_SyncTimeStamp  coeappl.o
    0x08001924   0x08001924   0x0000005a   Code   RO         1136    .text.COE_UpdateSyncErrorStatus  coeappl.o
    0x0800197e   0x0800197e   0x00000002   PAD
    0x08001980   0x08001980   0x00000094   Code   RO         1298    .text.CheckIfEcatError  ecatslv.o
    0x08001a14   0x08001a14   0x00000262   Code   RO         1278    .text.CheckSmSettings  ecatslv.o
    0x08001c76   0x08001c76   0x00000002   PAD
    0x08001c78   0x08001c78   0x0000011e   Code   RO         1459    .text.CheckSyncTypeValue  objdef.o
    0x08001d96   0x08001d96   0x00000002   PAD
    0x08001d98   0x08001d98   0x00000122   Code   RO         1296    .text.DC_CheckWatchdog  ecatslv.o
    0x08001eba   0x08001eba   0x00000002   Code   RO           96    .text.DebugMon_Handler  stm32f4xx_it.o
    0x08001ebc   0x08001ebc   0x00000036   Code   RO         1274    .text.DisableSyncManChannel  ecatslv.o
    0x08001ef2   0x08001ef2   0x00000002   PAD
    0x08001ef4   0x08001ef4   0x00000080   Code   RO         1216    .text.ECAT_CheckTimer  ecatappl.o
    0x08001f74   0x08001f74   0x0000021a   Code   RO         1302    .text.ECAT_Init     ecatslv.o
    0x0800218e   0x0800218e   0x00000002   PAD
    0x08002190   0x08002190   0x0000012a   Code   RO         1304    .text.ECAT_Main     ecatslv.o
    0x080022ba   0x080022ba   0x00000006   Code   RO          102    .text.EXTI3_IRQHandler  stm32f4xx_it.o
    0x080022c0   0x080022c0   0x00000006   Code   RO          104    .text.EXTI4_IRQHandler  stm32f4xx_it.o
    0x080022c6   0x080022c6   0x00000006   Code   RO          106    .text.EXTI9_5_IRQHandler  stm32f4xx_it.o
    0x080022cc   0x080022cc   0x00000036   Code   RO         1276    .text.EnableSyncManChannel  ecatslv.o
    0x08002302   0x08002302   0x00000002   PAD
    0x08002304   0x08002304   0x0000000e   Code   RO           15    .text.Error_Handler  main.o
    0x08002312   0x08002312   0x00000002   PAD
    0x08002314   0x08002314   0x00000008   Code   RO          124    .text.GalvoXY2_GetFrameCounter  galvo_xy2_100.o
    0x0800231c   0x0800231c   0x00000008   Code   RO          122    .text.GalvoXY2_GetLastSequence  galvo_xy2_100.o
    0x08002324   0x08002324   0x00000008   Code   RO          120    .text.GalvoXY2_GetStatus  galvo_xy2_100.o
    0x0800232c   0x0800232c   0x00000044   Code   RO          114    .text.GalvoXY2_Init  galvo_xy2_100.o
    0x08002370   0x08002370   0x00000044   Code   RO          116    .text.GalvoXY2_SetTarget  galvo_xy2_100.o
    0x080023b4   0x080023b4   0x00000134   Code   RO          118    .text.GalvoXY2_TimerTick  galvo_xy2_100.o
    0x080024e8   0x080024e8   0x0000001c   Code   RO         1272    .text.GetSyncMan    ecatslv.o
    0x08002504   0x08002504   0x00000028   Code   RO          605    .text.HAL_Delay     stm32f4xx_hal.o
    0x0800252c   0x0800252c   0x00000032   Code   RO         1371    .text.HAL_GPIO_EXTI_Callback  el9800hw.o
    0x0800255e   0x0800255e   0x00000002   PAD
    0x08002560   0x08002560   0x00000016   Code   RO          418    .text.HAL_GPIO_EXTI_IRQHandler  stm32f4xx_hal_gpio.o
    0x08002576   0x08002576   0x00000002   PAD
    0x08002578   0x08002578   0x00000190   Code   RO          406    .text.HAL_GPIO_Init  stm32f4xx_hal_gpio.o
    0x08002708   0x08002708   0x00000010   Code   RO          414    .text.HAL_GPIO_TogglePin  stm32f4xx_hal_gpio.o
    0x08002718   0x08002718   0x0000000a   Code   RO          412    .text.HAL_GPIO_WritePin  stm32f4xx_hal_gpio.o
    0x08002722   0x08002722   0x00000002   PAD
    0x08002724   0x08002724   0x0000000c   Code   RO          597    .text.HAL_GetTick   stm32f4xx_hal.o
    0x08002730   0x08002730   0x0000001a   Code   RO          595    .text.HAL_IncTick   stm32f4xx_hal.o
    0x0800274a   0x0800274a   0x00000002   PAD
    0x0800274c   0x0800274c   0x00000036   Code   RO          585    .text.HAL_Init      stm32f4xx_hal.o
    0x08002782   0x08002782   0x00000002   PAD
    0x08002784   0x08002784   0x00000050   Code   RO          587    .text.HAL_InitTick  stm32f4xx_hal.o
    0x080027d4   0x080027d4   0x0000003c   Code   RO          172    .text.HAL_MspInit   stm32f4xx_hal_msp.o
    0x08002810   0x08002810   0x00000022   Code   RO          543    .text.HAL_NVIC_EnableIRQ  stm32f4xx_hal_cortex.o
    0x08002832   0x08002832   0x00000002   PAD
    0x08002834   0x08002834   0x00000056   Code   RO          541    .text.HAL_NVIC_SetPriority  stm32f4xx_hal_cortex.o
    0x0800288a   0x0800288a   0x00000002   PAD
    0x0800288c   0x0800288c   0x00000020   Code   RO          539    .text.HAL_NVIC_SetPriorityGrouping  stm32f4xx_hal_cortex.o
    0x080028ac   0x080028ac   0x00000002   Code   RO          322    .text.HAL_RCC_CSSCallback  stm32f4xx_hal_rcc.o
    0x080028ae   0x080028ae   0x00000002   PAD
    0x080028b0   0x080028b0   0x00000160   Code   RO          300    .text.HAL_RCC_ClockConfig  stm32f4xx_hal_rcc.o
    0x08002a10   0x08002a10   0x0000000c   Code   RO          306    .text.HAL_RCC_EnableCSS  stm32f4xx_hal_rcc.o
    0x08002a1c   0x08002a1c   0x00000026   Code   RO          312    .text.HAL_RCC_GetPCLK1Freq  stm32f4xx_hal_rcc.o
    0x08002a42   0x08002a42   0x00000002   PAD
    0x08002a44   0x08002a44   0x00000026   Code   RO          314    .text.HAL_RCC_GetPCLK2Freq  stm32f4xx_hal_rcc.o
    0x08002a6a   0x08002a6a   0x00000002   PAD
    0x08002a6c   0x08002a6c   0x0000006a   Code   RO          302    .text.HAL_RCC_GetSysClockFreq  stm32f4xx_hal_rcc.o
    0x08002ad6   0x08002ad6   0x00000002   PAD
    0x08002ad8   0x08002ad8   0x0000001c   Code   RO          320    .text.HAL_RCC_NMI_IRQHandler  stm32f4xx_hal_rcc.o
    0x08002af4   0x08002af4   0x0000035c   Code   RO          298    .text.HAL_RCC_OscConfig  stm32f4xx_hal_rcc.o
    0x08002e50   0x08002e50   0x000000b0   Code   RO          180    .text.HAL_SPI_Init  stm32f4xx_hal_spi.o
    0x08002f00   0x08002f00   0x00000110   Code   RO           38    .text.HAL_SPI_MspInit  spi.o
    0x08003010   0x08003010   0x0000014e   Code   RO          190    .text.HAL_SPI_Receive  stm32f4xx_hal_spi.o
    0x0800315e   0x0800315e   0x00000002   PAD
    0x08003160   0x08003160   0x000001c2   Code   RO          188    .text.HAL_SPI_Transmit  stm32f4xx_hal_spi.o
    0x08003322   0x08003322   0x00000002   PAD
    0x08003324   0x08003324   0x00000222   Code   RO          192    .text.HAL_SPI_TransmitReceive  stm32f4xx_hal_spi.o
    0x08003546   0x08003546   0x00000002   PAD
    0x08003548   0x08003548   0x0000002c   Code   RO          551    .text.HAL_SYSTICK_Config  stm32f4xx_hal_cortex.o
    0x08003574   0x08003574   0x00000002   Code   RO          981    .text.HAL_TIMEx_BreakCallback  stm32f4xx_hal_tim_ex.o
    0x08003576   0x08003576   0x00000002   PAD
    0x08003578   0x08003578   0x00000002   Code   RO          977    .text.HAL_TIMEx_CommutCallback  stm32f4xx_hal_tim_ex.o
    0x0800357a   0x0800357a   0x00000002   PAD
    0x0800357c   0x0800357c   0x000000bc   Code   RO          971    .text.HAL_TIMEx_MasterConfigSynchronization  stm32f4xx_hal_tim_ex.o
    0x08003638   0x08003638   0x0000005a   Code   RO          676    .text.HAL_TIM_Base_Init  stm32f4xx_hal_tim.o
    0x08003692   0x08003692   0x00000002   PAD
    0x08003694   0x08003694   0x00000098   Code   RO           55    .text.HAL_TIM_Base_MspInit  tim.o
    0x0800372c   0x0800372c   0x000000a8   Code   RO          690    .text.HAL_TIM_Base_Start_IT  stm32f4xx_hal_tim.o
    0x080037d4   0x080037d4   0x00000002   Code   RO          812    .text.HAL_TIM_IC_CaptureCallback  stm32f4xx_hal_tim.o
    0x080037d6   0x080037d6   0x00000002   PAD
    0x080037d8   0x080037d8   0x0000016a   Code   RO          810    .text.HAL_TIM_IRQHandler  stm32f4xx_hal_tim.o
    0x08003942   0x08003942   0x00000002   PAD
    0x08003944   0x08003944   0x00000002   Code   RO          814    .text.HAL_TIM_OC_DelayElapsedCallback  stm32f4xx_hal_tim.o
    0x08003946   0x08003946   0x00000002   PAD
    0x08003948   0x08003948   0x00000002   Code   RO          816    .text.HAL_TIM_PWM_PulseFinishedCallback  stm32f4xx_hal_tim.o
    0x0800394a   0x0800394a   0x00000002   PAD
    0x0800394c   0x0800394c   0x00000002   Code   RO          818    .text.HAL_TIM_PeriodElapsedCallback  stm32f4xx_hal_tim.o
    0x0800394e   0x0800394e   0x00000002   PAD
    0x08003950   0x08003950   0x00000002   Code   RO          820    .text.HAL_TIM_TriggerCallback  stm32f4xx_hal_tim.o
    0x08003952   0x08003952   0x00000002   PAD
    0x08003954   0x08003954   0x0000005e   Code   RO          995    .text.HAL_UART_Init  stm32f4xx_hal_uart.o
    0x080039b2   0x080039b2   0x00000002   PAD
    0x080039b4   0x080039b4   0x00000074   Code   RO           71    .text.HAL_UART_MspInit  usart.o
    0x08003a28   0x08003a28   0x0000017c   Code   RO         1011    .text.HAL_UART_Transmit  stm32f4xx_hal_uart.o
    0x08003ba4   0x08003ba4   0x0000006a   Code   RO         1357    .text.HW_EscRead    el9800hw.o
    0x08003c0e   0x08003c0e   0x00000002   PAD
    0x08003c10   0x08003c10   0x00000062   Code   RO         1365    .text.HW_EscReadIsr  el9800hw.o
    0x08003c72   0x08003c72   0x00000002   PAD
    0x08003c74   0x08003c74   0x0000006a   Code   RO         1355    .text.HW_EscWrite   el9800hw.o
    0x08003cde   0x08003cde   0x00000002   PAD
    0x08003ce0   0x08003ce0   0x00000062   Code   RO         1369    .text.HW_EscWriteIsr  el9800hw.o
    0x08003d42   0x08003d42   0x00000002   PAD
    0x08003d44   0x08003d44   0x00000040   Code   RO         1361    .text.HW_GetALEventRegister  el9800hw.o
    0x08003d84   0x08003d84   0x0000004a   Code   RO         1363    .text.HW_GetALEventRegister_Isr  el9800hw.o
    0x08003dce   0x08003dce   0x00000002   PAD
    0x08003dd0   0x08003dd0   0x000000e8   Code   RO         1353    .text.HW_Init       el9800hw.o
    0x08003eb8   0x08003eb8   0x00000002   Code   RO         1359    .text.HW_Release    el9800hw.o
    0x08003eba   0x08003eba   0x00000002   PAD
    0x08003ebc   0x08003ebc   0x00000094   Code   RO         1214    .text.HandleCycleTimeMeasurement  ecatappl.o
    0x08003f50   0x08003f50   0x00000002   Code   RO           86    .text.HardFault_Handler  stm32f4xx_it.o
    0x08003f52   0x08003f52   0x00000002   PAD
    0x08003f54   0x08003f54   0x00000050   Code   RO         1568    .text.INIT_ESC_TIME  my_bsp_ec.o
    0x08003fa4   0x08003fa4   0x0000004c   Code   RO         1562    .text.INIT_ISR_EXTI3  my_bsp_ec.o
    0x08003ff0   0x08003ff0   0x0000004c   Code   RO         1564    .text.INIT_SYNC0_EXTI4  my_bsp_ec.o
    0x0800403c   0x0800403c   0x0000004c   Code   RO         1566    .text.INIT_SYNC1_EXTI7  my_bsp_ec.o
    0x08004088   0x08004088   0x00000166   Code   RO         1411    .text.MBX_CheckAndCopyMailbox  mailbox.o
    0x080041ee   0x080041ee   0x00000002   PAD
    0x080041f0   0x080041f0   0x000000ee   Code   RO         1407    .text.MBX_CopyToSendMailbox  mailbox.o
    0x080042de   0x080042de   0x00000002   PAD
    0x080042e0   0x080042e0   0x000000ee   Code   RO         1393    .text.MBX_Init      mailbox.o
    0x080043ce   0x080043ce   0x00000002   PAD
    0x080043d0   0x080043d0   0x000000aa   Code   RO         1405    .text.MBX_MailboxReadInd  mailbox.o
    0x0800447a   0x0800447a   0x00000002   PAD
    0x0800447c   0x0800447c   0x00000064   Code   RO         1409    .text.MBX_MailboxRepeatReq  mailbox.o
    0x080044e0   0x080044e0   0x000000b2   Code   RO         1403    .text.MBX_MailboxSendReq  mailbox.o
    0x08004592   0x08004592   0x00000002   PAD
    0x08004594   0x08004594   0x00000110   Code   RO         1401    .text.MBX_MailboxWriteInd  mailbox.o
    0x080046a4   0x080046a4   0x000000fa   Code   RO         1413    .text.MBX_Main      mailbox.o
    0x0800479e   0x0800479e   0x00000002   PAD
    0x080047a0   0x080047a0   0x000000a6   Code   RO         1395    .text.MBX_StartMailboxHandler  mailbox.o
    0x08004846   0x08004846   0x00000002   PAD
    0x08004848   0x08004848   0x0000014c   Code   RO         1397    .text.MBX_StopMailboxHandler  mailbox.o
    0x08004994   0x08004994   0x0000026a   Code   RO           26    .text.MX_GPIO_Init  gpio.o
    0x08004bfe   0x08004bfe   0x00000002   PAD
    0x08004c00   0x08004c00   0x0000004e   Code   RO           36    .text.MX_SPI3_Init  spi.o
    0x08004c4e   0x08004c4e   0x00000002   PAD
    0x08004c50   0x08004c50   0x00000038   Code   RO           51    .text.MX_TIM6_Init  tim.o
    0x08004c88   0x08004c88   0x00000038   Code   RO           53    .text.MX_TIM7_Init  tim.o
    0x08004cc0   0x08004cc0   0x0000003c   Code   RO           69    .text.MX_USART1_UART_Init  usart.o
    0x08004cfc   0x08004cfc   0x00000094   Code   RO         1226    .text.MainInit      ecatappl.o
    0x08004d90   0x08004d90   0x00000198   Code   RO         1228    .text.MainLoop      ecatappl.o
    0x08004f28   0x08004f28   0x00000002   Code   RO           88    .text.MemManage_Handler  stm32f4xx_it.o
    0x08004f2a   0x08004f2a   0x00000006   Code   RO           84    .text.NMI_Handler   stm32f4xx_it.o
    0x08004f30   0x08004f30   0x000000f8   Code   RO         1453    .text.OBJ_GetDesc   objdef.o
    0x08005028   0x08005028   0x00000022   Code   RO         1449    .text.OBJ_GetEntryDesc  objdef.o
    0x0800504a   0x0800504a   0x00000002   PAD
    0x0800504c   0x0800504c   0x000000ec   Code   RO         1457    .text.OBJ_GetEntryOffset  objdef.o
    0x08005138   0x08005138   0x0000008a   Code   RO         1447    .text.OBJ_GetNoOfObjects  objdef.o
    0x080051c2   0x080051c2   0x00000002   PAD
    0x080051c4   0x080051c4   0x00000004   Code   RO         1455    .text.OBJ_GetObjDesc  objdef.o
    0x080051c8   0x080051c8   0x0000001e   Code   RO         1441    .text.OBJ_GetObjectHandle  objdef.o
    0x080051e6   0x080051e6   0x00000002   PAD
    0x080051e8   0x080051e8   0x000000a8   Code   RO         1443    .text.OBJ_GetObjectLength  objdef.o
    0x08005290   0x08005290   0x000000e0   Code   RO         1451    .text.OBJ_GetObjectList  objdef.o
    0x08005370   0x08005370   0x0000041e   Code   RO         1461    .text.OBJ_Read      objdef.o
    0x0800578e   0x0800578e   0x00000002   PAD
    0x08005790   0x08005790   0x0000050c   Code   RO         1463    .text.OBJ_Write     objdef.o
    0x08005c9c   0x08005c9c   0x0000000c   Code   RO           59    .text.OUTLINED_FUNCTION_0  tim.o
    0x08005ca8   0x08005ca8   0x000000c8   Code   RO          131    .text.OledStatus_Init  oled_status.o
    0x08005d70   0x08005d70   0x00000036   Code   RO          141    .text.OledStatus_SetCommand  oled_status.o
    0x08005da6   0x08005da6   0x00000002   PAD
    0x08005da8   0x08005da8   0x0000002c   Code   RO          139    .text.OledStatus_SetEthercat  oled_status.o
    0x08005dd4   0x08005dd4   0x00000046   Code   RO          135    .text.OledStatus_Task  oled_status.o
    0x08005e1a   0x08005e1a   0x00000002   PAD
    0x08005e1c   0x08005e1c   0x00000148   Code   RO         1218    .text.PDI_Isr       ecatappl.o
    0x08005f64   0x08005f64   0x000000b6   Code   RO         1208    .text.PDO_InputMapping  ecatappl.o
    0x0800601a   0x0800601a   0x00000002   PAD
    0x0800601c   0x0800601c   0x000000d6   Code   RO         1212    .text.PDO_OutputMapping  ecatappl.o
    0x080060f2   0x080060f2   0x00000002   Code   RO           98    .text.PendSV_Handler  stm32f4xx_it.o
    0x080060f4   0x080060f4   0x000000a8   Code   RO         1130    .text.Read0x10F8    coeappl.o
    0x0800619c   0x0800619c   0x00000918   Code   RO         1482    .text.SDOS_SdoInd   sdoserv.o
    0x08006ab4   0x08006ab4   0x000002b0   Code   RO         1488    .text.SDOS_SdoInfoInd  sdoserv.o
    0x08006d64   0x08006d64   0x000000e8   Code   RO         1484    .text.SDOS_SdoRes   sdoserv.o
    0x08006e4c   0x08006e4c   0x000000b2   Code   RO         1486    .text.SODS_ClearPendingResponse  sdoserv.o
    0x08006efe   0x08006efe   0x00000002   PAD
    0x08006f00   0x08006f00   0x00000062   Code   RO         1606    .text.SPIReadDRegister  spidriver.o
    0x08006f62   0x08006f62   0x00000002   PAD
    0x08006f64   0x08006f64   0x000000e4   Code   RO         1584    .text.SPIReadDWord  spidriver.o
    0x08007048   0x08007048   0x000001a6   Code   RO         1602    .text.SPIReadPDRamRegister  spidriver.o
    0x080071ee   0x080071ee   0x00000002   PAD
    0x080071f0   0x080071f0   0x000000d2   Code   RO         1598    .text.SPIWriteDWord  spidriver.o
    0x080072c2   0x080072c2   0x00000002   PAD
    0x080072c4   0x080072c4   0x0000019e   Code   RO         1604    .text.SPIWritePDRamRegister  spidriver.o
    0x08007462   0x08007462   0x00000002   PAD
    0x08007464   0x08007464   0x0000006e   Code   RO         1608    .text.SPIWriteRegister  spidriver.o
    0x080074d2   0x080074d2   0x00000002   PAD
    0x080074d4   0x080074d4   0x00000058   Code   RO          194    .text.SPI_EndRxTransaction  stm32f4xx_hal_spi.o
    0x0800752c   0x0800752c   0x000000ce   Code   RO          286    .text.SPI_WaitFlagStateUntilTimeout  stm32f4xx_hal_spi.o
    0x080075fa   0x080075fa   0x00000002   Code   RO           94    .text.SVC_Handler   stm32f4xx_it.o
    0x080075fc   0x080075fc   0x000000be   Code   RO         1480    .text.SdoRes        sdoserv.o
    0x080076ba   0x080076ba   0x00000002   PAD
    0x080076bc   0x080076bc   0x0000004a   Code   RO         1268    .text.SetALEventMask  ecatslv.o
    0x08007706   0x08007706   0x00000002   PAD
    0x08007708   0x08007708   0x00000578   Code   RO         1280    .text.StartInputHandler  ecatslv.o
    0x08007c80   0x08007c80   0x00000184   Code   RO         1286    .text.StopInputHandler  ecatslv.o
    0x08007e04   0x08007e04   0x00000140   Code   RO         1222    .text.Sync0_Isr     ecatappl.o
    0x08007f44   0x08007f44   0x00000044   Code   RO         1224    .text.Sync1_Isr     ecatappl.o
    0x08007f88   0x08007f88   0x00000004   Code   RO          100    .text.SysTick_Handler  stm32f4xx_it.o
    0x08007f8c   0x08007f8c   0x000000be   Code   RO           13    .text.SystemClock_Config  main.o
    0x0800804a   0x0800804a   0x00000002   PAD
    0x0800804c   0x0800804c   0x00000012   Code   RO         1115    .text.SystemInit    system_stm32f4xx.o
    0x0800805e   0x0800805e   0x00000002   PAD
    0x08008060   0x08008060   0x0000005c   Code   RO         1373    .text.TIM2_IRQHandler  el9800hw.o
    0x080080bc   0x080080bc   0x0000000c   Code   RO          108    .text.TIM6_DAC_IRQHandler  stm32f4xx_it.o
    0x080080c8   0x080080c8   0x00000014   Code   RO          110    .text.TIM7_IRQHandler  stm32f4xx_it.o
    0x080080dc   0x080080dc   0x00000124   Code   RO          680    .text.TIM_Base_SetConfig  stm32f4xx_hal_tim.o
    0x08008200   0x08008200   0x000000de   Code   RO          999    .text.UART_SetConfig  stm32f4xx_hal_uart.o
    0x080082de   0x080082de   0x00000002   PAD
    0x080082e0   0x080082e0   0x00000034   Code   RO         1270    .text.UpdateEEPROMLoadedState  ecatslv.o
    0x08008314   0x08008314   0x00000002   Code   RO           92    .text.UsageFault_Handler  stm32f4xx_it.o
    0x08008316   0x08008316   0x00000002   PAD
    0x08008318   0x08008318   0x00000020   Code   RO           65    .text.fputc         usart.o
    0x08008338   0x08008338   0x0000008e   Code   RO           11    .text.main          main.o
    0x080083c6   0x080083c6   0x00000002   PAD
    0x080083c8   0x080083c8   0x000000fc   Code   RO         1582    .text.mem_test      spidriver.o
    0x080084c4   0x080084c4   0x00000024   Code   RO          133    .text.oled_cmd      oled_status.o
    0x080084e8   0x080084e8   0x0000004c   Code   RO          157    .text.oled_data     oled_status.o
    0x08008534   0x08008534   0x00000008   Code   RO          149    .text.oled_delay    oled_status.o
    0x0800853c   0x0800853c   0x000000e4   Code   RO          155    .text.oled_draw_char  oled_status.o
    0x08008620   0x08008620   0x0000005a   Code   RO          151    .text.oled_draw_text  oled_status.o
    0x0800867a   0x0800867a   0x00000002   PAD
    0x0800867c   0x0800867c   0x00000056   Code   RO          153    .text.oled_flush    oled_status.o
    0x080086d2   0x080086d2   0x00000002   PAD
    0x080086d4   0x080086d4   0x00000136   Code   RO          137    .text.oled_render   oled_status.o
    0x0800880a   0x0800880a   0x00000002   PAD
    0x0800880c   0x0800880c   0x00000026   Code   RO          143    .text.oled_select   oled_status.o
    0x08008832   0x08008832   0x00000002   PAD
    0x08008834   0x08008834   0x00000062   Code   RO          145    .text.oled_write9   oled_status.o
    0x08008896   0x08008896   0x00000002   PAD
    0x08008898   0x08008898   0x00000048   Code   RO          147    .text.oled_write_bit  oled_status.o
    0x080088e0   0x080088e0   0x0000001e   Code   RO          126    .text.xy2_pack_word  galvo_xy2_100.o
    0x080088fe   0x080088fe   0x00000002   PAD
    0x08008900   0x08008900   0x00000020   Code   RO         1867    i.__0printf         mc_w.l(printfa.o)
    0x08008920   0x08008920   0x00000034   Code   RO         1868    i.__0snprintf       mc_w.l(printfa.o)
    0x08008954   0x08008954   0x0000000e   Code   RO         1974    i.__scatterload_copy  mc_w.l(handlers.o)
    0x08008962   0x08008962   0x00000002   Code   RO         1975    i.__scatterload_null  mc_w.l(handlers.o)
    0x08008964   0x08008964   0x0000000e   Code   RO         1976    i.__scatterload_zeroinit  mc_w.l(handlers.o)
    0x08008972   0x08008972   0x00000002   PAD
    0x08008974   0x08008974   0x00000184   Code   RO         1874    i._fp_digits        mc_w.l(printfa.o)
    0x08008af8   0x08008af8   0x000006dc   Code   RO         1875    i._printf_core      mc_w.l(printfa.o)
    0x080091d4   0x080091d4   0x00000024   Code   RO         1876    i._printf_post_padding  mc_w.l(printfa.o)
    0x080091f8   0x080091f8   0x0000002e   Code   RO         1877    i._printf_pre_padding  mc_w.l(printfa.o)
    0x08009226   0x08009226   0x00000016   Code   RO         1878    i._snputc           mc_w.l(printfa.o)
    0x0800923c   0x0800923c   0x00000050   Code   RO         1895    i.free              mc_w.l(malloc.o)
    0x0800928c   0x0800928c   0x0000006c   Code   RO         1896    i.malloc            mc_w.l(malloc.o)
    0x080092f8   0x080092f8   0x00000024   Code   RO         1620    i.puts              mc_w.l(puts.o)
    0x0800931c   0x0800931c   0x00000010   Data   RO         1120    .rodata.AHBPrescTable  system_stm32f4xx.o
    0x0800932c   0x0800932c   0x00000008   Data   RO         1121    .rodata.APBPrescTable  system_stm32f4xx.o
    0x08009334   0x08009334   0x00000127   Data   RO          164    .rodata.Font5x7     oled_status.o
    0x0800945b   0x0800945b   0x0000000c   Data   RO         1170    .rodata.aName0x1000  coeappl.o
    0x08009467   0x08009467   0x0000000f   Data   RO         1173    .rodata.aName0x1001  coeappl.o
    0x08009476   0x08009476   0x0000000c   Data   RO         1176    .rodata.aName0x1008  coeappl.o
    0x08009482   0x08009482   0x00000011   Data   RO         1179    .rodata.aName0x1009  coeappl.o
    0x08009493   0x08009493   0x00000011   Data   RO         1182    .rodata.aName0x100A  coeappl.o
    0x080094a4   0x080094a4   0x00000039   Data   RO         1185    .rodata.aName0x1018  coeappl.o
    0x080094dd   0x080094dd   0x0000003f   Data   RO         1187    .rodata.aName0x10F1  coeappl.o
    0x0800951c   0x0800951c   0x00000013   Data   RO         1189    .rodata.aName0x10F8  coeappl.o
    0x0800952f   0x0800952f   0x0000002d   Data   RO         1154    .rodata.aName0x1601  coeappl.o
    0x0800955c   0x0800955c   0x0000002c   Data   RO         1156    .rodata.aName0x1A00  coeappl.o
    0x08009588   0x08009588   0x00000012   Data   RO         1194    .rodata.aName0x1C00  coeappl.o
    0x0800959a   0x0800959a   0x0000001b   Data   RO         1158    .rodata.aName0x1C12  coeappl.o
    0x080095b5   0x080095b5   0x0000001b   Data   RO         1160    .rodata.aName0x1C13  coeappl.o
    0x080095d0   0x080095d0   0x00000100   Data   RO         1196    .rodata.aName0x1C32  coeappl.o
    0x080096d0   0x080096d0   0x000000ff   Data   RO         1197    .rodata.aName0x1C33  coeappl.o
    0x080097cf   0x080097cf   0x0000001c   Data   RO         1162    .rodata.aName0x6000  coeappl.o
    0x080097eb   0x080097eb   0x00000016   Data   RO         1164    .rodata.aName0x7010  coeappl.o
    0x08009801   0x08009801   0x00000044   Data   RO         1166    .rodata.aName0xF000  coeappl.o
    0x08009845   0x08009845   0x00000001   PAD
    0x08009846   0x08009846   0x0000001e   Data   RO         1184    .rodata.asEntryDesc0x1018  coeappl.o
    0x08009864   0x08009864   0x00000012   Data   RO         1186    .rodata.asEntryDesc0x10F1  coeappl.o
    0x08009876   0x08009876   0x00000012   Data   RO         1153    .rodata.asEntryDesc0x1601  coeappl.o
    0x08009888   0x08009888   0x00000012   Data   RO         1155    .rodata.asEntryDesc0x1A00  coeappl.o
    0x0800989a   0x0800989a   0x0000000c   Data   RO         1193    .rodata.asEntryDesc0x1C00  coeappl.o
    0x080098a6   0x080098a6   0x0000000c   Data   RO         1157    .rodata.asEntryDesc0x1C12  coeappl.o
    0x080098b2   0x080098b2   0x0000000c   Data   RO         1159    .rodata.asEntryDesc0x1C13  coeappl.o
    0x080098be   0x080098be   0x000000c6   Data   RO         1195    .rodata.asEntryDesc0x1C3x  coeappl.o
    0x08009984   0x08009984   0x00000012   Data   RO         1161    .rodata.asEntryDesc0x6000  coeappl.o
    0x08009996   0x08009996   0x00000012   Data   RO         1163    .rodata.asEntryDesc0x7010  coeappl.o
    0x080099a8   0x080099a8   0x00000012   Data   RO         1165    .rodata.asEntryDesc0xF000  coeappl.o
    0x080099ba   0x080099ba   0x00000002   PAD
    0x080099bc   0x080099bc   0x00000078   Data   RO         1490    .rodata.cAbortCode  sdoserv.o
    0x08009a34   0x08009a34   0x00000020   Data   RO         1467    .rodata.cBitMask    objdef.o
    0x08009a54   0x08009a54   0x00000006   Data   RO         1169    .rodata.sEntryDesc0x1000  coeappl.o
    0x08009a5a   0x08009a5a   0x00000006   Data   RO         1172    .rodata.sEntryDesc0x1001  coeappl.o
    0x08009a60   0x08009a60   0x00000006   Data   RO         1175    .rodata.sEntryDesc0x1008  coeappl.o
    0x08009a66   0x08009a66   0x00000006   Data   RO         1178    .rodata.sEntryDesc0x1009  coeappl.o
    0x08009a6c   0x08009a6c   0x00000006   Data   RO         1181    .rodata.sEntryDesc0x100A  coeappl.o
    0x08009a72   0x08009a72   0x00000006   Data   RO         1188    .rodata.sEntryDesc0x10F8  coeappl.o
    0x08009a78   0x08009a78   0x0000001c   Data   RO           17    .rodata.str1.1      main.o
    0x08009a94   0x08009a94   0x0000004e   Data   RO          163    .rodata.str1.1      oled_status.o
    0x08009ae2   0x08009ae2   0x00000028   Data   RO         1552    .rodata.str1.1      ssc-device.o
    0x08009b0a   0x08009b0a   0x00000002   PAD
    0x08009b0c   0x08009b0c   0x00000020   Data   RO         1973    Region$$Table       anon$$obj.o


    Execution Region RW_IRAM1 (Exec base: 0x20000000, Load base: 0x08009b30, Size: 0x00003be8, Max: 0x0001c000, ABSOLUTE, COMPRESSED[0x00000198])

    Exec Addr    Load Addr    Size         Type   Attr      Idx    E Section Name        Object

    0x20000000   COMPRESSED   0x00000004   Data   RW         1937    .data               mc_w.l(stdout.o)
    0x20000004   COMPRESSED   0x00000004   Data   RW         1953    .data               mc_w.l(mvars.o)
    0x20000008   COMPRESSED   0x00000004   Data   RW         1954    .data               mc_w.l(mvars.o)
    0x2000000c   COMPRESSED   0x00000140   Data   RW         1167    .data.ApplicationObjDic  coeappl.o
    0x2000014c   COMPRESSED   0x000001e0   Data   RW         1199    .data.GenObjDic     coeappl.o
    0x2000032c   COMPRESSED   0x00000010   Data   RW         1545    .data.InputMapping00x1A00  ssc-device.o
    0x2000033c   COMPRESSED   0x00000006   Data   RW         1550    .data.ModularDeviceProfile0xF000  ssc-device.o
    0x20000342   COMPRESSED   0x00000008   Data   RW         1548    .data.Obj0x6000     ssc-device.o
    0x2000034a   COMPRESSED   0x0000000a   Data   RW         1549    .data.Obj0x7010     ssc-device.o
    0x20000354   COMPRESSED   0x00000014   Data   RW         1544    .data.OutputMapping10x1601  ssc-device.o
    0x20000368   COMPRESSED   0x00000004   Data   RW         1119    .data.SystemCoreClock  system_stm32f4xx.o
    0x2000036c   COMPRESSED   0x0000000d   Data   RW         1466    .data.aSubindexDesc  objdef.o
    0x20000379   COMPRESSED   0x0000000b   Data   RW         1174    .data.acDevicename  coeappl.o
    0x20000384   COMPRESSED   0x00000005   Data   RW         1177    .data.acHardwareversion  coeappl.o
    0x20000389   COMPRESSED   0x00000005   Data   RW         1180    .data.acSoftwareversion  coeappl.o
    0x2000038e   COMPRESSED   0x00000002   PAD
    0x20000390   COMPRESSED   0x0000000c   Data   RW         1465    .data.sErrorSettings  objdef.o
    0x2000039c   COMPRESSED   0x00000014   Data   RW         1183    .data.sIdentity     coeappl.o
    0x200003b0   COMPRESSED   0x00000002   Data   RW         1551    .data.sLastSequence  ssc-device.o
    0x200003b2   COMPRESSED   0x00000004   Data   RW         1546    .data.sRxPDOassign  ssc-device.o
    0x200003b6   COMPRESSED   0x00000006   Data   RW         1192    .data.sSyncmanagertype  coeappl.o
    0x200003bc   COMPRESSED   0x00000004   Data   RW         1547    .data.sTxPDOassign  ssc-device.o
    0x200003c0   COMPRESSED   0x00000004   Data   RW         1168    .data.u32Devicetype  coeappl.o
    0x200003c4   COMPRESSED   0x00000001   Data   RW          640    .data.uwTickFreq    stm32f4xx_hal.o
    0x200003c5   COMPRESSED   0x00000003   PAD
    0x200003c8   COMPRESSED   0x00000004   Data   RW          639    .data.uwTickPrio    stm32f4xx_hal.o
    0x200003cc   COMPRESSED   0x00000004   PAD
    0x200003d0        -       0x00000002   Zero   RW         1326    .bss.EcatWdValue    ecatslv.o
    0x200003d2        -       0x00000001   Zero   RW         1307    .bss.EepromLoaded   ecatslv.o
    0x200003d3   COMPRESSED   0x00000001   PAD
    0x200003d4        -       0x00000002   Zero   RW         1379    .bss.EscALEvent     el9800hw.o
    0x200003d6        -       0x00000002   Zero   RW         1339    .bss.EsmTimeoutCounter  ecatslv.o
    0x200003d8        -       0x00000002   Zero   RW         1323    .bss.LatchInputSync0Counter  ecatslv.o
    0x200003da        -       0x00000002   Zero   RW         1322    .bss.LatchInputSync0Value  ecatslv.o
    0x200003dc        -       0x00000004   Zero   RW         1198    .bss.ObjDicList     coeappl.o
    0x200003e0        -       0x00000002   Zero   RW         1306    .bss.SMActivate     ecatslv.o
    0x200003e2        -       0x00000002   Zero   RW         1328    .bss.Sync0WdCounter  ecatslv.o
    0x200003e4        -       0x00000002   Zero   RW         1327    .bss.Sync0WdValue   ecatslv.o
    0x200003e6        -       0x00000002   Zero   RW         1329    .bss.Sync1WdCounter  ecatslv.o
    0x200003e8        -       0x00000002   Zero   RW         1330    .bss.Sync1WdValue   ecatslv.o
    0x200003ea        -       0x00000008   Zero   RW         1308    .bss.SyncManInfo    ecatslv.o
    0x200003f2        -       0x00000002   Zero   RW         1380    .bss.TIM2_IRQHandler.number_led_tick  el9800hw.o
    0x200003f4        -       0x00000044   Zero   RW         1231    .bss.aPdInputData   ecatappl.o
    0x20000438        -       0x00000044   Zero   RW         1235    .bss.aPdOutputData  ecatappl.o
    0x2000047c        -       0x0000000e   Zero   RW         1510    .bss.aSdoInfoHeader  sdoserv.o
    0x2000048a        -       0x00000001   Zero   RW         1344    .bss.b32BitDc       ecatslv.o
    0x2000048b        -       0x00000001   Zero   RW         1310    .bss.b3BufferMode   ecatslv.o
    0x2000048c        -       0x00000001   Zero   RW         1340    .bss.bApplEsmPending  ecatslv.o
    0x2000048d        -       0x00000001   Zero   RW         1331    .bss.bDcRunning     ecatslv.o
    0x2000048e        -       0x00000001   Zero   RW         1321    .bss.bDcSyncActive  ecatslv.o
    0x2000048f        -       0x00000001   Zero   RW         1319    .bss.bEcatFirstOutputsReceived  ecatslv.o
    0x20000490        -       0x00000001   Zero   RW         1338    .bss.bEcatInputUpdateRunning  ecatslv.o
    0x20000491        -       0x00000001   Zero   RW         1337    .bss.bEcatOutputUpdateRunning  ecatslv.o
    0x20000492        -       0x00000001   Zero   RW         1342    .bss.bEcatWaitForAlControlRes  ecatslv.o
    0x20000493        -       0x00000001   Zero   RW         1320    .bss.bEscIntEnabled  ecatslv.o
    0x20000494        -       0x00000001   Zero   RW         1230    .bss.bInitFinished  ecatappl.o
    0x20000495        -       0x00000001   Zero   RW         1334    .bss.bLocalErrorFlag  ecatslv.o
    0x20000496        -       0x00000001   Zero   RW         1425    .bss.bMbxRepeatToggle  mailbox.o
    0x20000497        -       0x00000001   Zero   RW         1426    .bss.bMbxRunning    mailbox.o
    0x20000498        -       0x00000001   Zero   RW         1233    .bss.bMinCycleTimeMeasurementStarted  ecatappl.o
    0x20000499        -       0x00000001   Zero   RW         1432    .bss.bNoMbxMemoryAvailable  mailbox.o
    0x2000049a        -       0x00000001   Zero   RW         1428    .bss.bReceiveMbxIsLocked  mailbox.o
    0x2000049b        -       0x00000001   Zero   RW         1242    .bss.bRunApplication  ecatappl.o
    0x2000049c        -       0x00000001   Zero   RW         1491    .bss.bSdoInWork     sdoserv.o
    0x2000049d        -       0x00000001   Zero   RW         1494    .bss.bSdoSegAccess  sdoserv.o
    0x2000049e        -       0x00000001   Zero   RW         1492    .bss.bSdoSegFollows  sdoserv.o
    0x2000049f        -       0x00000001   Zero   RW         1493    .bss.bSdoSegLastToggle  sdoserv.o
    0x200004a0        -       0x00000001   Zero   RW         1427    .bss.bSendMbxIsFull  mailbox.o
    0x200004a1        -       0x00000001   Zero   RW         1332    .bss.bSmSyncSequenceValid  ecatslv.o
    0x200004a2        -       0x00000001   Zero   RW         1502    .bss.bStoreCompleteAccess  sdoserv.o
    0x200004a3        -       0x00000001   Zero   RW         1470    .bss.bSyncSetByUser  objdef.o
    0x200004a4        -       0x00000001   Zero   RW         1316    .bss.bWdTrigger     ecatslv.o
    0x200004a5   COMPRESSED   0x00000003   PAD
    0x200004a8        -       0x00000058   Zero   RW           43    .bss.hspi3          spi.o
    0x20000500        -       0x00000048   Zero   RW           61    .bss.htim6          tim.o
    0x20000548        -       0x00000048   Zero   RW           62    .bss.htim7          tim.o
    0x20000590        -       0x00000048   Zero   RW         1570    .bss.htimx          my_bsp_ec.o
    0x200005d8        -       0x00000044   Zero   RW           75    .bss.huart1         usart.o
    0x2000061c        -       0x00000002   Zero   RW         1336    .bss.i16WaitForPllRunningCnt  ecatslv.o
    0x2000061e        -       0x00000002   Zero   RW         1333    .bss.i16WaitForPllRunningTimeout  ecatslv.o
    0x20000620        -       0x00000001   Zero   RW         1312    .bss.nAlStatus      ecatslv.o
    0x20000621   COMPRESSED   0x00000001   PAD
    0x20000622        -       0x00000002   Zero   RW         1341    .bss.nEcatStateTrans  ecatslv.o
    0x20000624        -       0x00000002   Zero   RW         1313    .bss.nEscAddrInputData  ecatslv.o
    0x20000626        -       0x00000002   Zero   RW         1315    .bss.nEscAddrOutputData  ecatslv.o
    0x20000628        -       0x00000002   Zero   RW         1309    .bss.nMaxEscAddress  ecatslv.o
    0x2000062a        -       0x00000001   Zero   RW         1317    .bss.nMaxSyncMan    ecatslv.o
    0x2000062b   COMPRESSED   0x00000001   PAD
    0x2000062c        -       0x00000002   Zero   RW         1311    .bss.nPdInputSize   ecatslv.o
    0x2000062e        -       0x00000002   Zero   RW         1314    .bss.nPdOutputSize  ecatslv.o
    0x20000630        -       0x00000002   Zero   RW         1511    .bss.nSdoInfoFragmentsLeft  sdoserv.o
    0x20000632        -       0x00000002   Zero   RW         1512    .bss.nSdoInfoIndex  sdoserv.o
    0x20000634        -       0x00000004   Zero   RW         1509    .bss.nSdoSegBytesToHandle  sdoserv.o
    0x20000638        -       0x00000004   Zero   RW         1498    .bss.nSdoSegCompleteSize  sdoserv.o
    0x2000063c        -       0x00000002   Zero   RW         1495    .bss.nSdoSegIndex   sdoserv.o
    0x2000063e        -       0x00000001   Zero   RW         1500    .bss.nSdoSegService  sdoserv.o
    0x2000063f        -       0x00000001   Zero   RW         1496    .bss.nSdoSegSubindex  sdoserv.o
    0x20000640        -       0x00000004   Zero   RW         1238    .bss.pAPPL_MainLoop  ecatappl.o
    0x20000644        -       0x00000004   Zero   RW         1257    .bss.pCoeSendStored  ecatcoe.o
    0x20000648        -       0x00000004   Zero   RW         1513    .bss.pSdoInfoObjEntry  sdoserv.o
    0x2000064c        -       0x00000004   Zero   RW         1507    .bss.pSdoPendFunc   sdoserv.o
    0x20000650        -       0x00000004   Zero   RW         1508    .bss.pSdoResStored  sdoserv.o
    0x20000654        -       0x00000004   Zero   RW         1499    .bss.pSdoSegData    sdoserv.o
    0x20000658        -       0x00000004   Zero   RW         1497    .bss.pSdoSegObjEntry  sdoserv.o
    0x2000065c        -       0x00000004   Zero   RW         1506    .bss.pStoreData     sdoserv.o
    0x20000660        -       0x00000004   Zero   RW         1423    .bss.psReadMbx      mailbox.o
    0x20000664        -       0x00000004   Zero   RW         1422    .bss.psRepeatMbx    mailbox.o
    0x20000668        -       0x00000004   Zero   RW         1424    .bss.psStoreMbx     mailbox.o
    0x2000066c        -       0x00000004   Zero   RW         1421    .bss.psWriteMbx     mailbox.o
    0x20000670        -       0x00000400   Zero   RW          162    .bss.sBuffer        oled_status.o
    0x20000a70        -       0x00000002   Zero   RW         1471    .bss.sCycleDiag     objdef.o
    0x20000a72   COMPRESSED   0x00000002   PAD
    0x20000a74        -       0x00000024   Zero   RW          128    .bss.sGalvo         galvo_xy2_100.o
    0x20000a98        -       0x00000004   Zero   RW          160    .bss.sLastRefresh   oled_status.o
    0x20000a9c        -       0x00000034   Zero   RW         1419    .bss.sMbxReceiveQueue  mailbox.o
    0x20000ad0        -       0x00000034   Zero   RW         1420    .bss.sMbxSendQueue  mailbox.o
    0x20000b04        -       0x00000001   Zero   RW          159    .bss.sReady         oled_status.o
    0x20000b05   COMPRESSED   0x00000001   PAD
    0x20000b06        -       0x0000000e   Zero   RW          161    .bss.sStatus        oled_status.o
    0x20000b14        -       0x00000044   Zero   RW         1469    .bss.sSyncManInPar  objdef.o
    0x20000b58        -       0x00000044   Zero   RW         1468    .bss.sSyncManOutPar  objdef.o
    0x20000b9c        -       0x00000002   Zero   RW         1318    .bss.u16ALEventMask  ecatslv.o
    0x20000b9e        -       0x00000002   Zero   RW         1171    .bss.u16ErrorRegister  coeappl.o
    0x20000ba0        -       0x00000002   Zero   RW         1417    .bss.u16EscAddrReceiveMbx  mailbox.o
    0x20000ba2        -       0x00000002   Zero   RW         1418    .bss.u16EscAddrSendMbx  mailbox.o
    0x20000ba4        -       0x00000002   Zero   RW         1335    .bss.u16LocalErrorCode  ecatslv.o
    0x20000ba6        -       0x00000002   Zero   RW         1415    .bss.u16ReceiveMbxSize  mailbox.o
    0x20000ba8        -       0x00000002   Zero   RW         1416    .bss.u16SendMbxSize  mailbox.o
    0x20000baa        -       0x00000002   Zero   RW         1325    .bss.u16SmSync0Counter  ecatslv.o
    0x20000bac        -       0x00000002   Zero   RW         1324    .bss.u16SmSync0Value  ecatslv.o
    0x20000bae        -       0x00000002   Zero   RW         1504    .bss.u16StoreIndex  sdoserv.o
    0x20000bb0        -       0x00000002   Zero   RW         1343    .bss.u16dummy       ecatslv.o
    0x20000bb2   COMPRESSED   0x00000002   PAD
    0x20000bb4        -       0x00000004   Zero   RW         1191    .bss.u32CheckForDcOverrunCnt  coeappl.o
    0x20000bb8        -       0x00000004   Zero   RW         1236    .bss.u32CycleTimeStartValue  ecatappl.o
    0x20000bbc        -       0x00000004   Zero   RW         1190    .bss.u32LastDc32Value  coeappl.o
    0x20000bc0        -       0x00000004   Zero   RW         1232    .bss.u32MinCycleTimeStartValue  ecatappl.o
    0x20000bc4        -       0x00000004   Zero   RW         1234    .bss.u32MinCycleTimeValue  ecatappl.o
    0x20000bc8        -       0x00000004   Zero   RW         1505    .bss.u32StoreDataSize  sdoserv.o
    0x20000bcc        -       0x00000004   Zero   RW         1237    .bss.u32SystemTimeReadFailure  ecatappl.o
    0x20000bd0        -       0x00000008   Zero   RW         1152    .bss.u64Timestamp   coeappl.o
    0x20000bd8        -       0x00000001   Zero   RW         1429    .bss.u8MailboxSendReqStored  mailbox.o
    0x20000bd9        -       0x00000001   Zero   RW         1431    .bss.u8MbxReadCounter  mailbox.o
    0x20000bda        -       0x00000001   Zero   RW         1430    .bss.u8MbxWriteCounter  mailbox.o
    0x20000bdb        -       0x00000001   Zero   RW         1501    .bss.u8PendingSdo   sdoserv.o
    0x20000bdc        -       0x00000001   Zero   RW         1503    .bss.u8StoreSubindex  sdoserv.o
    0x20000bdd   COMPRESSED   0x00000003   PAD
    0x20000be0        -       0x00000004   Zero   RW          641    .bss.uwTick         stm32f4xx_hal.o
    0x20000be4   COMPRESSED   0x00000004   PAD
    0x20000be8        -       0x00001000   Zero   RW            2    HEAP                startup_stm32f407xx.o
    0x20001be8        -       0x00002000   Zero   RW            1    STACK               startup_stm32f407xx.o


    Execution Region RW_IRAM2 (Exec base: 0x2001c000, Load base: 0x08009cc8, Size: 0x00000000, Max: 0x00004000, ABSOLUTE)

    **** No section assigned to this execution region ****


==============================================================================

Image component sizes


      Code (inc. data)   RO Data    RW Data    ZI Data      Debug   Object Name

      1200          0       1410        851         22       8922   coeappl.o
      1944          0          0          0        159       8756   ecatappl.o
       140          8          0          0          4       2562   ecatcoe.o
      6328        296          0          0         68      18696   ecatslv.o
       922          0          0          0          4       9717   el9800hw.o
       498         12          0          0         36        160   galvo_xy2_100.o
       618          0          0          0          0       2361   gpio.o
      2302          0          0          0        136       9157   mailbox.o
       346          0         28          0          0       2855   main.o
       308          0          0          0         72       7466   my_bsp_ec.o
      3714        250         32         25        139      16765   objdef.o
      1410          0        373          0       1043       4331   oled_status.o
      3616          0        120          0         67      13093   sdoserv.o
       350          0          0          0         88       5237   spi.o
      1734        112          0          0          0      11390   spidriver.o
       962          0         40         70          0       4939   ssc-device.o
        36          8        392          0      12288        868   startup_stm32f407xx.o
       212          0          0          5          4       7347   stm32f4xx_hal.o
       196          0          0          0          0      10480   stm32f4xx_hal_cortex.o
       448          0          0          0          0       5152   stm32f4xx_hal_gpio.o
        60          0          0          0          0       1654   stm32f4xx_hal_msp.o
      1436          4          0          0          0       7529   stm32f4xx_hal_rcc.o
      1800          0          0          0          0      23268   stm32f4xx_hal_spi.o
       922          0          0          0          0      57941   stm32f4xx_hal_tim.o
       192          0          0          0          0      22247   stm32f4xx_hal_tim_ex.o
       696          0          0          0          0      28049   stm32f4xx_hal_uart.o
        74          8          0          0          0        252   stm32f4xx_it.o
        18          0         24          4          0       2754   system_stm32f4xx.o
       276         28          0          0        144        124   tim.o
       208          0          0          0         68       5586   usart.o

    ----------------------------------------------------------------------
     33132        726       2456        960      14364     299658   Object Totals
         0          0         32          0          0          0   (incl. Generated)
       166          0          5          5         22          0   (incl. Padding)

    ----------------------------------------------------------------------

      Code (inc. data)   RO Data    RW Data    ZI Data      Debug   Library Member Name

        86          0          0          0          0          0   __dczerorl2.o
         0          0          0          0          0          0   entry.o
         0          0          0          0          0          0   entry10a.o
         0          0          0          0          0          0   entry11a.o
         8          4          0          0          0          0   entry2.o
         4          0          0          0          0          0   entry5.o
         0          0          0          0          0          0   entry7b.o
         0          0          0          0          0          0   entry8b.o
         8          4          0          0          0          0   entry9a.o
        30          0          0          0          0          0   handlers.o
        48         10          0          0          0         68   init.o
         0          0          0          0          0          0   iusefp.o
        30          0          0          0          0         68   llshl.o
        36          0          0          0          0         68   llsshr.o
        32          0          0          0          0         68   llushr.o
       188         20          0          0          0        160   malloc.o
        36          0          0          0          0         68   memcpya.o
        36          0          0          0          0        108   memseta.o
         0          0          0          8          0          0   mvars.o
      2332         94          0          0          0        608   printfa.o
        36          6          0          0          0         80   puts.o
         0          0          0          4          0          0   stdout.o
        14          0          0          0          0         68   strlen.o
        44          0          0          0          0         80   uidiv.o
        98          0          0          0          0         92   uldiv.o
        48          0          0          0          0         68   cdrcmple.o
       334          0          0          0          0        148   dadd.o
       222          0          0          0          0        100   ddiv.o
       186          0          0          0          0        176   depilogue.o
        48          0          0          0          0         68   dfixul.o
       228          0          0          0          0         96   dmul.o

    ----------------------------------------------------------------------
      4136        138          0         12          0       2192   Library Totals
         4          0          0          0          0          0   (incl. Padding)

    ----------------------------------------------------------------------

      Code (inc. data)   RO Data    RW Data    ZI Data      Debug   Library Name

      3066        138          0         12          0       1536   mc_w.l
      1066          0          0          0          0        656   mf_w.l

    ----------------------------------------------------------------------
      4136        138          0         12          0       2192   Library Totals

    ----------------------------------------------------------------------

==============================================================================


      Code (inc. data)   RO Data    RW Data    ZI Data      Debug   

     37268        864       2456        972      14364     300430   Grand Totals
     37268        864       2456        408      14364     300430   ELF Image Totals (compressed)
     37268        864       2456        408          0          0   ROM Totals

==============================================================================

    Total RO  Size (Code + RO Data)                39724 (  38.79kB)
    Total RW  Size (RW Data + ZI Data)             15336 (  14.98kB)
    Total ROM Size (Code + RO Data + RW Data)      40132 (  39.19kB)

==============================================================================

