<html>
<body>
<pre>
<h1>礦ision Build Log</h1>
<h2>Tool Versions:</h2>
IDE-Version: μVision V5.43.1.0
Copyright (C) 2025 ARM Ltd and ARM Germany GmbH. All rights reserved.
License Information: Ruisong Zhang
hku
User-based license: Keil MDK Community (non-commercial free of charge)
Valid until: Jun 1 2033. Cached until: Jun 28 2026
 
Tool Versions:
Toolchain:       Keil MDK Community (non-commercial free of charge  Version: 5.43.0.0
Toolchain Path:  D:\keil5\Core\ARM\ARMCLANG\Bin
C Compiler:      ArmClang.exe V6.24
Assembler:       Armasm.exe V6.24
Linker/Locator:  ArmLink.exe V6.24
Library Manager: ArmAr.exe V6.24
Hex Converter:   FromElf.exe V6.24
CPU DLL:         SARMCM3.DLL V5.43.0.0
Dialog DLL:      DCM.DLL V1.17.5.0
Target DLL:      STLink\ST-LINKIII-KEIL_SWO.dll V3.3.1.0
Dialog DLL:      TCM.DLL V1.56.6.0
 
<h2>Project:</h2>
E:\IFOV\自定义振镜从站\单从站IO调试\lan9252-stm32f407vet6\HL_IO_test1(5.12)\MDK-ARM\test1.uvprojx
Project File Date:  06/22/2026

<h2>Output:</h2>
*** Using Compiler 'V6.24', folder: 'D:\keil5\Core\ARM\ARMCLANG\Bin'
Rebuild target 'HL_IO_test1(5.12)'
assembling startup_stm32f407xx.s...
compiling stm32f4xx_hal_flash_ramfunc.c...
compiling gpio.c...
compiling stm32f4xx_hal_msp.c...
compiling stm32f4xx_it.c...
compiling spi.c...
compiling tim.c...
compiling stm32f4xx_hal_gpio.c...
compiling stm32f4xx_hal_rcc_ex.c...
compiling usart.c...
compiling main.c...
compiling stm32f4xx_hal_flash_ex.c...
compiling stm32f4xx_hal_dma_ex.c...
compiling stm32f4xx_hal_flash.c...
compiling stm32f4xx_hal_rcc.c...
compiling stm32f4xx_hal_spi.c...
compiling stm32f4xx_hal_pwr.c...
compiling stm32f4xx_hal_dma.c...
compiling stm32f4xx_hal_pwr_ex.c...
compiling ecatcoe.c...
compiling stm32f4xx_hal_cortex.c...
compiling system_stm32f4xx.c...
compiling stm32f4xx_hal.c...
compiling el9800hw.c...
../SSC/Src/coeappl.c(883): warning: comparison of array 'ApplicationObjDic' not equal to a null pointer is always true [-Wtautological-pointer-compare]
  883 |     if(ApplicationObjDic != NULL)
      |        ^~~~~~~~~~~~~~~~~    ~~~~
1 warning generated.
compiling coeappl.c...
compiling stm32f4xx_hal_exti.c...
../SSC/Src/ecatappl.c(361): warning: integer literal is too large to be represented in type 'long', interpreting as 'unsigned long' per C89; this literal will have type 'long long' in C99 onwards [-Wc99-compat]
  361 |     if (!b32BitDc || ((u64Timestamp & 0xFFFFFFFF) <= 4293000000))
      |                                                      ^
1 warning generated.
compiling ecatappl.c...
compiling mailbox.c...
compiling sdoserv.c...
compiling stm32f4xx_hal_tim_ex.c...
compiling ecatslv.c...
../SSC/Src/objdef.c(540): warning: result of comparison of constant 65535 with expression of type 'const unsigned char' is always true [-Wtautological-constant-out-of-range-compare]
  540 |                 &&( pSubDesc[0] != 0xFF && pSubDesc[0] != 0xFE && pSubDesc[0] != 0xFFFF))
      |                                                                   ~~~~~~~~~~~ ^  ~~~~~~
../SSC/Src/objdef.c(940): warning: cast to smaller integer type 'unsigned short' from 'unsigned short *' [-Wpointer-to-int-cast]
  940 |             if((((MEM_ADDR)pVarPtr) & 0x1) == 0x1)
      |                  ^~~~~~~~~~~~~~~~~
../SSC/Src/objdef.c(947): warning: cast to smaller integer type 'unsigned short' from 'unsigned short *' [-Wpointer-to-int-cast]
  947 |                 pVarPtr = (UINT16 MBXMEM *)(((MEM_ADDR)pVarPtr)& ~(MEM_ADDR)0x1);
      |                                              ^~~~~~~~~~~~~~~~~
3 warnings generated.
compiling objdef.c...
compiling stm32f4xx_hal_uart.c...
compiling SSC-Device.c...
compiling stm32f4xx_hal_tim.c...
compiling my_bsp_ec.c...
compiling SPIDriver.c...
linking...
Program Size: Code=32344 RO-data=2012 RW-data=952 ZI-data=13280  
FromELF: creating hex file...
"HL-EACT_F4_SSCV5.12\HL-EACT_F4_SSCV5.12" - 0 Error(s), 5 Warning(s).

<h2>Software Packages used:</h2>

Package Vendor: ARM
                https://www.keil.com/pack/ARM.CMSIS.6.2.0.pack
                ARM::CMSIS@6.2.0
                CMSIS (Common Microcontroller Software Interface Standard)
   * Component: CORE Version: 6.1.1

Package Vendor: Keil
                http://www.keil.com/pack/Keil.STM32F4xx_DFP.2.16.0.pack
                Keil::STM32F4xx_DFP@2.16.0
                STMicroelectronics STM32F4 Series Device Support, Drivers and Examples

<h2>Collection of Component include folders:</h2>
  ./RTE/_HL_IO_test1_5.12_
  D:/keil5/Package/ARM/CMSIS/6.2.0/CMSIS/Core/Include
  D:/keil5/Package/Keil/STM32F4xx_DFP/2.16.0/Drivers/CMSIS/Device/ST/STM32F4xx/Include

<h2>Collection of Component Files used:</h2>

   * Component: ARM::CMSIS:CORE@6.1.1
Build Time Elapsed:  00:00:02
</pre>
</body>
</html>
