Component: Arm Compiler for Embedded 6.24 Tool: armlink [5f371500]

==============================================================================

Section Cross References

    startup_stm32f407xx.o(RESET) refers to startup_stm32f407xx.o(STACK) for __initial_sp
    startup_stm32f407xx.o(RESET) refers to startup_stm32f407xx.o(.text) for Reset_Handler
    startup_stm32f407xx.o(RESET) refers to stm32f4xx_it.o(.text.NMI_Handler) for NMI_Handler
    startup_stm32f407xx.o(RESET) refers to stm32f4xx_it.o(.text.HardFault_Handler) for HardFault_Handler
    startup_stm32f407xx.o(RESET) refers to stm32f4xx_it.o(.text.MemManage_Handler) for MemManage_Handler
    startup_stm32f407xx.o(RESET) refers to stm32f4xx_it.o(.text.BusFault_Handler) for BusFault_Handler
    startup_stm32f407xx.o(RESET) refers to stm32f4xx_it.o(.text.UsageFault_Handler) for UsageFault_Handler
    startup_stm32f407xx.o(RESET) refers to stm32f4xx_it.o(.text.SVC_Handler) for SVC_Handler
    startup_stm32f407xx.o(RESET) refers to stm32f4xx_it.o(.text.DebugMon_Handler) for DebugMon_Handler
    startup_stm32f407xx.o(RESET) refers to stm32f4xx_it.o(.text.PendSV_Handler) for PendSV_Handler
    startup_stm32f407xx.o(RESET) refers to stm32f4xx_it.o(.text.SysTick_Handler) for SysTick_Handler
    startup_stm32f407xx.o(RESET) refers to stm32f4xx_it.o(.text.EXTI3_IRQHandler) for EXTI3_IRQHandler
    startup_stm32f407xx.o(RESET) refers to stm32f4xx_it.o(.text.EXTI4_IRQHandler) for EXTI4_IRQHandler
    startup_stm32f407xx.o(RESET) refers to stm32f4xx_it.o(.text.EXTI9_5_IRQHandler) for EXTI9_5_IRQHandler
    startup_stm32f407xx.o(RESET) refers to el9800hw.o(.text.TIM2_IRQHandler) for TIM2_IRQHandler
    startup_stm32f407xx.o(RESET) refers to stm32f4xx_it.o(.text.TIM6_DAC_IRQHandler) for TIM6_DAC_IRQHandler
    startup_stm32f407xx.o(RESET) refers to stm32f4xx_it.o(.text.TIM7_IRQHandler) for TIM7_IRQHandler
    startup_stm32f407xx.o(.text) refers to system_stm32f4xx.o(.text.SystemInit) for SystemInit
    startup_stm32f407xx.o(.text) refers to entry.o(.ARM.Collect$$$$00000000) for __main
    main.o(.text.main) refers to stm32f4xx_hal.o(.text.HAL_Init) for HAL_Init
    main.o(.text.main) refers to main.o(.text.SystemClock_Config) for SystemClock_Config
    main.o(.text.main) refers to gpio.o(.text.MX_GPIO_Init) for MX_GPIO_Init
    main.o(.text.main) refers to tim.o(.text.MX_TIM6_Init) for MX_TIM6_Init
    main.o(.text.main) refers to spi.o(.text.MX_SPI3_Init) for MX_SPI3_Init
    main.o(.text.main) refers to tim.o(.text.MX_TIM7_Init) for MX_TIM7_Init
    main.o(.text.main) refers to usart.o(.text.MX_USART1_UART_Init) for MX_USART1_UART_Init
    main.o(.text.main) refers to puts.o(i.puts) for puts
    main.o(.text.main) refers to el9800hw.o(.text.HW_Init) for HW_Init
    main.o(.text.main) refers to ecatappl.o(.text.MainInit) for MainInit
    main.o(.text.main) refers to ecatappl.o(.bss.bRunApplication) for bRunApplication
    main.o(.text.main) refers to ecatappl.o(.text.MainLoop) for MainLoop
    main.o(.text.main) refers to el9800hw.o(.text.HW_Release) for HW_Release
    main.o(.text.main) refers to stm32f4xx_hal.o(.text.HAL_Delay) for HAL_Delay
    main.o(.ARM.exidx.text.main) refers to main.o(.text.main) for [Anonymous Symbol]
    main.o(.text.SystemClock_Config) refers to memseta.o(.text) for __aeabi_memclr4
    main.o(.text.SystemClock_Config) refers to stm32f4xx_hal_rcc.o(.text.HAL_RCC_OscConfig) for HAL_RCC_OscConfig
    main.o(.text.SystemClock_Config) refers to stm32f4xx_hal_rcc.o(.text.HAL_RCC_ClockConfig) for HAL_RCC_ClockConfig
    main.o(.text.SystemClock_Config) refers to stm32f4xx_hal_rcc.o(.text.HAL_RCC_EnableCSS) for HAL_RCC_EnableCSS
    main.o(.ARM.exidx.text.SystemClock_Config) refers to main.o(.text.SystemClock_Config) for [Anonymous Symbol]
    main.o(.ARM.exidx.text.Error_Handler) refers to main.o(.text.Error_Handler) for [Anonymous Symbol]
    gpio.o(.text.MX_GPIO_Init) refers to stm32f4xx_hal_gpio.o(.text.HAL_GPIO_WritePin) for HAL_GPIO_WritePin
    gpio.o(.text.MX_GPIO_Init) refers to stm32f4xx_hal_gpio.o(.text.HAL_GPIO_Init) for HAL_GPIO_Init
    gpio.o(.ARM.exidx.text.MX_GPIO_Init) refers to gpio.o(.text.MX_GPIO_Init) for [Anonymous Symbol]
    spi.o(.text.MX_SPI3_Init) refers to spi.o(.bss.hspi3) for hspi3
    spi.o(.text.MX_SPI3_Init) refers to stm32f4xx_hal_spi.o(.text.HAL_SPI_Init) for HAL_SPI_Init
    spi.o(.text.MX_SPI3_Init) refers to main.o(.text.Error_Handler) for Error_Handler
    spi.o(.ARM.exidx.text.MX_SPI3_Init) refers to spi.o(.text.MX_SPI3_Init) for [Anonymous Symbol]
    spi.o(.text.HAL_SPI_MspInit) refers to stm32f4xx_hal_gpio.o(.text.HAL_GPIO_Init) for HAL_GPIO_Init
    spi.o(.ARM.exidx.text.HAL_SPI_MspInit) refers to spi.o(.text.HAL_SPI_MspInit) for [Anonymous Symbol]
    spi.o(.text.HAL_SPI_MspDeInit) refers to stm32f4xx_hal_gpio.o(.text.HAL_GPIO_DeInit) for HAL_GPIO_DeInit
[...]
    I2C1_EV_IRQHandler                       0x080001b7   Thumb Code     0  startup_stm32f407xx.o(.text)
    I2C2_ER_IRQHandler                       0x080001b7   Thumb Code     0  startup_stm32f407xx.o(.text)
    I2C2_EV_IRQHandler                       0x080001b7   Thumb Code     0  startup_stm32f407xx.o(.text)
    I2C3_ER_IRQHandler                       0x080001b7   Thumb Code     0  startup_stm32f407xx.o(.text)
    I2C3_EV_IRQHandler                       0x080001b7   Thumb Code     0  startup_stm32f407xx.o(.text)
    OTG_FS_IRQHandler                        0x080001b7   Thumb Code     0  startup_stm32f407xx.o(.text)
    OTG_FS_WKUP_IRQHandler                   0x080001b7   Thumb Code     0  startup_stm32f407xx.o(.text)
    OTG_HS_EP1_IN_IRQHandler                 0x080001b7   Thumb Code     0  startup_stm32f407xx.o(.text)
    OTG_HS_EP1_OUT_IRQHandler                0x080001b7   Thumb Code     0  startup_stm32f407xx.o(.text)
    OTG_HS_IRQHandler                        0x080001b7   Thumb Code     0  startup_stm32f407xx.o(.text)
    OTG_HS_WKUP_IRQHandler                   0x080001b7   Thumb Code     0  startup_stm32f407xx.o(.text)
    PVD_IRQHandler                           0x080001b7   Thumb Code     0  startup_stm32f407xx.o(.text)
    RCC_IRQHandler                           0x080001b7   Thumb Code     0  startup_stm32f407xx.o(.text)
    RTC_Alarm_IRQHandler                     0x080001b7   Thumb Code     0  startup_stm32f407xx.o(.text)
    RTC_WKUP_IRQHandler                      0x080001b7   Thumb Code     0  startup_stm32f407xx.o(.text)
    SDIO_IRQHandler                          0x080001b7   Thumb Code     0  startup_stm32f407xx.o(.text)
    SPI1_IRQHandler                          0x080001b7   Thumb Code     0  startup_stm32f407xx.o(.text)
    SPI2_IRQHandler                          0x080001b7   Thumb Code     0  startup_stm32f407xx.o(.text)
    SPI3_IRQHandler                          0x080001b7   Thumb Code     0  startup_stm32f407xx.o(.text)
    TAMP_STAMP_IRQHandler                    0x080001b7   Thumb Code     0  startup_stm32f407xx.o(.text)
    TIM1_BRK_TIM9_IRQHandler                 0x080001b7   Thumb Code     0  startup_stm32f407xx.o(.text)
    TIM1_CC_IRQHandler                       0x080001b7   Thumb Code     0  startup_stm32f407xx.o(.text)
    TIM1_TRG_COM_TIM11_IRQHandler            0x080001b7   Thumb Code     0  startup_stm32f407xx.o(.text)
    TIM1_UP_TIM10_IRQHandler                 0x080001b7   Thumb Code     0  startup_stm32f407xx.o(.text)
    TIM3_IRQHandler                          0x080001b7   Thumb Code     0  startup_stm32f407xx.o(.text)
    TIM4_IRQHandler                          0x080001b7   Thumb Code     0  startup_stm32f407xx.o(.text)
    TIM5_IRQHandler                          0x080001b7   Thumb Code     0  startup_stm32f407xx.o(.text)
    TIM8_BRK_TIM12_IRQHandler                0x080001b7   Thumb Code     0  startup_stm32f407xx.o(.text)
    TIM8_CC_IRQHandler                       0x080001b7   Thumb Code     0  startup_stm32f407xx.o(.text)
    TIM8_TRG_COM_TIM14_IRQHandler            0x080001b7   Thumb Code     0  startup_stm32f407xx.o(.text)
    TIM8_UP_TIM13_IRQHandler                 0x080001b7   Thumb Code     0  startup_stm32f407xx.o(.text)
    UART4_IRQHandler                         0x080001b7   Thumb Code     0  startup_stm32f407xx.o(.text)
    UART5_IRQHandler                         0x080001b7   Thumb Code     0  startup_stm32f407xx.o(.text)
    USART1_IRQHandler                        0x080001b7   Thumb Code     0  startup_stm32f407xx.o(.text)
    USART2_IRQHandler                        0x080001b7   Thumb Code     0  startup_stm32f407xx.o(.text)
    USART3_IRQHandler                        0x080001b7   Thumb Code     0  startup_stm32f407xx.o(.text)
    USART6_IRQHandler                        0x080001b7   Thumb Code     0  startup_stm32f407xx.o(.text)
    WWDG_IRQHandler                          0x080001b7   Thumb Code     0  startup_stm32f407xx.o(.text)
    __aeabi_uldivmod                         0x080001c1   Thumb Code    98  uldiv.o(.text)
    __aeabi_memcpy                           0x08000223   Thumb Code    36  memcpya.o(.text)
    __aeabi_memcpy4                          0x08000223   Thumb Code     0  memcpya.o(.text)
    __aeabi_memcpy8                          0x08000223   Thumb Code     0  memcpya.o(.text)
    __aeabi_memset                           0x08000247   Thumb Code    14  memseta.o(.text)
    __aeabi_memset4                          0x08000247   Thumb Code     0  memseta.o(.text)
    __aeabi_memset8                          0x08000247   Thumb Code     0  memseta.o(.text)
    __aeabi_memclr                           0x08000255   Thumb Code     4  memseta.o(.text)
    __aeabi_memclr4                          0x08000255   Thumb Code     0  memseta.o(.text)
    __aeabi_memclr8                          0x08000255   Thumb Code     0  memseta.o(.text)
    _memset$wrapper                          0x08000259   Thumb Code    18  memseta.o(.text)
    strlen                                   0x0800026b   Thumb Code    14  strlen.o(.text)
    __aeabi_llsl                             0x08000279   Thumb Code    30  llshl.o(.text)
    _ll_shift_l                              0x08000279   Thumb Code     0  llshl.o(.text)
    __aeabi_llsr                             0x08000297   Thumb Code    32  llushr.o(.text)
    _ll_ushift_r                             0x08000297   Thumb Code     0  llushr.o(.text)
    __scatterload                            0x080002b9   Thumb Code    38  init.o(.text)
    __scatterload_rt2                        0x080002b9   Thumb Code     0  init.o(.text)
    __decompress                             0x080002e9   Thumb Code     0  __dczerorl2.o(.text)
    __decompress1                            0x080002e9   Thumb Code    86  __dczerorl2.o(.text)
    AL_ControlInd                            0x08000341   Thumb Code  1658  ecatslv.o(.text.AL_ControlInd)
    AL_ControlRes                            0x080009bd   Thumb Code   736  ecatslv.o(.text.AL_ControlRes)
    APPL_AckErrorInd                         0x08000c9d   Thumb Code     2  ssc-device.o(.text.APPL_AckErrorInd)
    APPL_Application                         0x08000ca1   Thumb Code   106  ssc-device.o(.text.APPL_Application)
    APPL_GenerateMapping                     0x08000d0d   Thumb Code   302  ssc-device.o(.text.APPL_GenerateMapping)
    APPL_InputMapping                        0x08000e3d   Thumb Code    96  ssc-device.o(.text.APPL_InputMapping)
    APPL_OutputMapping                       0x08000ec9   Thumb Code    96  ssc-device.o(.text.APPL_OutputMapping)
    APPL_StartInputHandler                   0x08000f51   Thumb Code     4  ssc-device.o(.text.APPL_StartInputHandler)
    APPL_StartMailboxHandler                 0x08000f55   Thumb Code     4  ssc-device.o(.text.APPL_StartMailboxHandler)
    APPL_StartOutputHandler                  0x08000f59   Thumb Code     4  ssc-device.o(.text.APPL_StartOutputHandler)
    APPL_StopInputHandler                    0x08000f5d   Thumb Code     4  ssc-device.o(.text.APPL_StopInputHandler)
    APPL_StopMailboxHandler                  0x08000f61   Thumb Code     4  ssc-device.o(.text.APPL_StopMailboxHandler)
    APPL_StopOutputHandler                   0x08000f65   Thumb Code     4  ssc-device.o(.text.APPL_StopOutputHandler)
    BusFault_Handler                         0x08000f69   Thumb Code     2  stm32f4xx_it.o(.text.BusFault_Handler)
    COE_ContinueInd                          0x08000f6d   Thumb Code    70  ecatcoe.o(.text.COE_ContinueInd)
    COE_GetObjectDictionary                  0x08000fb5   Thumb Code    12  coeappl.o(.text.COE_GetObjectDictionary)
    COE_Init                                 0x08000fc1   Thumb Code    24  ecatcoe.o(.text.COE_Init)
    COE_Main                                 0x08000fd9   Thumb Code   190  coeappl.o(.text.COE_Main)
    COE_ObjDictionaryInit                    0x08001099   Thumb Code   296  coeappl.o(.text.COE_ObjDictionaryInit)
    COE_ObjInit                              0x080011c1   Thumb Code   340  coeappl.o(.text.COE_ObjInit)
    COE_ServiceInd                           0x08001315   Thumb Code    46  ecatcoe.o(.text.COE_ServiceInd)
    COE_SyncTimeStamp                        0x08001345   Thumb Code   104  coeappl.o(.text.COE_SyncTimeStamp)
    COE_UpdateSyncErrorStatus                0x080013ad   Thumb Code    90  coeappl.o(.text.COE_UpdateSyncErrorStatus)
    CheckIfEcatError                         0x08001409   Thumb Code   148  ecatslv.o(.text.CheckIfEcatError)
    CheckSmSettings                          0x0800149d   Thumb Code   610  ecatslv.o(.text.CheckSmSettings)
    CheckSyncTypeValue                       0x08001701   Thumb Code   286  objdef.o(.text.CheckSyncTypeValue)
    DC_CheckWatchdog                         0x08001821   Thumb Code   290  ecatslv.o(.text.DC_CheckWatchdog)
    DebugMon_Handler                         0x08001945   Thumb Code     2  stm32f4xx_it.o(.text.DebugMon_Handler)
    DisableSyncManChannel                    0x08001949   Thumb Code    54  ecatslv.o(.text.DisableSyncManChannel)
    ECAT_CheckTimer                          0x08001981   Thumb Code   128  ecatappl.o(.text.ECAT_CheckTimer)
    ECAT_Init                                0x08001a01   Thumb Code   538  ecatslv.o(.text.ECAT_Init)
    ECAT_Main                                0x08001c1d   Thumb Code   298  ecatslv.o(.text.ECAT_Main)
    EXTI3_IRQHandler                         0x08001d49   Thumb Code     6  stm32f4xx_it.o(.text.EXTI3_IRQHandler)
    EXTI4_IRQHandler                         0x08001d51   Thumb Code     6  stm32f4xx_it.o(.text.EXTI4_IRQHandler)
    EXTI9_5_IRQHandler                       0x08001d59   Thumb Code     6  stm32f4xx_it.o(.text.EXTI9_5_IRQHandler)
    EnableSyncManChannel                     0x08001d61   Thumb Code    54  ecatslv.o(.text.EnableSyncManChannel)
    Error_Handler                            0x08001d99   Thumb Code    10  main.o(.text.Error_Handler)
    GetSyncMan                               0x08001da5   Thumb Code    28  ecatslv.o(.text.GetSyncMan)
    HAL_Delay                                0x08001dc1   Thumb Code    40  stm32f4xx_hal.o(.text.HAL_Delay)
    HAL_GPIO_EXTI_Callback                   0x08001de9   Thumb Code    50  el9800hw.o(.text.HAL_GPIO_EXTI_Callback)
    HAL_GPIO_EXTI_IRQHandler                 0x08001e1d   Thumb Code    22  stm32f4xx_hal_gpio.o(.text.HAL_GPIO_EXTI_IRQHandler)
    HAL_GPIO_Init                            0x08001e35   Thumb Code   400  stm32f4xx_hal_gpio.o(.text.HAL_GPIO_Init)
    HAL_GPIO_ReadPin                         0x08001fc5   Thumb Code    10  stm32f4xx_hal_gpio.o(.text.HAL_GPIO_ReadPin)
    HAL_GPIO_TogglePin                       0x08001fd1   Thumb Code    16  stm32f4xx_hal_gpio.o(.text.HAL_GPIO_TogglePin)
    HAL_GPIO_WritePin                        0x08001fe1   Thumb Code    10  stm32f4xx_hal_gpio.o(.text.HAL_GPIO_WritePin)
    HAL_GetTick                              0x08001fed   Thumb Code    12  stm32f4xx_hal.o(.text.HAL_GetTick)
    HAL_IncTick                              0x08001ff9   Thumb Code    26  stm32f4xx_hal.o(.text.HAL_IncTick)
    HAL_Init                                 0x08002015   Thumb Code    54  stm32f4xx_hal.o(.text.HAL_Init)
    HAL_InitTick                             0x0800204d   Thumb Code    80  stm32f4xx_hal.o(.text.HAL_InitTick)
    HAL_MspInit                              0x0800209d   Thumb Code    60  stm32f4xx_hal_msp.o(.text.HAL_MspInit)
    HAL_NVIC_EnableIRQ                       0x080020d9   Thumb Code    34  stm32f4xx_hal_cortex.o(.text.HAL_NVIC_EnableIRQ)
    HAL_NVIC_SetPriority                     0x080020fd   Thumb Code    86  stm32f4xx_hal_cortex.o(.text.HAL_NVIC_SetPriority)
    HAL_NVIC_SetPriorityGrouping             0x08002155   Thumb Code    32  stm32f4xx_hal_cortex.o(.text.HAL_NVIC_SetPriorityGrouping)
    HAL_RCC_CSSCallback                      0x08002175   Thumb Code     2  stm32f4xx_hal_rcc.o(.text.HAL_RCC_CSSCallback)
    HAL_RCC_ClockConfig                      0x08002179   Thumb Code   352  stm32f4xx_hal_rcc.o(.text.HAL_RCC_ClockConfig)
    HAL_RCC_EnableCSS                        0x080022d9   Thumb Code    12  stm32f4xx_hal_rcc.o(.text.HAL_RCC_EnableCSS)
    HAL_RCC_GetPCLK1Freq                     0x080022e5   Thumb Code    38  stm32f4xx_hal_rcc.o(.text.HAL_RCC_GetPCLK1Freq)
    HAL_RCC_GetPCLK2Freq                     0x0800230d   Thumb Code    38  stm32f4xx_hal_rcc.o(.text.HAL_RCC_GetPCLK2Freq)
    HAL_RCC_GetSysClockFreq                  0x08002335   Thumb Code   106  stm32f4xx_hal_rcc.o(.text.HAL_RCC_GetSysClockFreq)
    HAL_RCC_NMI_IRQHandler                   0x080023a1   Thumb Code    28  stm32f4xx_hal_rcc.o(.text.HAL_RCC_NMI_IRQHandler)
    HAL_RCC_OscConfig                        0x080023bd   Thumb Code   860  stm32f4xx_hal_rcc.o(.text.HAL_RCC_OscConfig)
    HAL_SPI_Init                             0x08002719   Thumb Code   176  stm32f4xx_hal_spi.o(.text.HAL_SPI_Init)
    HAL_SPI_MspInit                          0x080027c9   Thumb Code   116  spi.o(.text.HAL_SPI_MspInit)
    HAL_SPI_Receive                          0x0800283d   Thumb Code   334  stm32f4xx_hal_spi.o(.text.HAL_SPI_Receive)
    HAL_SPI_Transmit                         0x0800298d   Thumb Code   450  stm32f4xx_hal_spi.o(.text.HAL_SPI_Transmit)
    HAL_SPI_TransmitReceive                  0x08002b51   Thumb Code   546  stm32f4xx_hal_spi.o(.text.HAL_SPI_TransmitReceive)
    HAL_SYSTICK_Config                       0x08002d75   Thumb Code    44  stm32f4xx_hal_cortex.o(.text.HAL_SYSTICK_Config)
    HAL_TIMEx_BreakCallback                  0x08002da1   Thumb Code     2  stm32f4xx_hal_tim_ex.o(.text.HAL_TIMEx_BreakCallback)
    HAL_TIMEx_CommutCallback                 0x08002da5   Thumb Code     2  stm32f4xx_hal_tim_ex.o(.text.HAL_TIMEx_CommutCallback)
    HAL_TIMEx_MasterConfigSynchronization    0x08002da9   Thumb Code   188  stm32f4xx_hal_tim_ex.o(.text.HAL_TIMEx_MasterConfigSynchronization)
    HAL_TIM_Base_Init                        0x08002e65   Thumb Code    90  stm32f4xx_hal_tim.o(.text.HAL_TIM_Base_Init)
    HAL_TIM_Base_MspInit                     0x08002ec1   Thumb Code   174  tim.o(.text.HAL_TIM_Base_MspInit)
    HAL_TIM_Base_Start_IT                    0x08002f71   Thumb Code   168  stm32f4xx_hal_tim.o(.text.HAL_TIM_Base_Start_IT)
    HAL_TIM_IC_CaptureCallback               0x08003019   Thumb Code     2  stm32f4xx_hal_tim.o(.text.HAL_TIM_IC_CaptureCallback)
    HAL_TIM_IRQHandler                       0x0800301d   Thumb Code   362  stm32f4xx_hal_tim.o(.text.HAL_TIM_IRQHandler)
    HAL_TIM_OC_DelayElapsedCallback          0x08003189   Thumb Code     2  stm32f4xx_hal_tim.o(.text.HAL_TIM_OC_DelayElapsedCallback)
    HAL_TIM_PWM_PulseFinishedCallback        0x0800318d   Thumb Code     2  stm32f4xx_hal_tim.o(.text.HAL_TIM_PWM_PulseFinishedCallback)
    HAL_TIM_PeriodElapsedCallback            0x08003191   Thumb Code     2  stm32f4xx_hal_tim.o(.text.HAL_TIM_PeriodElapsedCallback)
    HAL_TIM_TriggerCallback                  0x08003195   Thumb Code     2  stm32f4xx_hal_tim.o(.text.HAL_TIM_TriggerCallback)
    HAL_UART_Init                            0x08003199   Thumb Code    94  stm32f4xx_hal_uart.o(.text.HAL_UART_Init)
    HAL_UART_MspInit                         0x080031f9   Thumb Code   116  usart.o(.text.HAL_UART_MspInit)
    HAL_UART_Transmit                        0x0800326d   Thumb Code   380  stm32f4xx_hal_uart.o(.text.HAL_UART_Transmit)
    HW_EscRead                               0x080033e9   Thumb Code   106  el9800hw.o(.text.HW_EscRead)
    HW_EscReadIsr                            0x08003455   Thumb Code    98  el9800hw.o(.text.HW_EscReadIsr)
    HW_EscWrite                              0x080034b9   Thumb Code   106  el9800hw.o(.text.HW_EscWrite)
    HW_EscWriteIsr                           0x08003525   Thumb Code    98  el9800hw.o(.text.HW_EscWriteIsr)
    HW_GetALEventRegister                    0x08003589   Thumb Code    64  el9800hw.o(.text.HW_GetALEventRegister)
    HW_GetALEventRegister_Isr                0x080035c9   Thumb Code    74  el9800hw.o(.text.HW_GetALEventRegister_Isr)
    HW_Init                                  0x08003615   Thumb Code   232  el9800hw.o(.text.HW_Init)
    HW_Release                               0x080036fd   Thumb Code     2  el9800hw.o(.text.HW_Release)
    HandleCycleTimeMeasurement               0x08003701   Thumb Code   148  ecatappl.o(.text.HandleCycleTimeMeasurement)
    HardFault_Handler                        0x08003795   Thumb Code     2  stm32f4xx_it.o(.text.HardFault_Handler)
    INIT_ESC_TIME                            0x08003799   Thumb Code    80  my_bsp_ec.o(.text.INIT_ESC_TIME)
    INIT_ISR_EXTI3                           0x080037e9   Thumb Code    76  my_bsp_ec.o(.text.INIT_ISR_EXTI3)
    INIT_SYNC0_EXTI4                         0x08003835   Thumb Code    76  my_bsp_ec.o(.text.INIT_SYNC0_EXTI4)
    INIT_SYNC1_EXTI7                         0x08003881   Thumb Code    76  my_bsp_ec.o(.text.INIT_SYNC1_EXTI7)
    MBX_CheckAndCopyMailbox                  0x080038cd   Thumb Code   358  mailbox.o(.text.MBX_CheckAndCopyMailbox)
    MBX_CopyToSendMailbox                    0x08003a35   Thumb Code   238  mailbox.o(.text.MBX_CopyToSendMailbox)
    MBX_Init                                 0x08003b25   Thumb Code   238  mailbox.o(.text.MBX_Init)
    MBX_MailboxReadInd                       0x08003c15   Thumb Code   170  mailbox.o(.text.MBX_MailboxReadInd)
    MBX_MailboxRepeatReq                     0x08003cc1   Thumb Code   100  mailbox.o(.text.MBX_MailboxRepeatReq)
    MBX_MailboxSendReq                       0x08003d25   Thumb Code   178  mailbox.o(.text.MBX_MailboxSendReq)
    MBX_MailboxWriteInd                      0x08003dd9   Thumb Code   272  mailbox.o(.text.MBX_MailboxWriteInd)
    MBX_Main                                 0x08003ee9   Thumb Code   250  mailbox.o(.text.MBX_Main)
    MBX_StartMailboxHandler                  0x08003fe5   Thumb Code   166  mailbox.o(.text.MBX_StartMailboxHandler)
    MBX_StopMailboxHandler                   0x0800408d   Thumb Code   332  mailbox.o(.text.MBX_StopMailboxHandler)
    MX_GPIO_Init                             0x080041d9   Thumb Code   302  gpio.o(.text.MX_GPIO_Init)
    MX_SPI3_Init                             0x08004309   Thumb Code    76  spi.o(.text.MX_SPI3_Init)
    MX_TIM6_Init                             0x08004355   Thumb Code    84  tim.o(.text.MX_TIM6_Init)
    MX_TIM7_Init                             0x080043a9   Thumb Code    84  tim.o(.text.MX_TIM7_Init)
    MX_USART1_UART_Init                      0x080043fd   Thumb Code    60  usart.o(.text.MX_USART1_UART_Init)
    MainInit                                 0x08004439   Thumb Code   148  ecatappl.o(.text.MainInit)
    MainLoop                                 0x080044cd   Thumb Code   408  ecatappl.o(.text.MainLoop)
    MemManage_Handler                        0x08004665   Thumb Code     2  stm32f4xx_it.o(.text.MemManage_Handler)
    NMI_Handler                              0x08004669   Thumb Code     6  stm32f4xx_it.o(.text.NMI_Handler)
    OBJ_GetDesc                              0x08004671   Thumb Code   248  objdef.o(.text.OBJ_GetDesc)
    OBJ_GetEntryDesc                         0x08004769   Thumb Code    34  objdef.o(.text.OBJ_GetEntryDesc)
    OBJ_GetEntryOffset                       0x0800478d   Thumb Code   236  objdef.o(.text.OBJ_GetEntryOffset)
    OBJ_GetNoOfObjects                       0x08004879   Thumb Code   138  objdef.o(.text.OBJ_GetNoOfObjects)
    OBJ_GetObjDesc                           0x08004905   Thumb Code     4  objdef.o(.text.OBJ_GetObjDesc)
    OBJ_GetObjectHandle                      0x08004909   Thumb Code    30  objdef.o(.text.OBJ_GetObjectHandle)
    OBJ_GetObjectLength                      0x08004929   Thumb Code   168  objdef.o(.text.OBJ_GetObjectLength)
    OBJ_GetObjectList                        0x080049d1   Thumb Code   224  objdef.o(.text.OBJ_GetObjectList)
    OBJ_Read                                 0x08004ab1   Thumb Code  1054  objdef.o(.text.OBJ_Read)
    OBJ_Write                                0x08004ed1   Thumb Code  1292  objdef.o(.text.OBJ_Write)
    PDI_Isr                                  0x080053dd   Thumb Code   328  ecatappl.o(.text.PDI_Isr)
    PDO_InputMapping                         0x08005525   Thumb Code   182  ecatappl.o(.text.PDO_InputMapping)
    PDO_OutputMapping                        0x080055dd   Thumb Code   214  ecatappl.o(.text.PDO_OutputMapping)
    PendSV_Handler                           0x080056b5   Thumb Code     2  stm32f4xx_it.o(.text.PendSV_Handler)
    Read0x10F8                               0x080056b9   Thumb Code   168  coeappl.o(.text.Read0x10F8)
    SDOS_SdoInd                              0x08005761   Thumb Code  2328  sdoserv.o(.text.SDOS_SdoInd)
    SDOS_SdoInfoInd                          0x08006079   Thumb Code   688  sdoserv.o(.text.SDOS_SdoInfoInd)
    SDOS_SdoRes                              0x08006329   Thumb Code   232  sdoserv.o(.text.SDOS_SdoRes)
    SODS_ClearPendingResponse                0x08006411   Thumb Code   178  sdoserv.o(.text.SODS_ClearPendingResponse)
    SPIReadDRegister                         0x080064c5   Thumb Code    98  spidriver.o(.text.SPIReadDRegister)
    SPIReadDWord                             0x08006529   Thumb Code   228  spidriver.o(.text.SPIReadDWord)
    SPIReadPDRamRegister                     0x0800660d   Thumb Code   422  spidriver.o(.text.SPIReadPDRamRegister)
    SPIWriteDWord                            0x080067b5   Thumb Code   210  spidriver.o(.text.SPIWriteDWord)
    SPIWritePDRamRegister                    0x08006889   Thumb Code   414  spidriver.o(.text.SPIWritePDRamRegister)
    SPIWriteRegister                         0x08006a29   Thumb Code   110  spidriver.o(.text.SPIWriteRegister)
    SVC_Handler                              0x08006bc1   Thumb Code     2  stm32f4xx_it.o(.text.SVC_Handler)
    SdoRes                                   0x08006bc5   Thumb Code   190  sdoserv.o(.text.SdoRes)
    SetALEventMask                           0x08006c85   Thumb Code    74  ecatslv.o(.text.SetALEventMask)
    StartInputHandler                        0x08006cd1   Thumb Code  1400  ecatslv.o(.text.StartInputHandler)
    StopInputHandler                         0x08007249   Thumb Code   388  ecatslv.o(.text.StopInputHandler)
    Sync0_Isr                                0x080073cd   Thumb Code   320  ecatappl.o(.text.Sync0_Isr)
    Sync1_Isr                                0x0800750d   Thumb Code    68  ecatappl.o(.text.Sync1_Isr)
    SysTick_Handler                          0x08007551   Thumb Code     4  stm32f4xx_it.o(.text.SysTick_Handler)
    SystemClock_Config                       0x08007555   Thumb Code   178  main.o(.text.SystemClock_Config)
    SystemInit                               0x08007609   Thumb Code    18  system_stm32f4xx.o(.text.SystemInit)
    TIM2_IRQHandler                          0x0800761d   Thumb Code    92  el9800hw.o(.text.TIM2_IRQHandler)
    TIM6_DAC_IRQHandler                      0x08007679   Thumb Code    12  stm32f4xx_it.o(.text.TIM6_DAC_IRQHandler)
    TIM7_IRQHandler                          0x08007685   Thumb Code    12  stm32f4xx_it.o(.text.TIM7_IRQHandler)
    TIM_Base_SetConfig                       0x08007691   Thumb Code   292  stm32f4xx_hal_tim.o(.text.TIM_Base_SetConfig)
    UpdateEEPROMLoadedState                  0x08007895   Thumb Code    52  ecatslv.o(.text.UpdateEEPROMLoadedState)
    UsageFault_Handler                       0x080078c9   Thumb Code     2  stm32f4xx_it.o(.text.UsageFault_Handler)
    fputc                                    0x080078cd   Thumb Code    32  usart.o(.text.fputc)
    main                                     0x080078ed   Thumb Code    88  main.o(.text.main)
    mem_test                                 0x08007961   Thumb Code   140  spidriver.o(.text.mem_test)
    __0printf$8                              0x08007a5d   Thumb Code    22  printf8.o(i.__0printf$8)
    __1printf$8                              0x08007a5d   Thumb Code     0  printf8.o(i.__0printf$8)
    __2printf                                0x08007a5d   Thumb Code     0  printf8.o(i.__0printf$8)
    __scatterload_copy                       0x08007a7d   Thumb Code    14  handlers.o(i.__scatterload_copy)
    __scatterload_null                       0x08007a8b   Thumb Code     2  handlers.o(i.__scatterload_null)
    __scatterload_zeroinit                   0x08007a8d   Thumb Code    14  handlers.o(i.__scatterload_zeroinit)
    free                                     0x08007f01   Thumb Code    76  malloc.o(i.free)
    malloc                                   0x08007f51   Thumb Code    92  malloc.o(i.malloc)
    puts                                     0x08007fbd   Thumb Code    30  puts.o(i.puts)
    AHBPrescTable                            0x08007fe0   Data          16  system_stm32f4xx.o(.rodata.AHBPrescTable)
    APBPrescTable                            0x08007ff0   Data           8  system_stm32f4xx.o(.rodata.APBPrescTable)
    aName0x1000                              0x08007ff8   Data          12  coeappl.o(.rodata.aName0x1000)
    aName0x1001                              0x08008004   Data          15  coeappl.o(.rodata.aName0x1001)
    aName0x1008                              0x08008013   Data          12  coeappl.o(.rodata.aName0x1008)
    aName0x1009                              0x0800801f   Data          17  coeappl.o(.rodata.aName0x1009)
    aName0x100A                              0x08008030   Data          17  coeappl.o(.rodata.aName0x100A)
    aName0x1018                              0x08008041   Data          57  coeappl.o(.rodata.aName0x1018)
    aName0x10F1                              0x0800807a   Data          63  coeappl.o(.rodata.aName0x10F1)
    aName0x10F8                              0x080080b9   Data          19  coeappl.o(.rodata.aName0x10F8)
    aName0x1601                              0x080080cc   Data          45  coeappl.o(.rodata.aName0x1601)
    aName0x1A00                              0x080080f9   Data          44  coeappl.o(.rodata.aName0x1A00)
    aName0x1C00                              0x08008125   Data          18  coeappl.o(.rodata.aName0x1C00)
    aName0x1C12                              0x08008137   Data          27  coeappl.o(.rodata.aName0x1C12)
    aName0x1C13                              0x08008152   Data          27  coeappl.o(.rodata.aName0x1C13)
    aName0x1C32                              0x0800816d   Data         256  coeappl.o(.rodata.aName0x1C32)
    aName0x1C33                              0x0800826d   Data         255  coeappl.o(.rodata.aName0x1C33)
    aName0x6000                              0x0800836c   Data          28  coeappl.o(.rodata.aName0x6000)
    aName0x7010                              0x08008388   Data          22  coeappl.o(.rodata.aName0x7010)
    aName0xF000                              0x0800839e   Data          68  coeappl.o(.rodata.aName0xF000)
    asEntryDesc0x1018                        0x080083e2   Data          30  coeappl.o(.rodata.asEntryDesc0x1018)
    asEntryDesc0x10F1                        0x08008400   Data          18  coeappl.o(.rodata.asEntryDesc0x10F1)
    asEntryDesc0x1601                        0x08008412   Data          18  coeappl.o(.rodata.asEntryDesc0x1601)
    asEntryDesc0x1A00                        0x08008424   Data          18  coeappl.o(.rodata.asEntryDesc0x1A00)
    asEntryDesc0x1C00                        0x08008436   Data          12  coeappl.o(.rodata.asEntryDesc0x1C00)
    asEntryDesc0x1C12                        0x08008442   Data          12  coeappl.o(.rodata.asEntryDesc0x1C12)
    asEntryDesc0x1C13                        0x0800844e   Data          12  coeappl.o(.rodata.asEntryDesc0x1C13)
    asEntryDesc0x1C3x                        0x0800845a   Data         198  coeappl.o(.rodata.asEntryDesc0x1C3x)
    asEntryDesc0x6000                        0x08008520   Data          18  coeappl.o(.rodata.asEntryDesc0x6000)
    asEntryDesc0x7010                        0x08008532   Data          18  coeappl.o(.rodata.asEntryDesc0x7010)
    asEntryDesc0xF000                        0x08008544   Data          18  coeappl.o(.rodata.asEntryDesc0xF000)
    cAbortCode                               0x08008558   Data         120  sdoserv.o(.rodata.cAbortCode)
    cBitMask                                 0x080085d0   Data          32  objdef.o(.rodata.cBitMask)
    sEntryDesc0x1000                         0x080085f0   Data           6  coeappl.o(.rodata.sEntryDesc0x1000)
    sEntryDesc0x1001                         0x080085f6   Data           6  coeappl.o(.rodata.sEntryDesc0x1001)
    sEntryDesc0x1008                         0x080085fc   Data           6  coeappl.o(.rodata.sEntryDesc0x1008)
    sEntryDesc0x1009                         0x08008602   Data           6  coeappl.o(.rodata.sEntryDesc0x1009)
    sEntryDesc0x100A                         0x08008608   Data           6  coeappl.o(.rodata.sEntryDesc0x100A)
    sEntryDesc0x10F8                         0x0800860e   Data           6  coeappl.o(.rodata.sEntryDesc0x10F8)
    Region$$Table$$Base                      0x08008614   Number         0  anon$$obj.o(Region$$Table)
    Region$$Table$$Limit                     0x08008634   Number         0  anon$$obj.o(Region$$Table)
    __stdout                                 0x20000000   Data           4  stdout.o(.data)
    __microlib_freelist                      0x20000004   Data           4  mvars.o(.data)
    __microlib_freelist_initialised          0x20000008   Data           4  mvars.o(.data)
    ApplicationObjDic                        0x2000000c   Data         320  coeappl.o(.data.ApplicationObjDic)
    GenObjDic                                0x2000014c   Data         480  coeappl.o(.data.GenObjDic)
    InputMapping00x1A00                      0x2000032c   Data          12  ssc-device.o(.data.InputMapping00x1A00)
    ModularDeviceProfile0xF000               0x20000338   Data           6  ssc-device.o(.data.ModularDeviceProfile0xF000)
    Obj0x6000                                0x2000033e   Data           4  ssc-device.o(.data.Obj0x6000)
    Obj0x7010                                0x20000342   Data           4  ssc-device.o(.data.Obj0x7010)
    OutputMapping10x1601                     0x20000348   Data          12  ssc-device.o(.data.OutputMapping10x1601)
    SystemCoreClock                          0x20000354   Data           4  system_stm32f4xx.o(.data.SystemCoreClock)
    aSubindexDesc                            0x20000358   Data          13  objdef.o(.data.aSubindexDesc)
    acDevicename                             0x20000365   Data          11  coeappl.o(.data.acDevicename)
    acHardwareversion                        0x20000370   Data           5  coeappl.o(.data.acHardwareversion)
    acSoftwareversion                        0x20000375   Data           5  coeappl.o(.data.acSoftwareversion)
    sErrorSettings                           0x2000037c   Data          12  objdef.o(.data.sErrorSettings)
    sIdentity                                0x20000388   Data          20  coeappl.o(.data.sIdentity)
    sRxPDOassign                             0x2000039e   Data           4  ssc-device.o(.data.sRxPDOassign)
    sSyncmanagertype                         0x200003a2   Data           6  coeappl.o(.data.sSyncmanagertype)
    sTxPDOassign                             0x200003a8   Data           4  ssc-device.o(.data.sTxPDOassign)
    u32Devicetype                            0x200003ac   Data           4  coeappl.o(.data.u32Devicetype)
    uwTickFreq                               0x200003b0   Data           1  stm32f4xx_hal.o(.data.uwTickFreq)
    uwTickPrio                               0x200003b4   Data           4  stm32f4xx_hal.o(.data.uwTickPrio)
    EcatWdValue                              0x200003b8   Data           2  ecatslv.o(.bss.EcatWdValue)
    EepromLoaded                             0x200003ba   Data           1  ecatslv.o(.bss.EepromLoaded)
    EscALEvent                               0x200003bc   Data           2  el9800hw.o(.bss.EscALEvent)
    EsmTimeoutCounter                        0x200003be   Data           2  ecatslv.o(.bss.EsmTimeoutCounter)
    LatchInputSync0Counter                   0x200003c0   Data           2  ecatslv.o(.bss.LatchInputSync0Counter)
    LatchInputSync0Value                     0x200003c2   Data           2  ecatslv.o(.bss.LatchInputSync0Value)
    ObjDicList                               0x200003c4   Data           4  coeappl.o(.bss.ObjDicList)
    SMActivate                               0x200003c8   Data           2  ecatslv.o(.bss.SMActivate)
    Sync0WdCounter                           0x200003ca   Data           2  ecatslv.o(.bss.Sync0WdCounter)
    Sync0WdValue                             0x200003cc   Data           2  ecatslv.o(.bss.Sync0WdValue)
    Sync1WdCounter                           0x200003ce   Data           2  ecatslv.o(.bss.Sync1WdCounter)
    Sync1WdValue                             0x200003d0   Data           2  ecatslv.o(.bss.Sync1WdValue)
    SyncManInfo                              0x200003d2   Data           8  ecatslv.o(.bss.SyncManInfo)
    aPdInputData                             0x200003dc   Data          68  ecatappl.o(.bss.aPdInputData)
    aPdOutputData                            0x20000420   Data          68  ecatappl.o(.bss.aPdOutputData)
    aSdoInfoHeader                           0x20000464   Data          14  sdoserv.o(.bss.aSdoInfoHeader)
    b32BitDc                                 0x20000472   Data           1  ecatslv.o(.bss.b32BitDc)
    b3BufferMode                             0x20000473   Data           1  ecatslv.o(.bss.b3BufferMode)
    bApplEsmPending                          0x20000474   Data           1  ecatslv.o(.bss.bApplEsmPending)
    bDcRunning                               0x20000475   Data           1  ecatslv.o(.bss.bDcRunning)
    bDcSyncActive                            0x20000476   Data           1  ecatslv.o(.bss.bDcSyncActive)
    bEcatFirstOutputsReceived                0x20000477   Data           1  ecatslv.o(.bss.bEcatFirstOutputsReceived)
    bEcatInputUpdateRunning                  0x20000478   Data           1  ecatslv.o(.bss.bEcatInputUpdateRunning)
    bEcatOutputUpdateRunning                 0x20000479   Data           1  ecatslv.o(.bss.bEcatOutputUpdateRunning)
    bEcatWaitForAlControlRes                 0x2000047a   Data           1  ecatslv.o(.bss.bEcatWaitForAlControlRes)
    bEscIntEnabled                           0x2000047b   Data           1  ecatslv.o(.bss.bEscIntEnabled)
    bInitFinished                            0x2000047c   Data           1  ecatappl.o(.bss.bInitFinished)
    bLocalErrorFlag                          0x2000047d   Data           1  ecatslv.o(.bss.bLocalErrorFlag)
    bMbxRepeatToggle                         0x2000047e   Data           1  mailbox.o(.bss.bMbxRepeatToggle)
    bMbxRunning                              0x2000047f   Data           1  mailbox.o(.bss.bMbxRunning)
    bMinCycleTimeMeasurementStarted          0x20000480   Data           1  ecatappl.o(.bss.bMinCycleTimeMeasurementStarted)
    bNoMbxMemoryAvailable                    0x20000481   Data           1  mailbox.o(.bss.bNoMbxMemoryAvailable)
    bReceiveMbxIsLocked                      0x20000482   Data           1  mailbox.o(.bss.bReceiveMbxIsLocked)
    bRunApplication                          0x20000483   Data           1  ecatappl.o(.bss.bRunApplication)
    bSdoInWork                               0x20000484   Data           1  sdoserv.o(.bss.bSdoInWork)
    bSdoSegAccess                            0x20000485   Data           1  sdoserv.o(.bss.bSdoSegAccess)
    bSdoSegFollows                           0x20000486   Data           1  sdoserv.o(.bss.bSdoSegFollows)
    bSdoSegLastToggle                        0x20000487   Data           1  sdoserv.o(.bss.bSdoSegLastToggle)
    bSendMbxIsFull                           0x20000488   Data           1  mailbox.o(.bss.bSendMbxIsFull)
    bSmSyncSequenceValid                     0x20000489   Data           1  ecatslv.o(.bss.bSmSyncSequenceValid)
    bStoreCompleteAccess                     0x2000048a   Data           1  sdoserv.o(.bss.bStoreCompleteAccess)
    bSyncSetByUser                           0x2000048b   Data           1  objdef.o(.bss.bSyncSetByUser)
    bWdTrigger                               0x2000048c   Data           1  ecatslv.o(.bss.bWdTrigger)
    hspi3                                    0x20000490   Data          88  spi.o(.bss.hspi3)
    htim6                                    0x200004e8   Data          72  tim.o(.bss.htim6)
    htim7                                    0x20000530   Data          72  tim.o(.bss.htim7)
    htimx                                    0x20000578   Data          72  my_bsp_ec.o(.bss.htimx)
    huart1                                   0x200005c0   Data          68  usart.o(.bss.huart1)
    i16WaitForPllRunningCnt                  0x20000604   Data           2  ecatslv.o(.bss.i16WaitForPllRunningCnt)
    i16WaitForPllRunningTimeout              0x20000606   Data           2  ecatslv.o(.bss.i16WaitForPllRunningTimeout)
    nAlStatus                                0x20000608   Data           1  ecatslv.o(.bss.nAlStatus)
    nEcatStateTrans                          0x2000060a   Data           2  ecatslv.o(.bss.nEcatStateTrans)
    nEscAddrInputData                        0x2000060c   Data           2  ecatslv.o(.bss.nEscAddrInputData)
    nEscAddrOutputData                       0x2000060e   Data           2  ecatslv.o(.bss.nEscAddrOutputData)
    nMaxEscAddress                           0x20000610   Data           2  ecatslv.o(.bss.nMaxEscAddress)
    nMaxSyncMan                              0x20000612   Data           1  ecatslv.o(.bss.nMaxSyncMan)
    nPdInputSize                             0x20000614   Data           2  ecatslv.o(.bss.nPdInputSize)
    nPdOutputSize                            0x20000616   Data           2  ecatslv.o(.bss.nPdOutputSize)
    nSdoInfoFragmentsLeft                    0x20000618   Data           2  sdoserv.o(.bss.nSdoInfoFragmentsLeft)
    nSdoInfoIndex                            0x2000061a   Data           2  sdoserv.o(.bss.nSdoInfoIndex)
    nSdoSegBytesToHandle                     0x2000061c   Data           4  sdoserv.o(.bss.nSdoSegBytesToHandle)
    nSdoSegCompleteSize                      0x20000620   Data           4  sdoserv.o(.bss.nSdoSegCompleteSize)
    nSdoSegIndex                             0x20000624   Data           2  sdoserv.o(.bss.nSdoSegIndex)
    nSdoSegService                           0x20000626   Data           1  sdoserv.o(.bss.nSdoSegService)
    nSdoSegSubindex                          0x20000627   Data           1  sdoserv.o(.bss.nSdoSegSubindex)
    pAPPL_MainLoop                           0x20000628   Data           4  ecatappl.o(.bss.pAPPL_MainLoop)
    pCoeSendStored                           0x2000062c   Data           4  ecatcoe.o(.bss.pCoeSendStored)
    pSdoInfoObjEntry                         0x20000630   Data           4  sdoserv.o(.bss.pSdoInfoObjEntry)
    pSdoPendFunc                             0x20000634   Data           4  sdoserv.o(.bss.pSdoPendFunc)
    pSdoResStored                            0x20000638   Data           4  sdoserv.o(.bss.pSdoResStored)
    pSdoSegData                              0x2000063c   Data           4  sdoserv.o(.bss.pSdoSegData)
    pSdoSegObjEntry                          0x20000640   Data           4  sdoserv.o(.bss.pSdoSegObjEntry)
    pStoreData                               0x20000644   Data           4  sdoserv.o(.bss.pStoreData)
    psReadMbx                                0x20000648   Data           4  mailbox.o(.bss.psReadMbx)
    psRepeatMbx                              0x2000064c   Data           4  mailbox.o(.bss.psRepeatMbx)
    psStoreMbx                               0x20000650   Data           4  mailbox.o(.bss.psStoreMbx)
    psWriteMbx                               0x20000654   Data           4  mailbox.o(.bss.psWriteMbx)
    sCycleDiag                               0x20000658   Data           2  objdef.o(.bss.sCycleDiag)
    sMbxReceiveQueue                         0x2000065c   Data          52  mailbox.o(.bss.sMbxReceiveQueue)
    sMbxSendQueue                            0x20000690   Data          52  mailbox.o(.bss.sMbxSendQueue)
    sSyncManInPar                            0x200006c4   Data          68  objdef.o(.bss.sSyncManInPar)
    sSyncManOutPar                           0x20000708   Data          68  objdef.o(.bss.sSyncManOutPar)
    u16ALEventMask                           0x2000074c   Data           2  ecatslv.o(.bss.u16ALEventMask)
    u16ErrorRegister                         0x2000074e   Data           2  coeappl.o(.bss.u16ErrorRegister)
    u16EscAddrReceiveMbx                     0x20000750   Data           2  mailbox.o(.bss.u16EscAddrReceiveMbx)
    u16EscAddrSendMbx                        0x20000752   Data           2  mailbox.o(.bss.u16EscAddrSendMbx)
    u16LocalErrorCode                        0x20000754   Data           2  ecatslv.o(.bss.u16LocalErrorCode)
    u16ReceiveMbxSize                        0x20000756   Data           2  mailbox.o(.bss.u16ReceiveMbxSize)
    u16SendMbxSize                           0x20000758   Data           2  mailbox.o(.bss.u16SendMbxSize)
    u16SmSync0Counter                        0x2000075a   Data           2  ecatslv.o(.bss.u16SmSync0Counter)
    u16SmSync0Value                          0x2000075c   Data           2  ecatslv.o(.bss.u16SmSync0Value)
    u16StoreIndex                            0x2000075e   Data           2  sdoserv.o(.bss.u16StoreIndex)
    u16dummy                                 0x20000760   Data           2  ecatslv.o(.bss.u16dummy)
    u32CheckForDcOverrunCnt                  0x20000764   Data           4  coeappl.o(.bss.u32CheckForDcOverrunCnt)
    u32CycleTimeStartValue                   0x20000768   Data           4  ecatappl.o(.bss.u32CycleTimeStartValue)
    u32LastDc32Value                         0x2000076c   Data           4  coeappl.o(.bss.u32LastDc32Value)
    u32MinCycleTimeStartValue                0x20000770   Data           4  ecatappl.o(.bss.u32MinCycleTimeStartValue)
    u32MinCycleTimeValue                     0x20000774   Data           4  ecatappl.o(.bss.u32MinCycleTimeValue)
    u32StoreDataSize                         0x20000778   Data           4  sdoserv.o(.bss.u32StoreDataSize)
    u32SystemTimeReadFailure                 0x2000077c   Data           4  ecatappl.o(.bss.u32SystemTimeReadFailure)
    u64Timestamp                             0x20000780   Data           8  coeappl.o(.bss.u64Timestamp)
    u8MailboxSendReqStored                   0x20000788   Data           1  mailbox.o(.bss.u8MailboxSendReqStored)
    u8MbxReadCounter                         0x20000789   Data           1  mailbox.o(.bss.u8MbxReadCounter)
    u8MbxWriteCounter                        0x2000078a   Data           1  mailbox.o(.bss.u8MbxWriteCounter)
    u8PendingSdo                             0x2000078b   Data           1  sdoserv.o(.bss.u8PendingSdo)
    u8StoreSubindex                          0x2000078c   Data           1  sdoserv.o(.bss.u8StoreSubindex)
    uwTick                                   0x20000790   Data           4  stm32f4xx_hal.o(.bss.uwTick)
    __heap_base                              0x20000798   Data           0  startup_stm32f407xx.o(HEAP)
    __heap_limit                             0x20001798   Data           0  startup_stm32f407xx.o(HEAP)
    __initial_sp                             0x20003798   Data           0  startup_stm32f407xx.o(STACK)



==============================================================================

Memory Map of the image

  Image Entry point : 0x08000189

  Load Region LR_IROM1 (Base: 0x08000000, Size: 0x000089f0, Max: 0x00080000, ABSOLUTE, COMPRESSED[0x000087c8])

    Execution Region ER_IROM1 (Exec base: 0x08000000, Load base: 0x08000000, Size: 0x00008634, Max: 0x00080000, ABSOLUTE)

    Exec Addr    Load Addr    Size         Type   Attr      Idx    E Section Name        Object

    0x08000000   0x08000000   0x00000188   Data   RO            3    RESET               startup_stm32f407xx.o
    0x08000188   0x08000188   0x00000000   Code   RO         1567  * .ARM.Collect$$$$00000000  mc_w.l(entry.o)
    0x08000188   0x08000188   0x00000004   Code   RO         1873    .ARM.Collect$$$$00000001  mc_w.l(entry2.o)
    0x0800018c   0x0800018c   0x00000004   Code   RO         1876    .ARM.Collect$$$$00000004  mc_w.l(entry5.o)
    0x08000190   0x08000190   0x00000000   Code   RO         1878    .ARM.Collect$$$$00000008  mc_w.l(entry7b.o)
    0x08000190   0x08000190   0x00000000   Code   RO         1880    .ARM.Collect$$$$0000000A  mc_w.l(entry8b.o)
    0x08000190   0x08000190   0x00000008   Code   RO         1881    .ARM.Collect$$$$0000000B  mc_w.l(entry9a.o)
    0x08000198   0x08000198   0x00000000   Code   RO         1883    .ARM.Collect$$$$0000000D  mc_w.l(entry10a.o)
    0x08000198   0x08000198   0x00000000   Code   RO         1885    .ARM.Collect$$$$0000000F  mc_w.l(entry11a.o)
    0x08000198   0x08000198   0x00000004   Code   RO         1874    .ARM.Collect$$$$00002712  mc_w.l(entry2.o)
    0x0800019c   0x0800019c   0x00000024   Code   RO            4    .text               startup_stm32f407xx.o
    0x080001c0   0x080001c0   0x00000062   Code   RO         1574    .text               mc_w.l(uldiv.o)
    0x08000222   0x08000222   0x00000024   Code   RO         1576    .text               mc_w.l(memcpya.o)
    0x08000246   0x08000246   0x00000024   Code   RO         1578    .text               mc_w.l(memseta.o)
    0x0800026a   0x0800026a   0x0000000e   Code   RO         1580    .text               mc_w.l(strlen.o)
    0x08000278   0x08000278   0x0000001e   Code   RO         1899    .text               mc_w.l(llshl.o)
    0x08000296   0x08000296   0x00000020   Code   RO         1901    .text               mc_w.l(llushr.o)
    0x080002b6   0x080002b6   0x00000002   PAD
    0x080002b8   0x080002b8   0x00000030   Code   RO         1916    .text               mc_w.l(init.o)
    0x080002e8   0x080002e8   0x00000056   Code   RO         1930    .text               mc_w.l(__dczerorl2.o)
    0x0800033e   0x0800033e   0x00000002   PAD
    0x08000340   0x08000340   0x0000067a   Code   RO         1241    .text.AL_ControlInd  ecatslv.o
    0x080009ba   0x080009ba   0x00000002   PAD
    0x080009bc   0x080009bc   0x000002e0   Code   RO         1243    .text.AL_ControlRes  ecatslv.o
    0x08000c9c   0x08000c9c   0x00000002   Code   RO         1471    .text.APPL_AckErrorInd  ssc-device.o
    0x08000c9e   0x08000c9e   0x00000002   PAD
    0x08000ca0   0x08000ca0   0x0000006a   Code   RO         1491    .text.APPL_Application  ssc-device.o
    0x08000d0a   0x08000d0a   0x00000002   PAD
    0x08000d0c   0x08000d0c   0x0000012e   Code   RO         1485    .text.APPL_GenerateMapping  ssc-device.o
    0x08000e3a   0x08000e3a   0x00000002   PAD
    0x08000e3c   0x08000e3c   0x0000008c   Code   RO         1487    .text.APPL_InputMapping  ssc-device.o
    0x08000ec8   0x08000ec8   0x00000088   Code   RO         1489    .text.APPL_OutputMapping  ssc-device.o
    0x08000f50   0x08000f50   0x00000004   Code   RO         1477    .text.APPL_StartInputHandler  ssc-device.o
    0x08000f54   0x08000f54   0x00000004   Code   RO         1473    .text.APPL_StartMailboxHandler  ssc-device.o
    0x08000f58   0x08000f58   0x00000004   Code   RO         1481    .text.APPL_StartOutputHandler  ssc-device.o
    0x08000f5c   0x08000f5c   0x00000004   Code   RO         1479    .text.APPL_StopInputHandler  ssc-device.o
    0x08000f60   0x08000f60   0x00000004   Code   RO         1475    .text.APPL_StopMailboxHandler  ssc-device.o
    0x08000f64   0x08000f64   0x00000004   Code   RO         1483    .text.APPL_StopOutputHandler  ssc-device.o
    0x08000f68   0x08000f68   0x00000002   Code   RO           92    .text.BusFault_Handler  stm32f4xx_it.o
    0x08000f6a   0x08000f6a   0x00000002   PAD
    0x08000f6c   0x08000f6c   0x00000046   Code   RO         1204    .text.COE_ContinueInd  ecatcoe.o
    0x08000fb2   0x08000fb2   0x00000002   PAD
    0x08000fb4   0x08000fb4   0x0000000c   Code   RO         1083    .text.COE_GetObjectDictionary  coeappl.o
    0x08000fc0   0x08000fc0   0x00000018   Code   RO         1200    .text.COE_Init      ecatcoe.o
    0x08000fd8   0x08000fd8   0x000000be   Code   RO         1099    .text.COE_Main      coeappl.o
    0x08001096   0x08001096   0x00000002   PAD
    0x08001098   0x08001098   0x00000128   Code   RO         1089    .text.COE_ObjDictionaryInit  coeappl.o
    0x080011c0   0x080011c0   0x00000154   Code   RO         1087    .text.COE_ObjInit   coeappl.o
    0x08001314   0x08001314   0x0000002e   Code   RO         1202    .text.COE_ServiceInd  ecatcoe.o
    0x08001342   0x08001342   0x00000002   PAD
    0x08001344   0x08001344   0x00000068   Code   RO         1081    .text.COE_SyncTimeStamp  coeappl.o
    0x080013ac   0x080013ac   0x0000005a   Code   RO         1085    .text.COE_UpdateSyncErrorStatus  coeappl.o
    0x08001406   0x08001406   0x00000002   PAD
    0x08001408   0x08001408   0x00000094   Code   RO         1247    .text.CheckIfEcatError  ecatslv.o
    0x0800149c   0x0800149c   0x00000262   Code   RO         1227    .text.CheckSmSettings  ecatslv.o
    0x080016fe   0x080016fe   0x00000002   PAD
    0x08001700   0x08001700   0x0000011e   Code   RO         1408    .text.CheckSyncTypeValue  objdef.o
    0x0800181e   0x0800181e   0x00000002   PAD
    0x08001820   0x08001820   0x00000122   Code   RO         1245    .text.DC_CheckWatchdog  ecatslv.o
    0x08001942   0x08001942   0x00000002   PAD
    0x08001944   0x08001944   0x00000002   Code   RO           98    .text.DebugMon_Handler  stm32f4xx_it.o
    0x08001946   0x08001946   0x00000002   PAD
    0x08001948   0x08001948   0x00000036   Code   RO         1223    .text.DisableSyncManChannel  ecatslv.o
    0x0800197e   0x0800197e   0x00000002   PAD
    0x08001980   0x08001980   0x00000080   Code   RO         1165    .text.ECAT_CheckTimer  ecatappl.o
    0x08001a00   0x08001a00   0x0000021a   Code   RO         1251    .text.ECAT_Init     ecatslv.o
    0x08001c1a   0x08001c1a   0x00000002   PAD
    0x08001c1c   0x08001c1c   0x0000012a   Code   RO         1253    .text.ECAT_Main     ecatslv.o
    0x08001d46   0x08001d46   0x00000002   PAD
    0x08001d48   0x08001d48   0x00000006   Code   RO          104    .text.EXTI3_IRQHandler  stm32f4xx_it.o
    0x08001d4e   0x08001d4e   0x00000002   PAD
    0x08001d50   0x08001d50   0x00000006   Code   RO          106    .text.EXTI4_IRQHandler  stm32f4xx_it.o
    0x08001d56   0x08001d56   0x00000002   PAD
    0x08001d58   0x08001d58   0x00000006   Code   RO          108    .text.EXTI9_5_IRQHandler  stm32f4xx_it.o
    0x08001d5e   0x08001d5e   0x00000002   PAD
    0x08001d60   0x08001d60   0x00000036   Code   RO         1225    .text.EnableSyncManChannel  ecatslv.o
    0x08001d96   0x08001d96   0x00000002   PAD
    0x08001d98   0x08001d98   0x0000000a   Code   RO           15    .text.Error_Handler  main.o
    0x08001da2   0x08001da2   0x00000002   PAD
    0x08001da4   0x08001da4   0x0000001c   Code   RO         1221    .text.GetSyncMan    ecatslv.o
    0x08001dc0   0x08001dc0   0x00000028   Code   RO          554    .text.HAL_Delay     stm32f4xx_hal.o
    0x08001de8   0x08001de8   0x00000032   Code   RO         1320    .text.HAL_GPIO_EXTI_Callback  el9800hw.o
    0x08001e1a   0x08001e1a   0x00000002   PAD
    0x08001e1c   0x08001e1c   0x00000016   Code   RO          367    .text.HAL_GPIO_EXTI_IRQHandler  stm32f4xx_hal_gpio.o
    0x08001e32   0x08001e32   0x00000002   PAD
    0x08001e34   0x08001e34   0x00000190   Code   RO          355    .text.HAL_GPIO_Init  stm32f4xx_hal_gpio.o
    0x08001fc4   0x08001fc4   0x0000000a   Code   RO          359    .text.HAL_GPIO_ReadPin  stm32f4xx_hal_gpio.o
    0x08001fce   0x08001fce   0x00000002   PAD
    0x08001fd0   0x08001fd0   0x00000010   Code   RO          363    .text.HAL_GPIO_TogglePin  stm32f4xx_hal_gpio.o
    0x08001fe0   0x08001fe0   0x0000000a   Code   RO          361    .text.HAL_GPIO_WritePin  stm32f4xx_hal_gpio.o
    0x08001fea   0x08001fea   0x00000002   PAD
    0x08001fec   0x08001fec   0x0000000c   Code   RO          546    .text.HAL_GetTick   stm32f4xx_hal.o
    0x08001ff8   0x08001ff8   0x0000001a   Code   RO          544    .text.HAL_IncTick   stm32f4xx_hal.o
    0x08002012   0x08002012   0x00000002   PAD
    0x08002014   0x08002014   0x00000036   Code   RO          534    .text.HAL_Init      stm32f4xx_hal.o
    0x0800204a   0x0800204a   0x00000002   PAD
    0x0800204c   0x0800204c   0x00000050   Code   RO          536    .text.HAL_InitTick  stm32f4xx_hal.o
    0x0800209c   0x0800209c   0x0000003c   Code   RO          121    .text.HAL_MspInit   stm32f4xx_hal_msp.o
    0x080020d8   0x080020d8   0x00000022   Code   RO          492    .text.HAL_NVIC_EnableIRQ  stm32f4xx_hal_cortex.o
    0x080020fa   0x080020fa   0x00000002   PAD
    0x080020fc   0x080020fc   0x00000056   Code   RO          490    .text.HAL_NVIC_SetPriority  stm32f4xx_hal_cortex.o
    0x08002152   0x08002152   0x00000002   PAD
    0x08002154   0x08002154   0x00000020   Code   RO          488    .text.HAL_NVIC_SetPriorityGrouping  stm32f4xx_hal_cortex.o
    0x08002174   0x08002174   0x00000002   Code   RO          271    .text.HAL_RCC_CSSCallback  stm32f4xx_hal_rcc.o
    0x08002176   0x08002176   0x00000002   PAD
    0x08002178   0x08002178   0x00000160   Code   RO          249    .text.HAL_RCC_ClockConfig  stm32f4xx_hal_rcc.o
    0x080022d8   0x080022d8   0x0000000c   Code   RO          255    .text.HAL_RCC_EnableCSS  stm32f4xx_hal_rcc.o
    0x080022e4   0x080022e4   0x00000026   Code   RO          261    .text.HAL_RCC_GetPCLK1Freq  stm32f4xx_hal_rcc.o
    0x0800230a   0x0800230a   0x00000002   PAD
    0x0800230c   0x0800230c   0x00000026   Code   RO          263    .text.HAL_RCC_GetPCLK2Freq  stm32f4xx_hal_rcc.o
    0x08002332   0x08002332   0x00000002   PAD
    0x08002334   0x08002334   0x0000006a   Code   RO          251    .text.HAL_RCC_GetSysClockFreq  stm32f4xx_hal_rcc.o
    0x0800239e   0x0800239e   0x00000002   PAD
    0x080023a0   0x080023a0   0x0000001c   Code   RO          269    .text.HAL_RCC_NMI_IRQHandler  stm32f4xx_hal_rcc.o
    0x080023bc   0x080023bc   0x0000035c   Code   RO          247    .text.HAL_RCC_OscConfig  stm32f4xx_hal_rcc.o
    0x08002718   0x08002718   0x000000b0   Code   RO          129    .text.HAL_SPI_Init  stm32f4xx_hal_spi.o
    0x080027c8   0x080027c8   0x00000074   Code   RO           36    .text.HAL_SPI_MspInit  spi.o
    0x0800283c   0x0800283c   0x0000014e   Code   RO          139    .text.HAL_SPI_Receive  stm32f4xx_hal_spi.o
    0x0800298a   0x0800298a   0x00000002   PAD
    0x0800298c   0x0800298c   0x000001c2   Code   RO          137    .text.HAL_SPI_Transmit  stm32f4xx_hal_spi.o
    0x08002b4e   0x08002b4e   0x00000002   PAD
    0x08002b50   0x08002b50   0x00000222   Code   RO          141    .text.HAL_SPI_TransmitReceive  stm32f4xx_hal_spi.o
    0x08002d72   0x08002d72   0x00000002   PAD
    0x08002d74   0x08002d74   0x0000002c   Code   RO          500    .text.HAL_SYSTICK_Config  stm32f4xx_hal_cortex.o
    0x08002da0   0x08002da0   0x00000002   Code   RO          930    .text.HAL_TIMEx_BreakCallback  stm32f4xx_hal_tim_ex.o
    0x08002da2   0x08002da2   0x00000002   PAD
    0x08002da4   0x08002da4   0x00000002   Code   RO          926    .text.HAL_TIMEx_CommutCallback  stm32f4xx_hal_tim_ex.o
    0x08002da6   0x08002da6   0x00000002   PAD
    0x08002da8   0x08002da8   0x000000bc   Code   RO          920    .text.HAL_TIMEx_MasterConfigSynchronization  stm32f4xx_hal_tim_ex.o
    0x08002e64   0x08002e64   0x0000005a   Code   RO          625    .text.HAL_TIM_Base_Init  stm32f4xx_hal_tim.o
    0x08002ebe   0x08002ebe   0x00000002   PAD
    0x08002ec0   0x08002ec0   0x000000ae   Code   RO           53    .text.HAL_TIM_Base_MspInit  tim.o
    0x08002f6e   0x08002f6e   0x00000002   PAD
    0x08002f70   0x08002f70   0x000000a8   Code   RO          639    .text.HAL_TIM_Base_Start_IT  stm32f4xx_hal_tim.o
    0x08003018   0x08003018   0x00000002   Code   RO          761    .text.HAL_TIM_IC_CaptureCallback  stm32f4xx_hal_tim.o
    0x0800301a   0x0800301a   0x00000002   PAD
    0x0800301c   0x0800301c   0x0000016a   Code   RO          759    .text.HAL_TIM_IRQHandler  stm32f4xx_hal_tim.o
    0x08003186   0x08003186   0x00000002   PAD
    0x08003188   0x08003188   0x00000002   Code   RO          763    .text.HAL_TIM_OC_DelayElapsedCallback  stm32f4xx_hal_tim.o
    0x0800318a   0x0800318a   0x00000002   PAD
    0x0800318c   0x0800318c   0x00000002   Code   RO          765    .text.HAL_TIM_PWM_PulseFinishedCallback  stm32f4xx_hal_tim.o
    0x0800318e   0x0800318e   0x00000002   PAD
    0x08003190   0x08003190   0x00000002   Code   RO          767    .text.HAL_TIM_PeriodElapsedCallback  stm32f4xx_hal_tim.o
    0x08003192   0x08003192   0x00000002   PAD
    0x08003194   0x08003194   0x00000002   Code   RO          769    .text.HAL_TIM_TriggerCallback  stm32f4xx_hal_tim.o
    0x08003196   0x08003196   0x00000002   PAD
    0x08003198   0x08003198   0x0000005e   Code   RO          944    .text.HAL_UART_Init  stm32f4xx_hal_uart.o
    0x080031f6   0x080031f6   0x00000002   PAD
    0x080031f8   0x080031f8   0x00000074   Code   RO           73    .text.HAL_UART_MspInit  usart.o
    0x0800326c   0x0800326c   0x0000017c   Code   RO          960    .text.HAL_UART_Transmit  stm32f4xx_hal_uart.o
    0x080033e8   0x080033e8   0x0000006a   Code   RO         1306    .text.HW_EscRead    el9800hw.o
    0x08003452   0x08003452   0x00000002   PAD
    0x08003454   0x08003454   0x00000062   Code   RO         1314    .text.HW_EscReadIsr  el9800hw.o
    0x080034b6   0x080034b6   0x00000002   PAD
    0x080034b8   0x080034b8   0x0000006a   Code   RO         1304    .text.HW_EscWrite   el9800hw.o
    0x08003522   0x08003522   0x00000002   PAD
    0x08003524   0x08003524   0x00000062   Code   RO         1318    .text.HW_EscWriteIsr  el9800hw.o
    0x08003586   0x08003586   0x00000002   PAD
    0x08003588   0x08003588   0x00000040   Code   RO         1310    .text.HW_GetALEventRegister  el9800hw.o
    0x080035c8   0x080035c8   0x0000004a   Code   RO         1312    .text.HW_GetALEventRegister_Isr  el9800hw.o
    0x08003612   0x08003612   0x00000002   PAD
    0x08003614   0x08003614   0x000000e8   Code   RO         1302    .text.HW_Init       el9800hw.o
    0x080036fc   0x080036fc   0x00000002   Code   RO         1308    .text.HW_Release    el9800hw.o
    0x080036fe   0x080036fe   0x00000002   PAD
    0x08003700   0x08003700   0x00000094   Code   RO         1163    .text.HandleCycleTimeMeasurement  ecatappl.o
    0x08003794   0x08003794   0x00000002   Code   RO           88    .text.HardFault_Handler  stm32f4xx_it.o
    0x08003796   0x08003796   0x00000002   PAD
    0x08003798   0x08003798   0x00000050   Code   RO         1518    .text.INIT_ESC_TIME  my_bsp_ec.o
    0x080037e8   0x080037e8   0x0000004c   Code   RO         1512    .text.INIT_ISR_EXTI3  my_bsp_ec.o
    0x08003834   0x08003834   0x0000004c   Code   RO         1514    .text.INIT_SYNC0_EXTI4  my_bsp_ec.o
    0x08003880   0x08003880   0x0000004c   Code   RO         1516    .text.INIT_SYNC1_EXTI7  my_bsp_ec.o
    0x080038cc   0x080038cc   0x00000166   Code   RO         1360    .text.MBX_CheckAndCopyMailbox  mailbox.o
    0x08003a32   0x08003a32   0x00000002   PAD
    0x08003a34   0x08003a34   0x000000ee   Code   RO         1356    .text.MBX_CopyToSendMailbox  mailbox.o
    0x08003b22   0x08003b22   0x00000002   PAD
    0x08003b24   0x08003b24   0x000000ee   Code   RO         1342    .text.MBX_Init      mailbox.o
    0x08003c12   0x08003c12   0x00000002   PAD
    0x08003c14   0x08003c14   0x000000aa   Code   RO         1354    .text.MBX_MailboxReadInd  mailbox.o
    0x08003cbe   0x08003cbe   0x00000002   PAD
    0x08003cc0   0x08003cc0   0x00000064   Code   RO         1358    .text.MBX_MailboxRepeatReq  mailbox.o
    0x08003d24   0x08003d24   0x000000b2   Code   RO         1352    .text.MBX_MailboxSendReq  mailbox.o
    0x08003dd6   0x08003dd6   0x00000002   PAD
    0x08003dd8   0x08003dd8   0x00000110   Code   RO         1350    .text.MBX_MailboxWriteInd  mailbox.o
    0x08003ee8   0x08003ee8   0x000000fa   Code   RO         1362    .text.MBX_Main      mailbox.o
    0x08003fe2   0x08003fe2   0x00000002   PAD
    0x08003fe4   0x08003fe4   0x000000a6   Code   RO         1344    .text.MBX_StartMailboxHandler  mailbox.o
    0x0800408a   0x0800408a   0x00000002   PAD
    0x0800408c   0x0800408c   0x0000014c   Code   RO         1346    .text.MBX_StopMailboxHandler  mailbox.o
    0x080041d8   0x080041d8   0x0000012e   Code   RO           25    .text.MX_GPIO_Init  gpio.o
    0x08004306   0x08004306   0x00000002   PAD
    0x08004308   0x08004308   0x0000004c   Code   RO           34    .text.MX_SPI3_Init  spi.o
    0x08004354   0x08004354   0x00000054   Code   RO           49    .text.MX_TIM6_Init  tim.o
    0x080043a8   0x080043a8   0x00000054   Code   RO           51    .text.MX_TIM7_Init  tim.o
    0x080043fc   0x080043fc   0x0000003c   Code   RO           71    .text.MX_USART1_UART_Init  usart.o
    0x08004438   0x08004438   0x00000094   Code   RO         1175    .text.MainInit      ecatappl.o
    0x080044cc   0x080044cc   0x00000198   Code   RO         1177    .text.MainLoop      ecatappl.o
    0x08004664   0x08004664   0x00000002   Code   RO           90    .text.MemManage_Handler  stm32f4xx_it.o
    0x08004666   0x08004666   0x00000002   PAD
    0x08004668   0x08004668   0x00000006   Code   RO           86    .text.NMI_Handler   stm32f4xx_it.o
    0x0800466e   0x0800466e   0x00000002   PAD
    0x08004670   0x08004670   0x000000f8   Code   RO         1402    .text.OBJ_GetDesc   objdef.o
    0x08004768   0x08004768   0x00000022   Code   RO         1398    .text.OBJ_GetEntryDesc  objdef.o
    0x0800478a   0x0800478a   0x00000002   PAD
    0x0800478c   0x0800478c   0x000000ec   Code   RO         1406    .text.OBJ_GetEntryOffset  objdef.o
    0x08004878   0x08004878   0x0000008a   Code   RO         1396    .text.OBJ_GetNoOfObjects  objdef.o
    0x08004902   0x08004902   0x00000002   PAD
    0x08004904   0x08004904   0x00000004   Code   RO         1404    .text.OBJ_GetObjDesc  objdef.o
    0x08004908   0x08004908   0x0000001e   Code   RO         1390    .text.OBJ_GetObjectHandle  objdef.o
    0x08004926   0x08004926   0x00000002   PAD
    0x08004928   0x08004928   0x000000a8   Code   RO         1392    .text.OBJ_GetObjectLength  objdef.o
    0x080049d0   0x080049d0   0x000000e0   Code   RO         1400    .text.OBJ_GetObjectList  objdef.o
    0x08004ab0   0x08004ab0   0x0000041e   Code   RO         1410    .text.OBJ_Read      objdef.o
    0x08004ece   0x08004ece   0x00000002   PAD
    0x08004ed0   0x08004ed0   0x0000050c   Code   RO         1412    .text.OBJ_Write     objdef.o
    0x080053dc   0x080053dc   0x00000148   Code   RO         1167    .text.PDI_Isr       ecatappl.o
    0x08005524   0x08005524   0x000000b6   Code   RO         1157    .text.PDO_InputMapping  ecatappl.o
    0x080055da   0x080055da   0x00000002   PAD
    0x080055dc   0x080055dc   0x000000d6   Code   RO         1161    .text.PDO_OutputMapping  ecatappl.o
    0x080056b2   0x080056b2   0x00000002   PAD
    0x080056b4   0x080056b4   0x00000002   Code   RO          100    .text.PendSV_Handler  stm32f4xx_it.o
    0x080056b6   0x080056b6   0x00000002   PAD
    0x080056b8   0x080056b8   0x000000a8   Code   RO         1079    .text.Read0x10F8    coeappl.o
    0x08005760   0x08005760   0x00000918   Code   RO         1431    .text.SDOS_SdoInd   sdoserv.o
    0x08006078   0x08006078   0x000002b0   Code   RO         1437    .text.SDOS_SdoInfoInd  sdoserv.o
    0x08006328   0x08006328   0x000000e8   Code   RO         1433    .text.SDOS_SdoRes   sdoserv.o
    0x08006410   0x08006410   0x000000b2   Code   RO         1435    .text.SODS_ClearPendingResponse  sdoserv.o
    0x080064c2   0x080064c2   0x00000002   PAD
    0x080064c4   0x080064c4   0x00000062   Code   RO         1556    .text.SPIReadDRegister  spidriver.o
    0x08006526   0x08006526   0x00000002   PAD
    0x08006528   0x08006528   0x000000e4   Code   RO         1534    .text.SPIReadDWord  spidriver.o
    0x0800660c   0x0800660c   0x000001a6   Code   RO         1552    .text.SPIReadPDRamRegister  spidriver.o
    0x080067b2   0x080067b2   0x00000002   PAD
    0x080067b4   0x080067b4   0x000000d2   Code   RO         1548    .text.SPIWriteDWord  spidriver.o
    0x08006886   0x08006886   0x00000002   PAD
    0x08006888   0x08006888   0x0000019e   Code   RO         1554    .text.SPIWritePDRamRegister  spidriver.o
    0x08006a26   0x08006a26   0x00000002   PAD
    0x08006a28   0x08006a28   0x0000006e   Code   RO         1558    .text.SPIWriteRegister  spidriver.o
    0x08006a96   0x08006a96   0x00000002   PAD
    0x08006a98   0x08006a98   0x00000058   Code   RO          143    .text.SPI_EndRxTransaction  stm32f4xx_hal_spi.o
    0x08006af0   0x08006af0   0x000000ce   Code   RO          235    .text.SPI_WaitFlagStateUntilTimeout  stm32f4xx_hal_spi.o
    0x08006bbe   0x08006bbe   0x00000002   PAD
    0x08006bc0   0x08006bc0   0x00000002   Code   RO           96    .text.SVC_Handler   stm32f4xx_it.o
    0x08006bc2   0x08006bc2   0x00000002   PAD
    0x08006bc4   0x08006bc4   0x000000be   Code   RO         1429    .text.SdoRes        sdoserv.o
    0x08006c82   0x08006c82   0x00000002   PAD
    0x08006c84   0x08006c84   0x0000004a   Code   RO         1217    .text.SetALEventMask  ecatslv.o
    0x08006cce   0x08006cce   0x00000002   PAD
    0x08006cd0   0x08006cd0   0x00000578   Code   RO         1229    .text.StartInputHandler  ecatslv.o
    0x08007248   0x08007248   0x00000184   Code   RO         1235    .text.StopInputHandler  ecatslv.o
    0x080073cc   0x080073cc   0x00000140   Code   RO         1171    .text.Sync0_Isr     ecatappl.o
    0x0800750c   0x0800750c   0x00000044   Code   RO         1173    .text.Sync1_Isr     ecatappl.o
    0x08007550   0x08007550   0x00000004   Code   RO          102    .text.SysTick_Handler  stm32f4xx_it.o
    0x08007554   0x08007554   0x000000b2   Code   RO           13    .text.SystemClock_Config  main.o
    0x08007606   0x08007606   0x00000002   PAD
    0x08007608   0x08007608   0x00000012   Code   RO         1064    .text.SystemInit    system_stm32f4xx.o
    0x0800761a   0x0800761a   0x00000002   PAD
    0x0800761c   0x0800761c   0x0000005c   Code   RO         1322    .text.TIM2_IRQHandler  el9800hw.o
    0x08007678   0x08007678   0x0000000c   Code   RO          110    .text.TIM6_DAC_IRQHandler  stm32f4xx_it.o
    0x08007684   0x08007684   0x0000000c   Code   RO          112    .text.TIM7_IRQHandler  stm32f4xx_it.o
    0x08007690   0x08007690   0x00000124   Code   RO          629    .text.TIM_Base_SetConfig  stm32f4xx_hal_tim.o
    0x080077b4   0x080077b4   0x000000de   Code   RO          948    .text.UART_SetConfig  stm32f4xx_hal_uart.o
    0x08007892   0x08007892   0x00000002   PAD
    0x08007894   0x08007894   0x00000034   Code   RO         1219    .text.UpdateEEPROMLoadedState  ecatslv.o
    0x080078c8   0x080078c8   0x00000002   Code   RO           94    .text.UsageFault_Handler  stm32f4xx_it.o
    0x080078ca   0x080078ca   0x00000002   PAD
    0x080078cc   0x080078cc   0x00000020   Code   RO           67    .text.fputc         usart.o
    0x080078ec   0x080078ec   0x00000074   Code   RO           11    .text.main          main.o
    0x08007960   0x08007960   0x000000fc   Code   RO         1532    .text.mem_test      spidriver.o
    0x08007a5c   0x08007a5c   0x00000020   Code   RO         1791    i.__0printf$8       mc_w.l(printf8.o)
    0x08007a7c   0x08007a7c   0x0000000e   Code   RO         1924    i.__scatterload_copy  mc_w.l(handlers.o)
    0x08007a8a   0x08007a8a   0x00000002   Code   RO         1925    i.__scatterload_null  mc_w.l(handlers.o)
    0x08007a8c   0x08007a8c   0x0000000e   Code   RO         1926    i.__scatterload_zeroinit  mc_w.l(handlers.o)
    0x08007a9a   0x08007a9a   0x00000002   PAD
    0x08007a9c   0x08007a9c   0x00000410   Code   RO         1798    i._printf_core      mc_w.l(printf8.o)
    0x08007eac   0x08007eac   0x00000024   Code   RO         1799    i._printf_post_padding  mc_w.l(printf8.o)
    0x08007ed0   0x08007ed0   0x0000002e   Code   RO         1800    i._printf_pre_padding  mc_w.l(printf8.o)
    0x08007efe   0x08007efe   0x00000002   PAD
    0x08007f00   0x08007f00   0x00000050   Code   RO         1845    i.free              mc_w.l(malloc.o)
    0x08007f50   0x08007f50   0x0000006c   Code   RO         1846    i.malloc            mc_w.l(malloc.o)
    0x08007fbc   0x08007fbc   0x00000024   Code   RO         1570    i.puts              mc_w.l(puts.o)
    0x08007fe0   0x08007fe0   0x00000010   Data   RO         1069    .rodata.AHBPrescTable  system_stm32f4xx.o
    0x08007ff0   0x08007ff0   0x00000008   Data   RO         1070    .rodata.APBPrescTable  system_stm32f4xx.o
    0x08007ff8   0x08007ff8   0x0000000c   Data   RO         1119    .rodata.aName0x1000  coeappl.o
    0x08008004   0x08008004   0x0000000f   Data   RO         1122    .rodata.aName0x1001  coeappl.o
    0x08008013   0x08008013   0x0000000c   Data   RO         1125    .rodata.aName0x1008  coeappl.o
    0x0800801f   0x0800801f   0x00000011   Data   RO         1128    .rodata.aName0x1009  coeappl.o
    0x08008030   0x08008030   0x00000011   Data   RO         1131    .rodata.aName0x100A  coeappl.o
    0x08008041   0x08008041   0x00000039   Data   RO         1134    .rodata.aName0x1018  coeappl.o
    0x0800807a   0x0800807a   0x0000003f   Data   RO         1136    .rodata.aName0x10F1  coeappl.o
    0x080080b9   0x080080b9   0x00000013   Data   RO         1138    .rodata.aName0x10F8  coeappl.o
    0x080080cc   0x080080cc   0x0000002d   Data   RO         1103    .rodata.aName0x1601  coeappl.o
    0x080080f9   0x080080f9   0x0000002c   Data   RO         1105    .rodata.aName0x1A00  coeappl.o
    0x08008125   0x08008125   0x00000012   Data   RO         1143    .rodata.aName0x1C00  coeappl.o
    0x08008137   0x08008137   0x0000001b   Data   RO         1107    .rodata.aName0x1C12  coeappl.o
    0x08008152   0x08008152   0x0000001b   Data   RO         1109    .rodata.aName0x1C13  coeappl.o
    0x0800816d   0x0800816d   0x00000100   Data   RO         1145    .rodata.aName0x1C32  coeappl.o
    0x0800826d   0x0800826d   0x000000ff   Data   RO         1146    .rodata.aName0x1C33  coeappl.o
    0x0800836c   0x0800836c   0x0000001c   Data   RO         1111    .rodata.aName0x6000  coeappl.o
    0x08008388   0x08008388   0x00000016   Data   RO         1113    .rodata.aName0x7010  coeappl.o
    0x0800839e   0x0800839e   0x00000044   Data   RO         1115    .rodata.aName0xF000  coeappl.o
    0x080083e2   0x080083e2   0x0000001e   Data   RO         1133    .rodata.asEntryDesc0x1018  coeappl.o
    0x08008400   0x08008400   0x00000012   Data   RO         1135    .rodata.asEntryDesc0x10F1  coeappl.o
    0x08008412   0x08008412   0x00000012   Data   RO         1102    .rodata.asEntryDesc0x1601  coeappl.o
    0x08008424   0x08008424   0x00000012   Data   RO         1104    .rodata.asEntryDesc0x1A00  coeappl.o
    0x08008436   0x08008436   0x0000000c   Data   RO         1142    .rodata.asEntryDesc0x1C00  coeappl.o
    0x08008442   0x08008442   0x0000000c   Data   RO         1106    .rodata.asEntryDesc0x1C12  coeappl.o
    0x0800844e   0x0800844e   0x0000000c   Data   RO         1108    .rodata.asEntryDesc0x1C13  coeappl.o
    0x0800845a   0x0800845a   0x000000c6   Data   RO         1144    .rodata.asEntryDesc0x1C3x  coeappl.o
    0x08008520   0x08008520   0x00000012   Data   RO         1110    .rodata.asEntryDesc0x6000  coeappl.o
    0x08008532   0x08008532   0x00000012   Data   RO         1112    .rodata.asEntryDesc0x7010  coeappl.o
    0x08008544   0x08008544   0x00000012   Data   RO         1114    .rodata.asEntryDesc0xF000  coeappl.o
    0x08008556   0x08008556   0x00000002   PAD
    0x08008558   0x08008558   0x00000078   Data   RO         1439    .rodata.cAbortCode  sdoserv.o
    0x080085d0   0x080085d0   0x00000020   Data   RO         1416    .rodata.cBitMask    objdef.o
    0x080085f0   0x080085f0   0x00000006   Data   RO         1118    .rodata.sEntryDesc0x1000  coeappl.o
    0x080085f6   0x080085f6   0x00000006   Data   RO         1121    .rodata.sEntryDesc0x1001  coeappl.o
    0x080085fc   0x080085fc   0x00000006   Data   RO         1124    .rodata.sEntryDesc0x1008  coeappl.o
    0x08008602   0x08008602   0x00000006   Data   RO         1127    .rodata.sEntryDesc0x1009  coeappl.o
    0x08008608   0x08008608   0x00000006   Data   RO         1130    .rodata.sEntryDesc0x100A  coeappl.o
    0x0800860e   0x0800860e   0x00000006   Data   RO         1137    .rodata.sEntryDesc0x10F8  coeappl.o
    0x08008614   0x08008614   0x00000020   Data   RO         1923    Region$$Table       anon$$obj.o


    Execution Region RW_IRAM1 (Exec base: 0x20000000, Load base: 0x08008638, Size: 0x00003798, Max: 0x0001c000, ABSOLUTE, COMPRESSED[0x00000190])

    Exec Addr    Load Addr    Size         Type   Attr      Idx    E Section Name        Object

    0x20000000   COMPRESSED   0x00000004   Data   RW         1887    .data               mc_w.l(stdout.o)
    0x20000004   COMPRESSED   0x00000004   Data   RW         1903    .data               mc_w.l(mvars.o)
    0x20000008   COMPRESSED   0x00000004   Data   RW         1904    .data               mc_w.l(mvars.o)
    0x2000000c   COMPRESSED   0x00000140   Data   RW         1116    .data.ApplicationObjDic  coeappl.o
    0x2000014c   COMPRESSED   0x000001e0   Data   RW         1148    .data.GenObjDic     coeappl.o
    0x2000032c   COMPRESSED   0x0000000c   Data   RW         1494    .data.InputMapping00x1A00  ssc-device.o
    0x20000338   COMPRESSED   0x00000006   Data   RW         1499    .data.ModularDeviceProfile0xF000  ssc-device.o
    0x2000033e   COMPRESSED   0x00000004   Data   RW         1497    .data.Obj0x6000     ssc-device.o
    0x20000342   COMPRESSED   0x00000004   Data   RW         1498    .data.Obj0x7010     ssc-device.o
    0x20000346   COMPRESSED   0x00000002   PAD
    0x20000348   COMPRESSED   0x0000000c   Data   RW         1493    .data.OutputMapping10x1601  ssc-device.o
    0x20000354   COMPRESSED   0x00000004   Data   RW         1068    .data.SystemCoreClock  system_stm32f4xx.o
    0x20000358   COMPRESSED   0x0000000d   Data   RW         1415    .data.aSubindexDesc  objdef.o
    0x20000365   COMPRESSED   0x0000000b   Data   RW         1123    .data.acDevicename  coeappl.o
    0x20000370   COMPRESSED   0x00000005   Data   RW         1126    .data.acHardwareversion  coeappl.o
    0x20000375   COMPRESSED   0x00000005   Data   RW         1129    .data.acSoftwareversion  coeappl.o
    0x2000037a   COMPRESSED   0x00000002   PAD
    0x2000037c   COMPRESSED   0x0000000c   Data   RW         1414    .data.sErrorSettings  objdef.o
    0x20000388   COMPRESSED   0x00000014   Data   RW         1132    .data.sIdentity     coeappl.o
    0x2000039c   COMPRESSED   0x00000001   Data   RW         1500    .data.sLastPdoIn    ssc-device.o
    0x2000039d   COMPRESSED   0x00000001   Data   RW         1501    .data.sLastPdoOut   ssc-device.o
    0x2000039e   COMPRESSED   0x00000004   Data   RW         1495    .data.sRxPDOassign  ssc-device.o
    0x200003a2   COMPRESSED   0x00000006   Data   RW         1141    .data.sSyncmanagertype  coeappl.o
    0x200003a8   COMPRESSED   0x00000004   Data   RW         1496    .data.sTxPDOassign  ssc-device.o
    0x200003ac   COMPRESSED   0x00000004   Data   RW         1117    .data.u32Devicetype  coeappl.o
    0x200003b0   COMPRESSED   0x00000001   Data   RW          589    .data.uwTickFreq    stm32f4xx_hal.o
    0x200003b1   COMPRESSED   0x00000003   PAD
    0x200003b4   COMPRESSED   0x00000004   Data   RW          588    .data.uwTickPrio    stm32f4xx_hal.o
    0x200003b8        -       0x00000002   Zero   RW         1275    .bss.EcatWdValue    ecatslv.o
    0x200003ba        -       0x00000001   Zero   RW         1256    .bss.EepromLoaded   ecatslv.o
    0x200003bb   COMPRESSED   0x00000001   PAD
    0x200003bc        -       0x00000002   Zero   RW         1328    .bss.EscALEvent     el9800hw.o
    0x200003be        -       0x00000002   Zero   RW         1288    .bss.EsmTimeoutCounter  ecatslv.o
    0x200003c0        -       0x00000002   Zero   RW         1272    .bss.LatchInputSync0Counter  ecatslv.o
    0x200003c2        -       0x00000002   Zero   RW         1271    .bss.LatchInputSync0Value  ecatslv.o
    0x200003c4        -       0x00000004   Zero   RW         1147    .bss.ObjDicList     coeappl.o
    0x200003c8        -       0x00000002   Zero   RW         1255    .bss.SMActivate     ecatslv.o
    0x200003ca        -       0x00000002   Zero   RW         1277    .bss.Sync0WdCounter  ecatslv.o
    0x200003cc        -       0x00000002   Zero   RW         1276    .bss.Sync0WdValue   ecatslv.o
    0x200003ce        -       0x00000002   Zero   RW         1278    .bss.Sync1WdCounter  ecatslv.o
    0x200003d0        -       0x00000002   Zero   RW         1279    .bss.Sync1WdValue   ecatslv.o
    0x200003d2        -       0x00000008   Zero   RW         1257    .bss.SyncManInfo    ecatslv.o
    0x200003da        -       0x00000002   Zero   RW         1329    .bss.TIM2_IRQHandler.number_led_tick  el9800hw.o
    0x200003dc        -       0x00000044   Zero   RW         1180    .bss.aPdInputData   ecatappl.o
    0x20000420        -       0x00000044   Zero   RW         1184    .bss.aPdOutputData  ecatappl.o
    0x20000464        -       0x0000000e   Zero   RW         1459    .bss.aSdoInfoHeader  sdoserv.o
    0x20000472        -       0x00000001   Zero   RW         1293    .bss.b32BitDc       ecatslv.o
    0x20000473        -       0x00000001   Zero   RW         1259    .bss.b3BufferMode   ecatslv.o
    0x20000474        -       0x00000001   Zero   RW         1289    .bss.bApplEsmPending  ecatslv.o
    0x20000475        -       0x00000001   Zero   RW         1280    .bss.bDcRunning     ecatslv.o
    0x20000476        -       0x00000001   Zero   RW         1270    .bss.bDcSyncActive  ecatslv.o
    0x20000477        -       0x00000001   Zero   RW         1268    .bss.bEcatFirstOutputsReceived  ecatslv.o
    0x20000478        -       0x00000001   Zero   RW         1287    .bss.bEcatInputUpdateRunning  ecatslv.o
    0x20000479        -       0x00000001   Zero   RW         1286    .bss.bEcatOutputUpdateRunning  ecatslv.o
    0x2000047a        -       0x00000001   Zero   RW         1291    .bss.bEcatWaitForAlControlRes  ecatslv.o
    0x2000047b        -       0x00000001   Zero   RW         1269    .bss.bEscIntEnabled  ecatslv.o
    0x2000047c        -       0x00000001   Zero   RW         1179    .bss.bInitFinished  ecatappl.o
    0x2000047d        -       0x00000001   Zero   RW         1283    .bss.bLocalErrorFlag  ecatslv.o
    0x2000047e        -       0x00000001   Zero   RW         1374    .bss.bMbxRepeatToggle  mailbox.o
    0x2000047f        -       0x00000001   Zero   RW         1375    .bss.bMbxRunning    mailbox.o
    0x20000480        -       0x00000001   Zero   RW         1182    .bss.bMinCycleTimeMeasurementStarted  ecatappl.o
    0x20000481        -       0x00000001   Zero   RW         1381    .bss.bNoMbxMemoryAvailable  mailbox.o
    0x20000482        -       0x00000001   Zero   RW         1377    .bss.bReceiveMbxIsLocked  mailbox.o
    0x20000483        -       0x00000001   Zero   RW         1191    .bss.bRunApplication  ecatappl.o
    0x20000484        -       0x00000001   Zero   RW         1440    .bss.bSdoInWork     sdoserv.o
    0x20000485        -       0x00000001   Zero   RW         1443    .bss.bSdoSegAccess  sdoserv.o
    0x20000486        -       0x00000001   Zero   RW         1441    .bss.bSdoSegFollows  sdoserv.o
    0x20000487        -       0x00000001   Zero   RW         1442    .bss.bSdoSegLastToggle  sdoserv.o
    0x20000488        -       0x00000001   Zero   RW         1376    .bss.bSendMbxIsFull  mailbox.o
    0x20000489        -       0x00000001   Zero   RW         1281    .bss.bSmSyncSequenceValid  ecatslv.o
    0x2000048a        -       0x00000001   Zero   RW         1451    .bss.bStoreCompleteAccess  sdoserv.o
    0x2000048b        -       0x00000001   Zero   RW         1419    .bss.bSyncSetByUser  objdef.o
    0x2000048c        -       0x00000001   Zero   RW         1265    .bss.bWdTrigger     ecatslv.o
    0x2000048d   COMPRESSED   0x00000003   PAD
    0x20000490        -       0x00000058   Zero   RW           40    .bss.hspi3          spi.o
    0x200004e8        -       0x00000048   Zero   RW           57    .bss.htim6          tim.o
    0x20000530        -       0x00000048   Zero   RW           58    .bss.htim7          tim.o
    0x20000578        -       0x00000048   Zero   RW         1520    .bss.htimx          my_bsp_ec.o
    0x200005c0        -       0x00000044   Zero   RW           77    .bss.huart1         usart.o
    0x20000604        -       0x00000002   Zero   RW         1285    .bss.i16WaitForPllRunningCnt  ecatslv.o
    0x20000606        -       0x00000002   Zero   RW         1282    .bss.i16WaitForPllRunningTimeout  ecatslv.o
    0x20000608        -       0x00000001   Zero   RW         1261    .bss.nAlStatus      ecatslv.o
    0x20000609   COMPRESSED   0x00000001   PAD
    0x2000060a        -       0x00000002   Zero   RW         1290    .bss.nEcatStateTrans  ecatslv.o
    0x2000060c        -       0x00000002   Zero   RW         1262    .bss.nEscAddrInputData  ecatslv.o
    0x2000060e        -       0x00000002   Zero   RW         1264    .bss.nEscAddrOutputData  ecatslv.o
    0x20000610        -       0x00000002   Zero   RW         1258    .bss.nMaxEscAddress  ecatslv.o
    0x20000612        -       0x00000001   Zero   RW         1266    .bss.nMaxSyncMan    ecatslv.o
    0x20000613   COMPRESSED   0x00000001   PAD
    0x20000614        -       0x00000002   Zero   RW         1260    .bss.nPdInputSize   ecatslv.o
    0x20000616        -       0x00000002   Zero   RW         1263    .bss.nPdOutputSize  ecatslv.o
    0x20000618        -       0x00000002   Zero   RW         1460    .bss.nSdoInfoFragmentsLeft  sdoserv.o
    0x2000061a        -       0x00000002   Zero   RW         1461    .bss.nSdoInfoIndex  sdoserv.o
    0x2000061c        -       0x00000004   Zero   RW         1458    .bss.nSdoSegBytesToHandle  sdoserv.o
    0x20000620        -       0x00000004   Zero   RW         1447    .bss.nSdoSegCompleteSize  sdoserv.o
    0x20000624        -       0x00000002   Zero   RW         1444    .bss.nSdoSegIndex   sdoserv.o
    0x20000626        -       0x00000001   Zero   RW         1449    .bss.nSdoSegService  sdoserv.o
    0x20000627        -       0x00000001   Zero   RW         1445    .bss.nSdoSegSubindex  sdoserv.o
    0x20000628        -       0x00000004   Zero   RW         1187    .bss.pAPPL_MainLoop  ecatappl.o
    0x2000062c        -       0x00000004   Zero   RW         1206    .bss.pCoeSendStored  ecatcoe.o
    0x20000630        -       0x00000004   Zero   RW         1462    .bss.pSdoInfoObjEntry  sdoserv.o
    0x20000634        -       0x00000004   Zero   RW         1456    .bss.pSdoPendFunc   sdoserv.o
    0x20000638        -       0x00000004   Zero   RW         1457    .bss.pSdoResStored  sdoserv.o
    0x2000063c        -       0x00000004   Zero   RW         1448    .bss.pSdoSegData    sdoserv.o
    0x20000640        -       0x00000004   Zero   RW         1446    .bss.pSdoSegObjEntry  sdoserv.o
    0x20000644        -       0x00000004   Zero   RW         1455    .bss.pStoreData     sdoserv.o
    0x20000648        -       0x00000004   Zero   RW         1372    .bss.psReadMbx      mailbox.o
    0x2000064c        -       0x00000004   Zero   RW         1371    .bss.psRepeatMbx    mailbox.o
    0x20000650        -       0x00000004   Zero   RW         1373    .bss.psStoreMbx     mailbox.o
    0x20000654        -       0x00000004   Zero   RW         1370    .bss.psWriteMbx     mailbox.o
    0x20000658        -       0x00000002   Zero   RW         1420    .bss.sCycleDiag     objdef.o
    0x2000065a   COMPRESSED   0x00000002   PAD
    0x2000065c        -       0x00000034   Zero   RW         1368    .bss.sMbxReceiveQueue  mailbox.o
    0x20000690        -       0x00000034   Zero   RW         1369    .bss.sMbxSendQueue  mailbox.o
    0x200006c4        -       0x00000044   Zero   RW         1418    .bss.sSyncManInPar  objdef.o
    0x20000708        -       0x00000044   Zero   RW         1417    .bss.sSyncManOutPar  objdef.o
    0x2000074c        -       0x00000002   Zero   RW         1267    .bss.u16ALEventMask  ecatslv.o
    0x2000074e        -       0x00000002   Zero   RW         1120    .bss.u16ErrorRegister  coeappl.o
    0x20000750        -       0x00000002   Zero   RW         1366    .bss.u16EscAddrReceiveMbx  mailbox.o
    0x20000752        -       0x00000002   Zero   RW         1367    .bss.u16EscAddrSendMbx  mailbox.o
    0x20000754        -       0x00000002   Zero   RW         1284    .bss.u16LocalErrorCode  ecatslv.o
    0x20000756        -       0x00000002   Zero   RW         1364    .bss.u16ReceiveMbxSize  mailbox.o
    0x20000758        -       0x00000002   Zero   RW         1365    .bss.u16SendMbxSize  mailbox.o
    0x2000075a        -       0x00000002   Zero   RW         1274    .bss.u16SmSync0Counter  ecatslv.o
    0x2000075c        -       0x00000002   Zero   RW         1273    .bss.u16SmSync0Value  ecatslv.o
    0x2000075e        -       0x00000002   Zero   RW         1453    .bss.u16StoreIndex  sdoserv.o
    0x20000760        -       0x00000002   Zero   RW         1292    .bss.u16dummy       ecatslv.o
    0x20000762   COMPRESSED   0x00000002   PAD
    0x20000764        -       0x00000004   Zero   RW         1140    .bss.u32CheckForDcOverrunCnt  coeappl.o
    0x20000768        -       0x00000004   Zero   RW         1185    .bss.u32CycleTimeStartValue  ecatappl.o
    0x2000076c        -       0x00000004   Zero   RW         1139    .bss.u32LastDc32Value  coeappl.o
    0x20000770        -       0x00000004   Zero   RW         1181    .bss.u32MinCycleTimeStartValue  ecatappl.o
    0x20000774        -       0x00000004   Zero   RW         1183    .bss.u32MinCycleTimeValue  ecatappl.o
    0x20000778        -       0x00000004   Zero   RW         1454    .bss.u32StoreDataSize  sdoserv.o
    0x2000077c        -       0x00000004   Zero   RW         1186    .bss.u32SystemTimeReadFailure  ecatappl.o
    0x20000780        -       0x00000008   Zero   RW         1101    .bss.u64Timestamp   coeappl.o
    0x20000788        -       0x00000001   Zero   RW         1378    .bss.u8MailboxSendReqStored  mailbox.o
    0x20000789        -       0x00000001   Zero   RW         1380    .bss.u8MbxReadCounter  mailbox.o
    0x2000078a        -       0x00000001   Zero   RW         1379    .bss.u8MbxWriteCounter  mailbox.o
    0x2000078b        -       0x00000001   Zero   RW         1450    .bss.u8PendingSdo   sdoserv.o
    0x2000078c        -       0x00000001   Zero   RW         1452    .bss.u8StoreSubindex  sdoserv.o
    0x2000078d   COMPRESSED   0x00000003   PAD
    0x20000790        -       0x00000004   Zero   RW          590    .bss.uwTick         stm32f4xx_hal.o
    0x20000794   COMPRESSED   0x00000004   PAD
    0x20000798        -       0x00001000   Zero   RW            2    HEAP                startup_stm32f407xx.o
    0x20001798        -       0x00002000   Zero   RW            1    STACK               startup_stm32f407xx.o


    Execution Region RW_IRAM2 (Exec base: 0x2001c000, Load base: 0x080087c8, Size: 0x00000000, Max: 0x00004000, ABSOLUTE)

    **** No section assigned to this execution region ****


==============================================================================

Image component sizes


      Code (inc. data)   RO Data    RW Data    ZI Data      Debug   Object Name

      1200          0       1410        851         22       8922   coeappl.o
      1944          0          0          0        159       8756   ecatappl.o
       140          8          0          0          4       2562   ecatcoe.o
      6328        296          0          0         68      18696   ecatslv.o
       922          0          0          0          4       9717   el9800hw.o
       302          0          0          0          0       2292   gpio.o
      2302          0          0          0        136       9157   mailbox.o
       304         28          0          0          0       2900   main.o
       308          0          0          0         72       7466   my_bsp_ec.o
      3714        250         32         25        139      16765   objdef.o
      3616          0        120          0         67      13093   sdoserv.o
       192          0          0          0         88       5077   spi.o
      1734        112          0          0          0      11390   spidriver.o
       710         84          0         48          0       5835   ssc-device.o
        36          8        392          0      12288        868   startup_stm32f407xx.o
       212          0          0          5          4       7347   stm32f4xx_hal.o
       196          0          0          0          0      10480   stm32f4xx_hal_cortex.o
       458          0          0          0          0       5152   stm32f4xx_hal_gpio.o
        60          0          0          0          0       1654   stm32f4xx_hal_msp.o
      1436          4          0          0          0       7529   stm32f4xx_hal_rcc.o
      1800          0          0          0          0      23268   stm32f4xx_hal_spi.o
       922          0          0          0          0      57941   stm32f4xx_hal_tim.o
       192          0          0          0          0      22247   stm32f4xx_hal_tim_ex.o
       696          0          0          0          0      28049   stm32f4xx_hal_uart.o
        66          0          0          0          0       5019   stm32f4xx_it.o
        18          0         24          4          0       2754   system_stm32f4xx.o
       342          0          0          0        144       7407   tim.o
       208          0          0          0         68       5586   usart.o

    ----------------------------------------------------------------------
     30528        790       2012        940      13280     307929   Object Totals
         0          0         32          0          0          0   (incl. Generated)
       170          0          2          7         17          0   (incl. Padding)

    ----------------------------------------------------------------------

      Code (inc. data)   RO Data    RW Data    ZI Data      Debug   Library Member Name

        86          0          0          0          0          0   __dczerorl2.o
         0          0          0          0          0          0   entry.o
         0          0          0          0          0          0   entry10a.o
         0          0          0          0          0          0   entry11a.o
         8          4          0          0          0          0   entry2.o
         4          0          0          0          0          0   entry5.o
         0          0          0          0          0          0   entry7b.o
         0          0          0          0          0          0   entry8b.o
         8          4          0          0          0          0   entry9a.o
        30          0          0          0          0          0   handlers.o
        48         10          0          0          0         68   init.o
        30          0          0          0          0         68   llshl.o
        32          0          0          0          0         68   llushr.o
       188         20          0          0          0        160   malloc.o
        36          0          0          0          0         68   memcpya.o
        36          0          0          0          0        108   memseta.o
         0          0          0          8          0          0   mvars.o
      1154         54          0          0          0        352   printf8.o
        36          6          0          0          0         80   puts.o
         0          0          0          4          0          0   stdout.o
        14          0          0          0          0         68   strlen.o
        98          0          0          0          0         92   uldiv.o

    ----------------------------------------------------------------------
      1816         98          0         12          0       1132   Library Totals
         8          0          0          0          0          0   (incl. Padding)

    ----------------------------------------------------------------------

      Code (inc. data)   RO Data    RW Data    ZI Data      Debug   Library Name

      1808         98          0         12          0       1132   mc_w.l

    ----------------------------------------------------------------------
      1816         98          0         12          0       1132   Library Totals

    ----------------------------------------------------------------------

==============================================================================


      Code (inc. data)   RO Data    RW Data    ZI Data      Debug   

     32344        888       2012        952      13280     308305   Grand Totals
     32344        888       2012        400      13280     308305   ELF Image Totals (compressed)
     32344        888       2012        400          0          0   ROM Totals

==============================================================================

    Total RO  Size (Code + RO Data)                34356 (  33.55kB)
    Total RW  Size (RW Data + ZI Data)             14232 (  13.90kB)
    Total ROM Size (Code + RO Data + RW Data)      34756 (  33.94kB)

==============================================================================

